01:34:35 loaded init /home/ubuntu/adapter-full/adapter_final.safetensors
01:34:35 drafter block 8 mask 248070 H 5120 | trainable 1924.4 M (full)
01:34:42 pack embed (248320, 5120) block 1024 | lm_head (248320, 5120) block 1024
01:34:48 237 shards in 2 dir(s) (4660000 train tokens in 233 shards), eval 49 docs from 4 held-out shard(s)
01:34:52 [eval init] blocks 2858 | per-position match [0.63, 0.438, 0.324, 0.285, 0.252, 0.221, 0.189] | tokens/cycle 2.64 (ratio 0.235)
01:34:52 train: ~36406 steps (1.0 epoch(s), stride 8, batch 16, lr 2e-05)
01:35:02 step 50/36406 loss 1.933 ema 3.674 lr 1.00e-05 | 0.21 s/step | ETA 125 min | mem 23.7 GB
01:35:11 step 100/36406 loss 2.691 ema 4.037 lr 2.00e-05 | 0.19 s/step | ETA 114 min | mem 23.7 GB
01:35:21 step 150/36406 loss 3.453 ema 4.075 lr 2.00e-05 | 0.19 s/step | ETA 118 min | mem 23.7 GB
01:35:30 step 200/36406 loss 4.816 ema 3.989 lr 2.00e-05 | 0.19 s/step | ETA 114 min | mem 23.7 GB
01:35:40 step 250/36406 loss 2.966 ema 3.930 lr 2.00e-05 | 0.19 s/step | ETA 117 min | mem 23.7 GB
01:35:49 step 300/36406 loss 4.940 ema 4.050 lr 2.00e-05 | 0.19 s/step | ETA 114 min | mem 23.7 GB
01:35:58 step 350/36406 loss 2.376 ema 3.645 lr 2.00e-05 | 0.19 s/step | ETA 113 min | mem 23.7 GB
01:36:08 step 400/36406 loss 3.237 ema 3.797 lr 2.00e-05 | 0.19 s/step | ETA 115 min | mem 23.7 GB
01:36:17 step 450/36406 loss 4.078 ema 3.559 lr 2.00e-05 | 0.19 s/step | ETA 113 min | mem 23.7 GB
01:36:28 step 500/36406 loss 4.019 ema 3.713 lr 2.00e-05 | 0.19 s/step | ETA 115 min | mem 23.7 GB
01:36:32 saved ckpt 81 tensors
01:36:41 step 550/36406 loss 2.139 ema 3.994 lr 2.00e-05 | 0.20 s/step | ETA 119 min | mem 23.7 GB
01:36:50 step 600/36406 loss 5.045 ema 3.718 lr 2.00e-05 | 0.20 s/step | ETA 117 min | mem 23.7 GB
01:37:00 step 650/36406 loss 3.080 ema 3.787 lr 2.00e-05 | 0.20 s/step | ETA 118 min | mem 23.7 GB
01:37:09 step 700/36406 loss 2.468 ema 3.485 lr 2.00e-05 | 0.20 s/step | ETA 117 min | mem 23.7 GB
01:37:20 step 750/36406 loss 4.532 ema 3.506 lr 2.00e-05 | 0.20 s/step | ETA 118 min | mem 23.7 GB
01:37:29 step 800/36406 loss 2.586 ema 3.606 lr 2.00e-05 | 0.20 s/step | ETA 116 min | mem 23.7 GB
01:37:37 step 850/36406 loss 4.296 ema 4.102 lr 2.00e-05 | 0.19 s/step | ETA 115 min | mem 23.7 GB
01:37:48 step 900/36406 loss 4.440 ema 3.576 lr 2.00e-05 | 0.20 s/step | ETA 115 min | mem 23.7 GB
01:37:56 step 950/36406 loss 4.860 ema 3.557 lr 2.00e-05 | 0.19 s/step | ETA 115 min | mem 23.7 GB
01:38:05 step 1000/36406 loss 4.472 ema 3.887 lr 2.00e-05 | 0.19 s/step | ETA 114 min | mem 23.7 GB
01:38:26 saved ckpt 81 tensors
01:38:36 step 1050/36406 loss 3.059 ema 3.840 lr 2.00e-05 | 0.21 s/step | ETA 126 min | mem 23.7 GB
01:38:45 step 1100/36406 loss 3.381 ema 3.638 lr 2.00e-05 | 0.21 s/step | ETA 125 min | mem 23.7 GB
01:38:55 step 1150/36406 loss 4.051 ema 3.451 lr 2.00e-05 | 0.21 s/step | ETA 124 min | mem 23.7 GB
01:39:04 step 1200/36406 loss 2.990 ema 3.457 lr 2.00e-05 | 0.21 s/step | ETA 123 min | mem 23.7 GB
01:39:12 step 1250/36406 loss 2.551 ema 3.336 lr 1.99e-05 | 0.21 s/step | ETA 122 min | mem 23.7 GB
01:39:23 step 1300/36406 loss 3.562 ema 3.431 lr 1.99e-05 | 0.21 s/step | ETA 122 min | mem 23.7 GB
01:39:32 step 1350/36406 loss 4.698 ema 3.790 lr 1.99e-05 | 0.21 s/step | ETA 121 min | mem 23.7 GB
01:39:42 step 1400/36406 loss 4.802 ema 3.174 lr 1.99e-05 | 0.21 s/step | ETA 121 min | mem 23.7 GB
01:39:51 step 1450/36406 loss 2.707 ema 3.168 lr 1.99e-05 | 0.21 s/step | ETA 120 min | mem 23.7 GB
01:39:59 step 1500/36406 loss 4.295 ema 3.415 lr 1.99e-05 | 0.20 s/step | ETA 119 min | mem 23.7 GB
01:40:20 saved ckpt 81 tensors
01:40:31 step 1550/36406 loss 4.289 ema 3.533 lr 1.99e-05 | 0.22 s/step | ETA 127 min | mem 23.7 GB
01:40:39 step 1600/36406 loss 4.371 ema 3.708 lr 1.99e-05 | 0.22 s/step | ETA 126 min | mem 23.7 GB
01:40:50 step 1650/36406 loss 3.267 ema 3.967 lr 1.99e-05 | 0.22 s/step | ETA 126 min | mem 23.7 GB
01:40:59 step 1700/36406 loss 4.594 ema 4.154 lr 1.99e-05 | 0.22 s/step | ETA 125 min | mem 23.7 GB
01:41:07 step 1750/36406 loss 3.909 ema 3.805 lr 1.99e-05 | 0.21 s/step | ETA 124 min | mem 23.7 GB
01:41:18 step 1800/36406 loss 4.112 ema 3.805 lr 1.99e-05 | 0.21 s/step | ETA 124 min | mem 23.7 GB
01:41:26 step 1850/36406 loss 3.619 ema 3.373 lr 1.99e-05 | 0.21 s/step | ETA 123 min | mem 23.7 GB
01:41:37 step 1900/36406 loss 3.176 ema 3.180 lr 1.99e-05 | 0.21 s/step | ETA 122 min | mem 23.7 GB
01:41:45 step 1950/36406 loss 4.943 ema 3.340 lr 1.99e-05 | 0.21 s/step | ETA 122 min | mem 23.7 GB
01:41:54 step 2000/36406 loss 1.948 ema 3.236 lr 1.99e-05 | 0.21 s/step | ETA 121 min | mem 23.7 GB
01:42:14 saved ckpt 81 tensors
01:42:25 step 2050/36406 loss 2.743 ema 3.507 lr 1.99e-05 | 0.22 s/step | ETA 127 min | mem 23.7 GB
01:42:34 step 2100/36406 loss 3.444 ema 3.855 lr 1.99e-05 | 0.22 s/step | ETA 126 min | mem 23.7 GB
01:42:44 step 2150/36406 loss 3.151 ema 3.546 lr 1.98e-05 | 0.22 s/step | ETA 125 min | mem 23.7 GB
01:42:53 step 2200/36406 loss 3.468 ema 3.278 lr 1.98e-05 | 0.22 s/step | ETA 125 min | mem 23.7 GB
01:43:01 step 2250/36406 loss 3.241 ema 3.104 lr 1.98e-05 | 0.22 s/step | ETA 124 min | mem 23.7 GB
01:43:12 step 2300/36406 loss 2.553 ema 3.181 lr 1.98e-05 | 0.22 s/step | ETA 123 min | mem 23.7 GB
01:43:20 step 2350/36406 loss 1.663 ema 3.260 lr 1.98e-05 | 0.22 s/step | ETA 123 min | mem 23.7 GB
01:43:30 step 2400/36406 loss 4.872 ema 3.357 lr 1.98e-05 | 0.22 s/step | ETA 122 min | mem 23.7 GB
01:43:39 step 2450/36406 loss 2.997 ema 3.429 lr 1.98e-05 | 0.22 s/step | ETA 122 min | mem 23.7 GB
01:43:48 step 2500/36406 loss 2.474 ema 3.057 lr 1.98e-05 | 0.21 s/step | ETA 121 min | mem 23.7 GB
01:44:08 saved ckpt 81 tensors
01:44:19 step 2550/36406 loss 4.287 ema 3.512 lr 1.98e-05 | 0.22 s/step | ETA 125 min | mem 23.7 GB
01:44:27 step 2600/36406 loss 2.394 ema 3.237 lr 1.98e-05 | 0.22 s/step | ETA 125 min | mem 23.7 GB
01:44:38 step 2650/36406 loss 3.664 ema 3.566 lr 1.98e-05 | 0.22 s/step | ETA 124 min | mem 23.7 GB
01:44:47 step 2700/36406 loss 3.297 ema 3.651 lr 1.98e-05 | 0.22 s/step | ETA 124 min | mem 23.7 GB
01:44:55 step 2750/36406 loss 1.381 ema 3.344 lr 1.97e-05 | 0.22 s/step | ETA 123 min | mem 23.7 GB
01:45:06 step 2800/36406 loss 3.329 ema 3.224 lr 1.97e-05 | 0.22 s/step | ETA 123 min | mem 23.7 GB
01:45:14 step 2850/36406 loss 3.048 ema 3.017 lr 1.97e-05 | 0.22 s/step | ETA 122 min | mem 23.7 GB
01:45:25 step 2900/36406 loss 3.959 ema 3.029 lr 1.97e-05 | 0.22 s/step | ETA 122 min | mem 23.7 GB
01:45:33 step 2950/36406 loss 4.567 ema 3.455 lr 1.97e-05 | 0.22 s/step | ETA 121 min | mem 23.7 GB
01:45:42 step 3000/36406 loss 4.166 ema 3.296 lr 1.97e-05 | 0.22 s/step | ETA 121 min | mem 23.7 GB
01:46:03 saved ckpt 81 tensors
01:46:13 step 3050/36406 loss 5.224 ema 3.097 lr 1.97e-05 | 0.22 s/step | ETA 124 min | mem 23.7 GB
01:46:22 step 3100/36406 loss 3.715 ema 3.892 lr 1.97e-05 | 0.22 s/step | ETA 124 min | mem 23.7 GB
01:46:32 step 3150/36406 loss 3.993 ema 3.956 lr 1.97e-05 | 0.22 s/step | ETA 123 min | mem 23.7 GB
01:46:41 step 3200/36406 loss 3.551 ema 3.816 lr 1.97e-05 | 0.22 s/step | ETA 123 min | mem 23.7 GB
01:46:50 step 3250/36406 loss 4.666 ema 3.634 lr 1.96e-05 | 0.22 s/step | ETA 122 min | mem 23.7 GB
01:47:00 step 3300/36406 loss 3.729 ema 3.438 lr 1.96e-05 | 0.22 s/step | ETA 122 min | mem 23.7 GB
01:47:09 step 3350/36406 loss 4.126 ema 3.411 lr 1.96e-05 | 0.22 s/step | ETA 121 min | mem 23.7 GB
01:47:19 step 3400/36406 loss 2.617 ema 3.602 lr 1.96e-05 | 0.22 s/step | ETA 121 min | mem 23.7 GB
01:47:28 step 3450/36406 loss 4.410 ema 3.993 lr 1.96e-05 | 0.22 s/step | ETA 120 min | mem 23.7 GB
01:47:36 step 3500/36406 loss 2.441 ema 3.936 lr 1.96e-05 | 0.22 s/step | ETA 120 min | mem 23.7 GB
01:47:57 saved ckpt 81 tensors
01:48:08 step 3550/36406 loss 0.373 ema 2.911 lr 1.96e-05 | 0.22 s/step | ETA 123 min | mem 23.7 GB
01:48:16 step 3600/36406 loss 4.897 ema 3.202 lr 1.96e-05 | 0.22 s/step | ETA 122 min | mem 23.7 GB
01:48:27 step 3650/36406 loss 4.576 ema 3.590 lr 1.96e-05 | 0.22 s/step | ETA 122 min | mem 23.7 GB
01:48:36 step 3700/36406 loss 2.193 ema 3.456 lr 1.95e-05 | 0.22 s/step | ETA 121 min | mem 23.7 GB
01:48:44 step 3750/36406 loss 2.960 ema 3.457 lr 1.95e-05 | 0.22 s/step | ETA 121 min | mem 23.7 GB
01:48:55 step 3800/36406 loss 4.287 ema 3.612 lr 1.95e-05 | 0.22 s/step | ETA 120 min | mem 23.7 GB
01:49:03 step 3850/36406 loss 4.776 ema 3.563 lr 1.95e-05 | 0.22 s/step | ETA 120 min | mem 23.7 GB
01:49:14 step 3900/36406 loss 3.370 ema 3.672 lr 1.95e-05 | 0.22 s/step | ETA 120 min | mem 23.7 GB
01:49:22 step 3950/36406 loss 1.653 ema 2.930 lr 1.95e-05 | 0.22 s/step | ETA 119 min | mem 23.7 GB
01:49:31 step 4000/36406 loss 3.288 ema 3.030 lr 1.95e-05 | 0.22 s/step | ETA 119 min | mem 23.7 GB
01:49:51 saved ckpt 81 tensors
01:50:02 step 4050/36406 loss 4.760 ema 3.342 lr 1.95e-05 | 0.22 s/step | ETA 121 min | mem 23.7 GB
01:50:10 step 4100/36406 loss 3.735 ema 3.603 lr 1.94e-05 | 0.22 s/step | ETA 121 min | mem 23.7 GB
01:50:21 step 4150/36406 loss 2.903 ema 3.477 lr 1.94e-05 | 0.22 s/step | ETA 120 min | mem 23.7 GB
01:50:29 step 4200/36406 loss 2.352 ema 3.193 lr 1.94e-05 | 0.22 s/step | ETA 120 min | mem 23.7 GB
01:50:38 step 4250/36406 loss 3.975 ema 3.080 lr 1.94e-05 | 0.22 s/step | ETA 119 min | mem 23.7 GB
01:50:49 step 4300/36406 loss 0.891 ema 2.717 lr 1.94e-05 | 0.22 s/step | ETA 119 min | mem 23.7 GB
01:50:57 step 4350/36406 loss 2.899 ema 3.054 lr 1.94e-05 | 0.22 s/step | ETA 119 min | mem 23.7 GB
01:51:08 step 4400/36406 loss 3.194 ema 3.374 lr 1.94e-05 | 0.22 s/step | ETA 118 min | mem 23.7 GB
01:51:16 step 4450/36406 loss 3.268 ema 3.163 lr 1.93e-05 | 0.22 s/step | ETA 118 min | mem 23.7 GB
01:51:25 step 4500/36406 loss 2.928 ema 3.097 lr 1.93e-05 | 0.22 s/step | ETA 117 min | mem 23.7 GB
01:51:45 saved ckpt 81 tensors
01:51:56 step 4550/36406 loss 4.355 ema 2.910 lr 1.93e-05 | 0.23 s/step | ETA 119 min | mem 23.7 GB
01:52:04 step 4600/36406 loss 4.007 ema 3.077 lr 1.93e-05 | 0.22 s/step | ETA 119 min | mem 23.7 GB
01:52:15 step 4650/36406 loss 5.143 ema 3.350 lr 1.93e-05 | 0.22 s/step | ETA 119 min | mem 23.7 GB
01:52:23 step 4700/36406 loss 4.281 ema 3.191 lr 1.93e-05 | 0.22 s/step | ETA 118 min | mem 23.7 GB
01:52:32 step 4750/36406 loss 3.708 ema 3.312 lr 1.93e-05 | 0.22 s/step | ETA 118 min | mem 23.7 GB
01:52:42 step 4800/36406 loss 2.486 ema 3.067 lr 1.92e-05 | 0.22 s/step | ETA 117 min | mem 23.7 GB
01:52:51 step 4850/36406 loss 3.003 ema 2.917 lr 1.92e-05 | 0.22 s/step | ETA 117 min | mem 23.7 GB
01:53:01 step 4900/36406 loss 2.665 ema 3.035 lr 1.92e-05 | 0.22 s/step | ETA 117 min | mem 23.7 GB
01:53:10 step 4950/36406 loss 5.386 ema 3.193 lr 1.92e-05 | 0.22 s/step | ETA 116 min | mem 23.7 GB
01:53:19 step 5000/36406 loss 2.755 ema 3.349 lr 1.92e-05 | 0.22 s/step | ETA 116 min | mem 23.7 GB
01:53:39 saved ckpt 81 tensors
01:53:50 step 5050/36406 loss 1.983 ema 2.891 lr 1.92e-05 | 0.23 s/step | ETA 118 min | mem 23.7 GB
01:53:59 step 5100/36406 loss 3.609 ema 3.504 lr 1.91e-05 | 0.22 s/step | ETA 117 min | mem 23.7 GB
01:54:09 step 5150/36406 loss 3.840 ema 2.998 lr 1.91e-05 | 0.22 s/step | ETA 117 min | mem 23.7 GB
01:54:18 step 5200/36406 loss 4.709 ema 2.809 lr 1.91e-05 | 0.22 s/step | ETA 117 min | mem 23.7 GB
01:54:26 step 5250/36406 loss 4.504 ema 3.244 lr 1.91e-05 | 0.22 s/step | ETA 116 min | mem 23.7 GB
01:54:37 step 5300/36406 loss 4.689 ema 3.404 lr 1.91e-05 | 0.22 s/step | ETA 116 min | mem 23.7 GB
01:54:47 step 5350/36406 loss 2.063 ema 3.091 lr 1.91e-05 | 0.22 s/step | ETA 116 min | mem 23.7 GB
01:54:57 step 5400/36406 loss 2.548 ema 2.838 lr 1.90e-05 | 0.22 s/step | ETA 115 min | mem 23.7 GB
01:55:05 step 5450/36406 loss 3.372 ema 2.996 lr 1.90e-05 | 0.22 s/step | ETA 115 min | mem 23.7 GB
01:55:14 step 5500/36406 loss 2.374 ema 2.921 lr 1.90e-05 | 0.22 s/step | ETA 114 min | mem 23.7 GB
01:55:35 saved ckpt 81 tensors
01:55:45 step 5550/36406 loss 2.577 ema 2.925 lr 1.90e-05 | 0.23 s/step | ETA 116 min | mem 23.7 GB
01:55:54 step 5600/36406 loss 3.358 ema 3.252 lr 1.90e-05 | 0.23 s/step | ETA 116 min | mem 23.7 GB
01:56:04 step 5650/36406 loss 3.761 ema 3.328 lr 1.90e-05 | 0.23 s/step | ETA 115 min | mem 23.7 GB
01:56:13 step 5700/36406 loss 3.638 ema 2.884 lr 1.89e-05 | 0.22 s/step | ETA 115 min | mem 23.7 GB
01:56:23 step 5750/36406 loss 4.676 ema 2.786 lr 1.89e-05 | 0.22 s/step | ETA 115 min | mem 23.7 GB
01:56:32 step 5800/36406 loss 4.346 ema 3.489 lr 1.89e-05 | 0.22 s/step | ETA 114 min | mem 23.7 GB
01:56:40 step 5850/36406 loss 4.278 ema 3.688 lr 1.89e-05 | 0.22 s/step | ETA 114 min | mem 23.7 GB
01:56:51 step 5900/36406 loss 3.709 ema 3.320 lr 1.89e-05 | 0.22 s/step | ETA 114 min | mem 23.7 GB
01:56:59 step 5950/36406 loss 2.958 ema 3.169 lr 1.88e-05 | 0.22 s/step | ETA 113 min | mem 23.7 GB
01:57:08 step 6000/36406 loss 1.731 ema 2.999 lr 1.88e-05 | 0.22 s/step | ETA 113 min | mem 23.7 GB
01:57:28 saved ckpt 81 tensors
01:57:38 step 6050/36406 loss 1.876 ema 3.274 lr 1.88e-05 | 0.23 s/step | ETA 114 min | mem 23.7 GB
01:57:47 step 6100/36406 loss 4.814 ema 3.421 lr 1.88e-05 | 0.23 s/step | ETA 114 min | mem 23.7 GB
01:57:57 step 6150/36406 loss 2.420 ema 3.120 lr 1.88e-05 | 0.23 s/step | ETA 114 min | mem 23.7 GB
01:58:06 step 6200/36406 loss 4.411 ema 2.956 lr 1.87e-05 | 0.22 s/step | ETA 113 min | mem 23.7 GB
01:58:14 step 6250/36406 loss 4.202 ema 2.946 lr 1.87e-05 | 0.22 s/step | ETA 113 min | mem 23.7 GB
01:58:24 step 6300/36406 loss 1.806 ema 2.978 lr 1.87e-05 | 0.22 s/step | ETA 112 min | mem 23.7 GB
01:58:33 step 6350/36406 loss 2.766 ema 3.157 lr 1.87e-05 | 0.22 s/step | ETA 112 min | mem 23.7 GB
01:58:43 step 6400/36406 loss 3.304 ema 2.983 lr 1.87e-05 | 0.22 s/step | ETA 112 min | mem 23.7 GB
01:58:52 step 6450/36406 loss 2.719 ema 3.194 lr 1.86e-05 | 0.22 s/step | ETA 111 min | mem 23.7 GB
01:59:01 step 6500/36406 loss 3.049 ema 2.957 lr 1.86e-05 | 0.22 s/step | ETA 111 min | mem 23.7 GB
01:59:21 saved ckpt 81 tensors
01:59:32 step 6550/36406 loss 2.693 ema 2.972 lr 1.86e-05 | 0.23 s/step | ETA 112 min | mem 23.7 GB
01:59:40 step 6600/36406 loss 4.542 ema 3.807 lr 1.86e-05 | 0.23 s/step | ETA 112 min | mem 23.7 GB
01:59:51 step 6650/36406 loss 3.579 ema 3.747 lr 1.86e-05 | 0.23 s/step | ETA 112 min | mem 23.7 GB
02:00:00 step 6700/36406 loss 1.443 ema 3.451 lr 1.85e-05 | 0.23 s/step | ETA 111 min | mem 23.7 GB
02:00:08 step 6750/36406 loss 3.928 ema 3.135 lr 1.85e-05 | 0.22 s/step | ETA 111 min | mem 23.7 GB
02:00:18 step 6800/36406 loss 2.777 ema 2.935 lr 1.85e-05 | 0.22 s/step | ETA 111 min | mem 23.7 GB
02:00:27 step 6850/36406 loss 3.120 ema 2.994 lr 1.85e-05 | 0.22 s/step | ETA 110 min | mem 23.7 GB
02:00:37 step 6900/36406 loss 2.871 ema 2.726 lr 1.85e-05 | 0.22 s/step | ETA 110 min | mem 23.7 GB
02:00:46 step 6950/36406 loss 2.602 ema 2.943 lr 1.84e-05 | 0.22 s/step | ETA 110 min | mem 23.7 GB
02:00:54 step 7000/36406 loss 2.223 ema 3.313 lr 1.84e-05 | 0.22 s/step | ETA 109 min | mem 23.7 GB
02:01:15 saved ckpt 81 tensors
02:01:26 step 7050/36406 loss 2.802 ema 3.210 lr 1.84e-05 | 0.23 s/step | ETA 111 min | mem 23.7 GB
02:01:34 step 7100/36406 loss 1.579 ema 2.760 lr 1.84e-05 | 0.23 s/step | ETA 110 min | mem 23.7 GB
02:01:45 step 7150/36406 loss 3.605 ema 2.928 lr 1.83e-05 | 0.23 s/step | ETA 110 min | mem 23.7 GB
02:01:53 step 7200/36406 loss 3.924 ema 2.899 lr 1.83e-05 | 0.23 s/step | ETA 110 min | mem 23.7 GB
02:02:02 step 7250/36406 loss 4.794 ema 2.838 lr 1.83e-05 | 0.22 s/step | ETA 109 min | mem 23.7 GB
02:02:12 step 7300/36406 loss 0.569 ema 3.109 lr 1.83e-05 | 0.22 s/step | ETA 109 min | mem 23.7 GB
02:02:21 step 7350/36406 loss 2.788 ema 3.363 lr 1.83e-05 | 0.22 s/step | ETA 109 min | mem 23.7 GB
02:02:31 step 7400/36406 loss 3.208 ema 3.528 lr 1.82e-05 | 0.22 s/step | ETA 108 min | mem 23.7 GB
02:02:40 step 7450/36406 loss 3.205 ema 3.413 lr 1.82e-05 | 0.22 s/step | ETA 108 min | mem 23.7 GB
02:02:49 step 7500/36406 loss 2.846 ema 3.035 lr 1.82e-05 | 0.22 s/step | ETA 108 min | mem 23.7 GB
02:03:09 saved ckpt 81 tensors
02:03:20 step 7550/36406 loss 3.169 ema 3.319 lr 1.82e-05 | 0.23 s/step | ETA 109 min | mem 23.7 GB
02:03:29 step 7600/36406 loss 2.541 ema 3.419 lr 1.81e-05 | 0.23 s/step | ETA 108 min | mem 23.7 GB
02:03:39 step 7650/36406 loss 6.186 ema 2.870 lr 1.81e-05 | 0.23 s/step | ETA 108 min | mem 23.7 GB
02:03:48 step 7700/36406 loss 3.962 ema 3.449 lr 1.81e-05 | 0.23 s/step | ETA 108 min | mem 23.7 GB
02:03:56 step 7750/36406 loss 2.899 ema 2.923 lr 1.81e-05 | 0.23 s/step | ETA 107 min | mem 23.7 GB
02:04:07 step 7800/36406 loss 2.878 ema 2.985 lr 1.80e-05 | 0.22 s/step | ETA 107 min | mem 23.7 GB
02:04:15 step 7850/36406 loss 3.158 ema 2.991 lr 1.80e-05 | 0.22 s/step | ETA 107 min | mem 23.7 GB
02:04:25 step 7900/36406 loss 2.945 ema 2.864 lr 1.80e-05 | 0.22 s/step | ETA 107 min | mem 23.7 GB
02:04:34 step 7950/36406 loss 3.116 ema 2.672 lr 1.80e-05 | 0.22 s/step | ETA 106 min | mem 23.7 GB
02:04:43 step 8000/36406 loss 2.341 ema 2.668 lr 1.79e-05 | 0.22 s/step | ETA 106 min | mem 23.7 GB
02:05:03 saved ckpt 81 tensors
02:05:14 step 8050/36406 loss 3.560 ema 2.899 lr 1.79e-05 | 0.23 s/step | ETA 107 min | mem 23.7 GB
02:05:23 step 8100/36406 loss 2.662 ema 3.029 lr 1.79e-05 | 0.23 s/step | ETA 107 min | mem 23.7 GB
02:05:33 step 8150/36406 loss 3.512 ema 2.862 lr 1.79e-05 | 0.23 s/step | ETA 106 min | mem 23.7 GB
02:05:42 step 8200/36406 loss 3.095 ema 3.114 lr 1.78e-05 | 0.23 s/step | ETA 106 min | mem 23.7 GB
02:05:52 step 8250/36406 loss 3.637 ema 2.797 lr 1.78e-05 | 0.23 s/step | ETA 106 min | mem 23.7 GB
02:06:01 step 8300/36406 loss 4.117 ema 3.166 lr 1.78e-05 | 0.23 s/step | ETA 105 min | mem 23.7 GB
02:06:09 step 8350/36406 loss 3.867 ema 3.753 lr 1.78e-05 | 0.22 s/step | ETA 105 min | mem 23.7 GB
02:06:20 step 8400/36406 loss 3.952 ema 3.745 lr 1.77e-05 | 0.22 s/step | ETA 105 min | mem 23.7 GB
02:06:28 step 8450/36406 loss 3.229 ema 3.432 lr 1.77e-05 | 0.22 s/step | ETA 105 min | mem 23.7 GB
02:06:37 step 8500/36406 loss 2.404 ema 3.478 lr 1.77e-05 | 0.22 s/step | ETA 104 min | mem 23.7 GB
02:06:58 saved ckpt 81 tensors
02:07:08 step 8550/36406 loss 0.733 ema 3.053 lr 1.77e-05 | 0.23 s/step | ETA 105 min | mem 23.7 GB
02:07:17 step 8600/36406 loss 2.220 ema 2.843 lr 1.76e-05 | 0.23 s/step | ETA 105 min | mem 23.7 GB
02:07:27 step 8650/36406 loss 3.283 ema 3.169 lr 1.76e-05 | 0.23 s/step | ETA 105 min | mem 23.7 GB
02:07:36 step 8700/36406 loss 4.218 ema 3.252 lr 1.76e-05 | 0.23 s/step | ETA 104 min | mem 23.7 GB
02:07:44 step 8750/36406 loss 2.337 ema 2.693 lr 1.76e-05 | 0.23 s/step | ETA 104 min | mem 23.7 GB
02:07:55 step 8800/36406 loss 1.990 ema 2.608 lr 1.75e-05 | 0.23 s/step | ETA 104 min | mem 23.7 GB
02:08:03 step 8850/36406 loss 4.122 ema 3.074 lr 1.75e-05 | 0.22 s/step | ETA 103 min | mem 23.7 GB
02:08:14 step 8900/36406 loss 2.968 ema 3.115 lr 1.75e-05 | 0.22 s/step | ETA 103 min | mem 23.7 GB
02:08:22 step 8950/36406 loss 2.634 ema 2.629 lr 1.74e-05 | 0.22 s/step | ETA 103 min | mem 23.7 GB
02:08:31 step 9000/36406 loss 4.751 ema 3.358 lr 1.74e-05 | 0.22 s/step | ETA 102 min | mem 23.7 GB
02:08:51 saved ckpt 81 tensors
02:09:02 step 9050/36406 loss 1.600 ema 3.053 lr 1.74e-05 | 0.23 s/step | ETA 103 min | mem 23.7 GB
02:09:11 step 9100/36406 loss 3.327 ema 3.041 lr 1.74e-05 | 0.23 s/step | ETA 103 min | mem 23.7 GB
02:09:21 step 9150/36406 loss 2.998 ema 2.664 lr 1.73e-05 | 0.23 s/step | ETA 103 min | mem 23.7 GB
02:09:29 step 9200/36406 loss 1.301 ema 2.685 lr 1.73e-05 | 0.23 s/step | ETA 102 min | mem 23.7 GB
02:09:38 step 9250/36406 loss 1.963 ema 2.712 lr 1.73e-05 | 0.23 s/step | ETA 102 min | mem 23.7 GB
02:09:48 step 9300/36406 loss 2.967 ema 3.242 lr 1.73e-05 | 0.23 s/step | ETA 102 min | mem 23.7 GB
02:09:57 step 9350/36406 loss 3.323 ema 3.224 lr 1.72e-05 | 0.23 s/step | ETA 102 min | mem 23.7 GB
02:10:07 step 9400/36406 loss 4.035 ema 3.328 lr 1.72e-05 | 0.23 s/step | ETA 101 min | mem 23.7 GB
02:10:16 step 9450/36406 loss 3.515 ema 3.363 lr 1.72e-05 | 0.22 s/step | ETA 101 min | mem 23.7 GB
02:10:25 step 9500/36406 loss 4.061 ema 3.858 lr 1.71e-05 | 0.22 s/step | ETA 101 min | mem 23.7 GB
02:10:45 saved ckpt 81 tensors
02:10:56 step 9550/36406 loss 3.060 ema 3.402 lr 1.71e-05 | 0.23 s/step | ETA 101 min | mem 23.7 GB
02:11:05 step 9600/36406 loss 1.562 ema 2.859 lr 1.71e-05 | 0.23 s/step | ETA 101 min | mem 23.7 GB
02:11:15 step 9650/36406 loss 4.483 ema 3.389 lr 1.71e-05 | 0.23 s/step | ETA 101 min | mem 23.7 GB
02:11:24 step 9700/36406 loss 1.947 ema 3.164 lr 1.70e-05 | 0.23 s/step | ETA 101 min | mem 23.7 GB
02:11:32 step 9750/36406 loss 4.176 ema 3.254 lr 1.70e-05 | 0.23 s/step | ETA 100 min | mem 23.7 GB
02:11:43 step 9800/36406 loss 1.332 ema 3.259 lr 1.70e-05 | 0.23 s/step | ETA 100 min | mem 23.7 GB
02:11:51 step 9850/36406 loss 4.014 ema 3.027 lr 1.69e-05 | 0.23 s/step | ETA 100 min | mem 23.7 GB
02:12:02 step 9900/36406 loss 4.538 ema 3.142 lr 1.69e-05 | 0.23 s/step | ETA 99 min | mem 23.7 GB
02:12:10 step 9950/36406 loss 3.798 ema 3.706 lr 1.69e-05 | 0.22 s/step | ETA 99 min | mem 23.7 GB
02:12:19 step 10000/36406 loss 3.243 ema 3.654 lr 1.69e-05 | 0.22 s/step | ETA 99 min | mem 23.7 GB
02:12:39 saved ckpt 81 tensors
02:12:50 step 10050/36406 loss 4.216 ema 3.717 lr 1.68e-05 | 0.23 s/step | ETA 100 min | mem 23.7 GB
02:12:59 step 10100/36406 loss 2.342 ema 3.439 lr 1.68e-05 | 0.23 s/step | ETA 99 min | mem 23.7 GB
02:13:09 step 10150/36406 loss 5.191 ema 3.183 lr 1.68e-05 | 0.23 s/step | ETA 99 min | mem 23.7 GB
02:13:18 step 10200/36406 loss 4.389 ema 3.052 lr 1.67e-05 | 0.23 s/step | ETA 99 min | mem 23.7 GB
02:13:26 step 10250/36406 loss 2.338 ema 3.290 lr 1.67e-05 | 0.23 s/step | ETA 98 min | mem 23.7 GB
02:13:37 step 10300/36406 loss 4.474 ema 3.968 lr 1.67e-05 | 0.23 s/step | ETA 98 min | mem 23.7 GB
02:13:45 step 10350/36406 loss 4.625 ema 3.496 lr 1.66e-05 | 0.23 s/step | ETA 98 min | mem 23.7 GB
02:13:56 step 10400/36406 loss 3.087 ema 3.157 lr 1.66e-05 | 0.23 s/step | ETA 98 min | mem 23.7 GB
02:14:04 step 10450/36406 loss 3.990 ema 3.269 lr 1.66e-05 | 0.23 s/step | ETA 97 min | mem 23.7 GB
02:14:13 step 10500/36406 loss 1.948 ema 3.250 lr 1.66e-05 | 0.22 s/step | ETA 97 min | mem 23.7 GB
02:14:33 saved ckpt 81 tensors
02:14:44 step 10550/36406 loss 2.828 ema 3.228 lr 1.65e-05 | 0.23 s/step | ETA 98 min | mem 23.7 GB
02:14:53 step 10600/36406 loss 4.905 ema 2.927 lr 1.65e-05 | 0.23 s/step | ETA 97 min | mem 23.7 GB
02:15:03 step 10650/36406 loss 4.513 ema 3.362 lr 1.65e-05 | 0.23 s/step | ETA 97 min | mem 23.7 GB
02:15:12 step 10700/36406 loss 4.101 ema 3.888 lr 1.64e-05 | 0.23 s/step | ETA 97 min | mem 23.7 GB
02:15:21 step 10750/36406 loss 3.044 ema 3.727 lr 1.64e-05 | 0.23 s/step | ETA 97 min | mem 23.7 GB
02:15:31 step 10800/36406 loss 5.282 ema 3.830 lr 1.64e-05 | 0.23 s/step | ETA 96 min | mem 23.7 GB
02:15:40 step 10850/36406 loss 3.664 ema 3.360 lr 1.63e-05 | 0.23 s/step | ETA 96 min | mem 23.7 GB
02:15:50 step 10900/36406 loss 2.994 ema 2.945 lr 1.63e-05 | 0.23 s/step | ETA 96 min | mem 23.7 GB
02:15:59 step 10950/36406 loss 4.405 ema 3.609 lr 1.63e-05 | 0.23 s/step | ETA 96 min | mem 23.7 GB
02:16:08 step 11000/36406 loss 2.911 ema 3.564 lr 1.62e-05 | 0.23 s/step | ETA 95 min | mem 23.7 GB
02:16:28 saved ckpt 81 tensors
02:16:39 step 11050/36406 loss 2.329 ema 3.470 lr 1.62e-05 | 0.23 s/step | ETA 96 min | mem 23.7 GB
02:16:47 step 11100/36406 loss 3.094 ema 3.152 lr 1.62e-05 | 0.23 s/step | ETA 96 min | mem 23.7 GB
02:16:58 step 11150/36406 loss 2.783 ema 2.767 lr 1.61e-05 | 0.23 s/step | ETA 95 min | mem 23.7 GB
02:17:06 step 11200/36406 loss 2.718 ema 3.023 lr 1.61e-05 | 0.23 s/step | ETA 95 min | mem 23.7 GB
02:17:15 step 11250/36406 loss 4.164 ema 2.879 lr 1.61e-05 | 0.23 s/step | ETA 95 min | mem 23.7 GB
02:17:25 step 11300/36406 loss 2.421 ema 3.046 lr 1.61e-05 | 0.23 s/step | ETA 95 min | mem 23.7 GB
02:17:34 step 11350/36406 loss 2.656 ema 3.131 lr 1.60e-05 | 0.23 s/step | ETA 94 min | mem 23.7 GB
02:17:44 step 11400/36406 loss 3.509 ema 2.909 lr 1.60e-05 | 0.23 s/step | ETA 94 min | mem 23.7 GB
02:17:53 step 11450/36406 loss 3.085 ema 2.768 lr 1.60e-05 | 0.23 s/step | ETA 94 min | mem 23.7 GB
02:18:02 step 11500/36406 loss 2.313 ema 3.029 lr 1.59e-05 | 0.23 s/step | ETA 93 min | mem 23.7 GB
02:18:22 saved ckpt 81 tensors
02:18:33 step 11550/36406 loss 3.444 ema 3.595 lr 1.59e-05 | 0.23 s/step | ETA 94 min | mem 23.7 GB
02:18:42 step 11600/36406 loss 3.061 ema 3.561 lr 1.59e-05 | 0.23 s/step | ETA 94 min | mem 23.7 GB
02:18:52 step 11650/36406 loss 2.361 ema 3.376 lr 1.58e-05 | 0.23 s/step | ETA 93 min | mem 23.7 GB
02:19:01 step 11700/36406 loss 2.896 ema 3.634 lr 1.58e-05 | 0.23 s/step | ETA 93 min | mem 23.7 GB
02:19:09 step 11750/36406 loss 3.405 ema 3.358 lr 1.58e-05 | 0.23 s/step | ETA 93 min | mem 23.7 GB
02:19:20 step 11800/36406 loss 4.197 ema 2.932 lr 1.57e-05 | 0.23 s/step | ETA 93 min | mem 23.7 GB
02:19:28 step 11850/36406 loss 4.946 ema 3.480 lr 1.57e-05 | 0.23 s/step | ETA 92 min | mem 23.7 GB
02:19:37 step 11900/36406 loss 2.813 ema 3.719 lr 1.57e-05 | 0.23 s/step | ETA 92 min | mem 23.7 GB
02:19:47 step 11950/36406 loss 2.073 ema 3.539 lr 1.56e-05 | 0.23 s/step | ETA 92 min | mem 23.7 GB
02:19:56 step 12000/36406 loss 1.858 ema 3.552 lr 1.56e-05 | 0.23 s/step | ETA 92 min | mem 23.7 GB
02:20:17 saved ckpt 81 tensors
02:20:27 step 12050/36406 loss 2.741 ema 3.328 lr 1.56e-05 | 0.23 s/step | ETA 92 min | mem 23.7 GB
02:20:36 step 12100/36406 loss 3.001 ema 3.002 lr 1.55e-05 | 0.23 s/step | ETA 92 min | mem 23.7 GB
02:20:44 step 12150/36406 loss 3.830 ema 3.104 lr 1.55e-05 | 0.23 s/step | ETA 92 min | mem 23.7 GB
02:20:55 step 12200/36406 loss 3.641 ema 3.503 lr 1.55e-05 | 0.23 s/step | ETA 91 min | mem 23.7 GB
02:21:03 step 12250/36406 loss 4.079 ema 3.472 lr 1.54e-05 | 0.23 s/step | ETA 91 min | mem 23.7 GB
02:21:14 step 12300/36406 loss 4.377 ema 3.950 lr 1.54e-05 | 0.23 s/step | ETA 91 min | mem 23.7 GB
02:21:22 step 12350/36406 loss 4.405 ema 3.378 lr 1.54e-05 | 0.23 s/step | ETA 91 min | mem 23.7 GB
02:21:31 step 12400/36406 loss 3.973 ema 3.585 lr 1.53e-05 | 0.23 s/step | ETA 90 min | mem 23.7 GB
02:21:42 step 12450/36406 loss 4.272 ema 3.969 lr 1.53e-05 | 0.23 s/step | ETA 90 min | mem 23.7 GB
02:21:50 step 12500/36406 loss 4.620 ema 3.227 lr 1.53e-05 | 0.23 s/step | ETA 90 min | mem 23.7 GB
02:22:11 saved ckpt 81 tensors
02:22:21 step 12550/36406 loss 3.626 ema 3.265 lr 1.52e-05 | 0.23 s/step | ETA 90 min | mem 23.7 GB
02:22:30 step 12600/36406 loss 2.724 ema 3.417 lr 1.52e-05 | 0.23 s/step | ETA 90 min | mem 23.7 GB
02:22:39 step 12650/36406 loss 1.667 ema 3.320 lr 1.52e-05 | 0.23 s/step | ETA 90 min | mem 23.7 GB
02:22:49 step 12700/36406 loss 3.910 ema 3.272 lr 1.51e-05 | 0.23 s/step | ETA 90 min | mem 23.7 GB
02:22:57 step 12750/36406 loss 3.062 ema 3.266 lr 1.51e-05 | 0.23 s/step | ETA 89 min | mem 23.7 GB
02:23:08 step 12800/36406 loss 1.722 ema 3.122 lr 1.50e-05 | 0.23 s/step | ETA 89 min | mem 23.7 GB
02:23:16 step 12850/36406 loss 3.758 ema 3.059 lr 1.50e-05 | 0.23 s/step | ETA 89 min | mem 23.7 GB
02:23:25 step 12900/36406 loss 1.878 ema 2.836 lr 1.50e-05 | 0.23 s/step | ETA 88 min | mem 23.7 GB
02:23:35 step 12950/36406 loss 4.219 ema 3.146 lr 1.49e-05 | 0.23 s/step | ETA 88 min | mem 23.7 GB
02:23:44 step 13000/36406 loss 1.729 ema 3.199 lr 1.49e-05 | 0.23 s/step | ETA 88 min | mem 23.7 GB
02:24:05 saved ckpt 81 tensors
02:24:13 step 13050/36406 loss 2.399 ema 2.563 lr 1.49e-05 | 0.23 s/step | ETA 88 min | mem 23.7 GB
02:24:24 step 13100/36406 loss 3.355 ema 3.447 lr 1.48e-05 | 0.23 s/step | ETA 88 min | mem 23.7 GB
02:24:32 step 13150/36406 loss 4.427 ema 3.575 lr 1.48e-05 | 0.23 s/step | ETA 88 min | mem 23.7 GB
02:24:43 step 13200/36406 loss 2.999 ema 3.495 lr 1.48e-05 | 0.23 s/step | ETA 88 min | mem 23.7 GB
02:24:51 step 13250/36406 loss 4.938 ema 3.792 lr 1.47e-05 | 0.23 s/step | ETA 87 min | mem 23.7 GB
02:25:00 step 13300/36406 loss 4.352 ema 3.910 lr 1.47e-05 | 0.23 s/step | ETA 87 min | mem 23.7 GB
02:25:11 step 13350/36406 loss 4.214 ema 3.724 lr 1.47e-05 | 0.23 s/step | ETA 87 min | mem 23.7 GB
02:25:20 step 13400/36406 loss 4.154 ema 3.930 lr 1.46e-05 | 0.23 s/step | ETA 87 min | mem 23.7 GB
02:25:30 step 13450/36406 loss 3.092 ema 3.706 lr 1.46e-05 | 0.23 s/step | ETA 86 min | mem 23.7 GB
02:25:39 step 13500/36406 loss 3.868 ema 2.827 lr 1.46e-05 | 0.23 s/step | ETA 86 min | mem 23.7 GB
02:25:59 saved ckpt 81 tensors
02:26:08 step 13550/36406 loss 4.898 ema 3.079 lr 1.45e-05 | 0.23 s/step | ETA 86 min | mem 23.7 GB
02:26:19 step 13600/36406 loss 5.297 ema 3.742 lr 1.45e-05 | 0.23 s/step | ETA 86 min | mem 23.7 GB
02:26:27 step 13650/36406 loss 4.866 ema 3.539 lr 1.44e-05 | 0.23 s/step | ETA 86 min | mem 23.7 GB
02:26:38 step 13700/36406 loss 2.913 ema 3.279 lr 1.44e-05 | 0.23 s/step | ETA 86 min | mem 23.7 GB
02:26:46 step 13750/36406 loss 2.544 ema 2.701 lr 1.44e-05 | 0.23 s/step | ETA 86 min | mem 23.7 GB
02:26:55 step 13800/36406 loss 3.559 ema 2.805 lr 1.43e-05 | 0.23 s/step | ETA 85 min | mem 23.7 GB
02:27:05 step 13850/36406 loss 4.033 ema 3.335 lr 1.43e-05 | 0.23 s/step | ETA 85 min | mem 23.7 GB
02:27:14 step 13900/36406 loss 2.252 ema 3.314 lr 1.43e-05 | 0.23 s/step | ETA 85 min | mem 23.7 GB
02:27:24 step 13950/36406 loss 2.686 ema 3.294 lr 1.42e-05 | 0.23 s/step | ETA 85 min | mem 23.7 GB
02:27:33 step 14000/36406 loss 2.371 ema 3.027 lr 1.42e-05 | 0.23 s/step | ETA 84 min | mem 23.7 GB
02:27:53 saved ckpt 81 tensors
02:28:02 step 14050/36406 loss 1.903 ema 2.886 lr 1.42e-05 | 0.23 s/step | ETA 85 min | mem 23.7 GB
02:28:13 step 14100/36406 loss 3.382 ema 2.979 lr 1.41e-05 | 0.23 s/step | ETA 84 min | mem 23.7 GB
02:28:21 step 14150/36406 loss 3.133 ema 2.689 lr 1.41e-05 | 0.23 s/step | ETA 84 min | mem 23.7 GB
02:28:31 step 14200/36406 loss 3.204 ema 2.821 lr 1.40e-05 | 0.23 s/step | ETA 84 min | mem 23.7 GB
02:28:40 step 14250/36406 loss 3.931 ema 2.952 lr 1.40e-05 | 0.23 s/step | ETA 84 min | mem 23.7 GB
02:28:49 step 14300/36406 loss 4.862 ema 3.495 lr 1.40e-05 | 0.23 s/step | ETA 83 min | mem 23.7 GB
02:28:59 step 14350/36406 loss 3.003 ema 2.936 lr 1.39e-05 | 0.23 s/step | ETA 83 min | mem 23.7 GB
02:29:08 step 14400/36406 loss 0.792 ema 2.530 lr 1.39e-05 | 0.23 s/step | ETA 83 min | mem 23.7 GB
02:29:18 step 14450/36406 loss 3.864 ema 3.370 lr 1.39e-05 | 0.23 s/step | ETA 83 min | mem 23.7 GB
02:29:27 step 14500/36406 loss 3.542 ema 3.521 lr 1.38e-05 | 0.23 s/step | ETA 82 min | mem 23.7 GB
02:29:47 saved ckpt 81 tensors
02:29:56 step 14550/36406 loss 4.971 ema 3.083 lr 1.38e-05 | 0.23 s/step | ETA 83 min | mem 23.7 GB
02:30:07 step 14600/36406 loss 2.875 ema 3.532 lr 1.38e-05 | 0.23 s/step | ETA 83 min | mem 23.7 GB
02:30:15 step 14650/36406 loss 3.603 ema 2.817 lr 1.37e-05 | 0.23 s/step | ETA 82 min | mem 23.7 GB
02:30:26 step 14700/36406 loss 2.588 ema 3.213 lr 1.37e-05 | 0.23 s/step | ETA 82 min | mem 23.7 GB
02:30:34 step 14750/36406 loss 4.101 ema 3.092 lr 1.36e-05 | 0.23 s/step | ETA 82 min | mem 23.7 GB
02:30:43 step 14800/36406 loss 2.561 ema 3.326 lr 1.36e-05 | 0.23 s/step | ETA 82 min | mem 23.7 GB
02:30:53 step 14850/36406 loss 2.672 ema 2.547 lr 1.36e-05 | 0.23 s/step | ETA 81 min | mem 23.7 GB
02:31:02 step 14900/36406 loss 2.601 ema 2.840 lr 1.35e-05 | 0.23 s/step | ETA 81 min | mem 23.7 GB
02:31:12 step 14950/36406 loss 2.202 ema 2.706 lr 1.35e-05 | 0.23 s/step | ETA 81 min | mem 23.7 GB
02:31:21 step 15000/36406 loss 3.578 ema 2.878 lr 1.35e-05 | 0.23 s/step | ETA 81 min | mem 23.7 GB
02:31:41 saved ckpt 81 tensors
02:31:50 step 15050/36406 loss 2.436 ema 2.719 lr 1.34e-05 | 0.23 s/step | ETA 81 min | mem 23.7 GB
02:32:00 step 15100/36406 loss 4.633 ema 3.498 lr 1.34e-05 | 0.23 s/step | ETA 81 min | mem 23.7 GB
02:32:09 step 15150/36406 loss 0.893 ema 3.886 lr 1.33e-05 | 0.23 s/step | ETA 80 min | mem 23.7 GB
02:32:20 step 15200/36406 loss 3.969 ema 3.499 lr 1.33e-05 | 0.23 s/step | ETA 80 min | mem 23.7 GB
02:32:28 step 15250/36406 loss 5.884 ema 3.223 lr 1.33e-05 | 0.23 s/step | ETA 80 min | mem 23.7 GB
02:32:37 step 15300/36406 loss 2.225 ema 3.055 lr 1.32e-05 | 0.23 s/step | ETA 80 min | mem 23.7 GB
02:32:47 step 15350/36406 loss 3.707 ema 3.347 lr 1.32e-05 | 0.23 s/step | ETA 79 min | mem 23.7 GB
02:32:56 step 15400/36406 loss 4.803 ema 3.571 lr 1.32e-05 | 0.23 s/step | ETA 79 min | mem 23.7 GB
02:33:06 step 15450/36406 loss 3.263 ema 3.349 lr 1.31e-05 | 0.23 s/step | ETA 79 min | mem 23.7 GB
02:33:15 step 15500/36406 loss 3.133 ema 3.100 lr 1.31e-05 | 0.23 s/step | ETA 79 min | mem 23.7 GB
02:33:36 saved ckpt 81 tensors
02:33:44 step 15550/36406 loss 3.334 ema 3.130 lr 1.30e-05 | 0.23 s/step | ETA 79 min | mem 23.7 GB
02:33:55 step 15600/36406 loss 4.420 ema 3.373 lr 1.30e-05 | 0.23 s/step | ETA 79 min | mem 23.7 GB
02:34:03 step 15650/36406 loss 4.727 ema 4.003 lr 1.30e-05 | 0.23 s/step | ETA 79 min | mem 23.7 GB
02:34:14 step 15700/36406 loss 1.835 ema 3.691 lr 1.29e-05 | 0.23 s/step | ETA 78 min | mem 23.7 GB
02:34:22 step 15750/36406 loss 3.562 ema 3.019 lr 1.29e-05 | 0.23 s/step | ETA 78 min | mem 23.7 GB
02:34:31 step 15800/36406 loss 2.878 ema 2.939 lr 1.29e-05 | 0.23 s/step | ETA 78 min | mem 23.7 GB
02:34:41 step 15850/36406 loss 4.248 ema 3.345 lr 1.28e-05 | 0.23 s/step | ETA 78 min | mem 23.7 GB
02:34:50 step 15900/36406 loss 3.211 ema 3.082 lr 1.28e-05 | 0.23 s/step | ETA 77 min | mem 23.7 GB
02:35:00 step 15950/36406 loss 3.011 ema 2.970 lr 1.27e-05 | 0.23 s/step | ETA 77 min | mem 23.7 GB
02:35:09 step 16000/36406 loss 2.489 ema 3.125 lr 1.27e-05 | 0.23 s/step | ETA 77 min | mem 23.7 GB
02:35:30 saved ckpt 81 tensors
02:35:39 step 16050/36406 loss 2.924 ema 2.961 lr 1.27e-05 | 0.23 s/step | ETA 77 min | mem 23.7 GB
02:35:50 step 16100/36406 loss 2.759 ema 2.644 lr 1.26e-05 | 0.23 s/step | ETA 77 min | mem 23.7 GB
02:35:58 step 16150/36406 loss 1.952 ema 2.741 lr 1.26e-05 | 0.23 s/step | ETA 77 min | mem 23.7 GB
02:36:09 step 16200/36406 loss 4.583 ema 3.240 lr 1.25e-05 | 0.23 s/step | ETA 76 min | mem 23.7 GB
02:36:17 step 16250/36406 loss 5.152 ema 3.415 lr 1.25e-05 | 0.23 s/step | ETA 76 min | mem 23.7 GB
02:36:26 step 16300/36406 loss 2.884 ema 3.064 lr 1.25e-05 | 0.23 s/step | ETA 76 min | mem 23.7 GB
02:36:36 step 16350/36406 loss 5.692 ema 3.556 lr 1.24e-05 | 0.23 s/step | ETA 76 min | mem 23.7 GB
02:36:45 step 16400/36406 loss 4.980 ema 3.934 lr 1.24e-05 | 0.23 s/step | ETA 75 min | mem 23.7 GB
02:36:55 step 16450/36406 loss 2.718 ema 3.003 lr 1.24e-05 | 0.23 s/step | ETA 75 min | mem 23.7 GB
02:37:04 step 16500/36406 loss 3.057 ema 3.068 lr 1.23e-05 | 0.23 s/step | ETA 75 min | mem 23.7 GB
02:37:25 saved ckpt 81 tensors
02:37:34 step 16550/36406 loss 2.529 ema 3.238 lr 1.23e-05 | 0.23 s/step | ETA 75 min | mem 23.7 GB
02:37:44 step 16600/36406 loss 3.445 ema 3.379 lr 1.22e-05 | 0.23 s/step | ETA 75 min | mem 23.7 GB
02:37:53 step 16650/36406 loss 1.605 ema 3.079 lr 1.22e-05 | 0.23 s/step | ETA 75 min | mem 23.7 GB
02:38:03 step 16700/36406 loss 3.574 ema 3.249 lr 1.22e-05 | 0.23 s/step | ETA 75 min | mem 23.7 GB
02:38:12 step 16750/36406 loss 1.424 ema 3.182 lr 1.21e-05 | 0.23 s/step | ETA 74 min | mem 23.7 GB
02:38:20 step 16800/36406 loss 3.251 ema 3.217 lr 1.21e-05 | 0.23 s/step | ETA 74 min | mem 23.7 GB
02:38:31 step 16850/36406 loss 4.272 ema 2.807 lr 1.20e-05 | 0.23 s/step | ETA 74 min | mem 23.7 GB
02:38:40 step 16900/36406 loss 4.469 ema 3.436 lr 1.20e-05 | 0.23 s/step | ETA 74 min | mem 23.7 GB
02:38:50 step 16950/36406 loss 2.643 ema 3.483 lr 1.20e-05 | 0.23 s/step | ETA 73 min | mem 23.7 GB
02:38:59 step 17000/36406 loss 3.794 ema 2.689 lr 1.19e-05 | 0.23 s/step | ETA 73 min | mem 23.7 GB
02:39:19 saved ckpt 81 tensors
02:39:28 step 17050/36406 loss 2.616 ema 2.676 lr 1.19e-05 | 0.23 s/step | ETA 73 min | mem 23.7 GB
02:39:39 step 17100/36406 loss 3.544 ema 2.894 lr 1.19e-05 | 0.23 s/step | ETA 73 min | mem 23.7 GB
02:39:47 step 17150/36406 loss 2.511 ema 2.946 lr 1.18e-05 | 0.23 s/step | ETA 73 min | mem 23.7 GB
02:39:57 step 17200/36406 loss 4.266 ema 2.844 lr 1.18e-05 | 0.23 s/step | ETA 73 min | mem 23.7 GB
02:40:06 step 17250/36406 loss 3.517 ema 2.941 lr 1.17e-05 | 0.23 s/step | ETA 72 min | mem 23.7 GB
02:40:15 step 17300/36406 loss 2.754 ema 3.313 lr 1.17e-05 | 0.23 s/step | ETA 72 min | mem 23.7 GB
02:40:25 step 17350/36406 loss 4.590 ema 3.403 lr 1.17e-05 | 0.23 s/step | ETA 72 min | mem 23.7 GB
02:40:34 step 17400/36406 loss 5.307 ema 3.603 lr 1.16e-05 | 0.23 s/step | ETA 72 min | mem 23.7 GB
02:40:43 step 17450/36406 loss 2.458 ema 3.471 lr 1.16e-05 | 0.23 s/step | ETA 72 min | mem 23.7 GB
02:40:51 step 17500/36406 loss 3.551 ema 3.493 lr 1.15e-05 | 0.23 s/step | ETA 71 min | mem 23.7 GB
02:41:12 saved ckpt 81 tensors
02:41:21 step 17550/36406 loss 2.180 ema 3.448 lr 1.15e-05 | 0.23 s/step | ETA 71 min | mem 23.7 GB
02:41:31 step 17600/36406 loss 1.178 ema 2.936 lr 1.15e-05 | 0.23 s/step | ETA 71 min | mem 23.7 GB
02:41:40 step 17650/36406 loss 3.155 ema 2.948 lr 1.14e-05 | 0.23 s/step | ETA 71 min | mem 23.7 GB
02:41:50 step 17700/36406 loss 3.199 ema 3.091 lr 1.14e-05 | 0.23 s/step | ETA 71 min | mem 23.7 GB
02:41:59 step 17750/36406 loss 2.335 ema 3.156 lr 1.14e-05 | 0.23 s/step | ETA 71 min | mem 23.7 GB
02:42:07 step 17800/36406 loss 3.532 ema 3.027 lr 1.13e-05 | 0.23 s/step | ETA 70 min | mem 23.7 GB
02:42:18 step 17850/36406 loss 3.870 ema 3.260 lr 1.13e-05 | 0.23 s/step | ETA 70 min | mem 23.7 GB
02:42:26 step 17900/36406 loss 4.081 ema 2.998 lr 1.12e-05 | 0.23 s/step | ETA 70 min | mem 23.7 GB
02:42:37 step 17950/36406 loss 2.933 ema 3.121 lr 1.12e-05 | 0.23 s/step | ETA 70 min | mem 23.7 GB
02:42:46 step 18000/36406 loss 2.037 ema 3.205 lr 1.12e-05 | 0.23 s/step | ETA 69 min | mem 23.7 GB
02:43:06 saved ckpt 81 tensors
02:43:15 step 18050/36406 loss 4.836 ema 3.225 lr 1.11e-05 | 0.23 s/step | ETA 70 min | mem 23.7 GB
02:43:26 step 18100/36406 loss 2.775 ema 3.362 lr 1.11e-05 | 0.23 s/step | ETA 69 min | mem 23.7 GB
02:43:34 step 18150/36406 loss 3.466 ema 3.404 lr 1.10e-05 | 0.23 s/step | ETA 69 min | mem 23.7 GB
02:43:43 step 18200/36406 loss 1.821 ema 2.974 lr 1.10e-05 | 0.23 s/step | ETA 69 min | mem 23.7 GB
02:43:52 step 18250/36406 loss 2.925 ema 2.923 lr 1.10e-05 | 0.23 s/step | ETA 69 min | mem 23.7 GB
02:44:01 step 18300/36406 loss 0.758 ema 3.069 lr 1.09e-05 | 0.23 s/step | ETA 68 min | mem 23.7 GB
02:44:11 step 18350/36406 loss 2.685 ema 2.795 lr 1.09e-05 | 0.23 s/step | ETA 68 min | mem 23.7 GB
02:44:20 step 18400/36406 loss 4.672 ema 2.801 lr 1.08e-05 | 0.23 s/step | ETA 68 min | mem 23.7 GB
02:44:30 step 18450/36406 loss 4.216 ema 3.103 lr 1.08e-05 | 0.23 s/step | ETA 68 min | mem 23.7 GB
02:44:39 step 18500/36406 loss 3.220 ema 3.599 lr 1.08e-05 | 0.23 s/step | ETA 68 min | mem 23.7 GB
02:44:59 saved ckpt 81 tensors
02:45:08 step 18550/36406 loss 2.282 ema 3.287 lr 1.07e-05 | 0.23 s/step | ETA 68 min | mem 23.7 GB
02:45:19 step 18600/36406 loss 4.841 ema 3.725 lr 1.07e-05 | 0.23 s/step | ETA 67 min | mem 23.7 GB
02:45:27 step 18650/36406 loss 3.027 ema 3.246 lr 1.07e-05 | 0.23 s/step | ETA 67 min | mem 23.7 GB
02:45:38 step 18700/36406 loss 3.627 ema 3.272 lr 1.06e-05 | 0.23 s/step | ETA 67 min | mem 23.7 GB
02:45:47 step 18750/36406 loss 2.808 ema 3.016 lr 1.06e-05 | 0.23 s/step | ETA 67 min | mem 23.7 GB
02:45:55 step 18800/36406 loss 2.268 ema 2.680 lr 1.05e-05 | 0.23 s/step | ETA 67 min | mem 23.7 GB
02:46:06 step 18850/36406 loss 2.329 ema 3.047 lr 1.05e-05 | 0.23 s/step | ETA 66 min | mem 23.7 GB
02:46:14 step 18900/36406 loss 4.702 ema 3.256 lr 1.05e-05 | 0.23 s/step | ETA 66 min | mem 23.7 GB
02:46:23 step 18950/36406 loss 3.249 ema 3.846 lr 1.04e-05 | 0.23 s/step | ETA 66 min | mem 23.7 GB
02:46:34 step 19000/36406 loss 0.730 ema 3.843 lr 1.04e-05 | 0.23 s/step | ETA 66 min | mem 23.7 GB
02:46:54 saved ckpt 81 tensors
02:47:03 step 19050/36406 loss 2.504 ema 3.415 lr 1.03e-05 | 0.23 s/step | ETA 66 min | mem 23.7 GB
02:47:14 step 19100/36406 loss 3.485 ema 3.453 lr 1.03e-05 | 0.23 s/step | ETA 66 min | mem 23.7 GB
02:47:22 step 19150/36406 loss 2.882 ema 3.505 lr 1.03e-05 | 0.23 s/step | ETA 65 min | mem 23.7 GB
02:47:31 step 19200/36406 loss 2.852 ema 3.474 lr 1.02e-05 | 0.23 s/step | ETA 65 min | mem 23.7 GB
02:47:41 step 19250/36406 loss 4.107 ema 3.318 lr 1.02e-05 | 0.23 s/step | ETA 65 min | mem 23.7 GB
02:47:50 step 19300/36406 loss 3.654 ema 3.175 lr 1.02e-05 | 0.23 s/step | ETA 65 min | mem 23.7 GB
02:48:00 step 19350/36406 loss 4.506 ema 2.815 lr 1.01e-05 | 0.23 s/step | ETA 64 min | mem 23.7 GB
02:48:09 step 19400/36406 loss 3.904 ema 3.051 lr 1.01e-05 | 0.23 s/step | ETA 64 min | mem 23.7 GB
02:48:17 step 19450/36406 loss 2.098 ema 2.978 lr 1.00e-05 | 0.23 s/step | ETA 64 min | mem 23.7 GB
02:48:28 step 19500/36406 loss 3.463 ema 2.992 lr 1.00e-05 | 0.23 s/step | ETA 64 min | mem 23.7 GB
02:48:48 saved ckpt 81 tensors
02:48:57 step 19550/36406 loss 3.457 ema 2.939 lr 9.96e-06 | 0.23 s/step | ETA 64 min | mem 23.7 GB
02:49:08 step 19600/36406 loss 3.558 ema 3.499 lr 9.92e-06 | 0.23 s/step | ETA 64 min | mem 23.7 GB
02:49:16 step 19650/36406 loss 3.823 ema 3.782 lr 9.88e-06 | 0.23 s/step | ETA 63 min | mem 23.7 GB
02:49:27 step 19700/36406 loss 3.102 ema 3.453 lr 9.84e-06 | 0.23 s/step | ETA 63 min | mem 23.7 GB
02:49:35 step 19750/36406 loss 3.024 ema 3.158 lr 9.80e-06 | 0.23 s/step | ETA 63 min | mem 23.7 GB
02:49:44 step 19800/36406 loss 3.327 ema 2.981 lr 9.76e-06 | 0.23 s/step | ETA 63 min | mem 23.7 GB
02:49:54 step 19850/36406 loss 2.013 ema 3.301 lr 9.73e-06 | 0.23 s/step | ETA 63 min | mem 23.7 GB
02:50:03 step 19900/36406 loss 3.324 ema 3.187 lr 9.69e-06 | 0.23 s/step | ETA 62 min | mem 23.7 GB
02:50:13 step 19950/36406 loss 2.303 ema 3.123 lr 9.65e-06 | 0.23 s/step | ETA 62 min | mem 23.7 GB
02:50:22 step 20000/36406 loss 4.041 ema 3.667 lr 9.61e-06 | 0.23 s/step | ETA 62 min | mem 23.7 GB
02:50:43 saved ckpt 81 tensors
02:50:51 step 20050/36406 loss 4.161 ema 3.373 lr 9.57e-06 | 0.23 s/step | ETA 62 min | mem 23.7 GB
02:51:02 step 20100/36406 loss 2.826 ema 3.866 lr 9.53e-06 | 0.23 s/step | ETA 62 min | mem 23.7 GB
02:51:10 step 20150/36406 loss 3.237 ema 3.384 lr 9.50e-06 | 0.23 s/step | ETA 62 min | mem 23.7 GB
02:51:21 step 20200/36406 loss 3.539 ema 3.058 lr 9.46e-06 | 0.23 s/step | ETA 61 min | mem 23.7 GB
02:51:29 step 20250/36406 loss 0.546 ema 3.151 lr 9.42e-06 | 0.23 s/step | ETA 61 min | mem 23.7 GB
02:51:38 step 20300/36406 loss 2.440 ema 3.309 lr 9.38e-06 | 0.23 s/step | ETA 61 min | mem 23.7 GB
02:51:49 step 20350/36406 loss 5.134 ema 3.188 lr 9.34e-06 | 0.23 s/step | ETA 61 min | mem 23.7 GB
02:51:57 step 20400/36406 loss 4.259 ema 3.679 lr 9.30e-06 | 0.23 s/step | ETA 60 min | mem 23.7 GB
02:52:06 step 20450/36406 loss 5.159 ema 4.178 lr 9.27e-06 | 0.23 s/step | ETA 60 min | mem 23.7 GB
02:52:16 step 20500/36406 loss 3.198 ema 3.515 lr 9.23e-06 | 0.23 s/step | ETA 60 min | mem 23.7 GB
02:52:37 saved ckpt 81 tensors
02:52:46 step 20550/36406 loss 3.427 ema 3.107 lr 9.19e-06 | 0.23 s/step | ETA 60 min | mem 23.7 GB
02:52:56 step 20600/36406 loss 3.835 ema 3.048 lr 9.15e-06 | 0.23 s/step | ETA 60 min | mem 23.7 GB
02:53:05 step 20650/36406 loss 4.799 ema 3.086 lr 9.11e-06 | 0.23 s/step | ETA 60 min | mem 23.7 GB
02:53:15 step 20700/36406 loss 2.806 ema 3.068 lr 9.08e-06 | 0.23 s/step | ETA 59 min | mem 23.7 GB
02:53:24 step 20750/36406 loss 2.240 ema 2.743 lr 9.04e-06 | 0.23 s/step | ETA 59 min | mem 23.7 GB
02:53:32 step 20800/36406 loss 4.102 ema 2.707 lr 9.00e-06 | 0.23 s/step | ETA 59 min | mem 23.7 GB
02:53:43 step 20850/36406 loss 3.748 ema 2.866 lr 8.96e-06 | 0.23 s/step | ETA 59 min | mem 23.7 GB
02:53:51 step 20900/36406 loss 2.901 ema 2.790 lr 8.93e-06 | 0.23 s/step | ETA 59 min | mem 23.7 GB
02:54:02 step 20950/36406 loss 4.542 ema 3.340 lr 8.89e-06 | 0.23 s/step | ETA 58 min | mem 23.7 GB
02:54:10 step 21000/36406 loss 4.362 ema 3.415 lr 8.85e-06 | 0.23 s/step | ETA 58 min | mem 23.7 GB
02:54:31 saved ckpt 81 tensors
02:54:40 step 21050/36406 loss 3.786 ema 3.948 lr 8.81e-06 | 0.23 s/step | ETA 58 min | mem 23.7 GB
02:54:50 step 21100/36406 loss 3.533 ema 3.338 lr 8.77e-06 | 0.23 s/step | ETA 58 min | mem 23.7 GB
02:54:59 step 21150/36406 loss 2.640 ema 3.406 lr 8.74e-06 | 0.23 s/step | ETA 58 min | mem 23.7 GB
02:55:09 step 21200/36406 loss 4.119 ema 3.274 lr 8.70e-06 | 0.23 s/step | ETA 58 min | mem 23.7 GB
02:55:18 step 21250/36406 loss 2.366 ema 2.966 lr 8.66e-06 | 0.23 s/step | ETA 57 min | mem 23.7 GB
02:55:26 step 21300/36406 loss 2.341 ema 3.238 lr 8.62e-06 | 0.23 s/step | ETA 57 min | mem 23.7 GB
02:55:37 step 21350/36406 loss 1.666 ema 3.014 lr 8.59e-06 | 0.23 s/step | ETA 57 min | mem 23.7 GB
02:55:45 step 21400/36406 loss 2.552 ema 3.234 lr 8.55e-06 | 0.23 s/step | ETA 57 min | mem 23.7 GB
02:55:57 step 21450/36406 loss 4.703 ema 3.430 lr 8.51e-06 | 0.23 s/step | ETA 57 min | mem 23.7 GB
02:56:05 step 21500/36406 loss 3.432 ema 3.077 lr 8.47e-06 | 0.23 s/step | ETA 56 min | mem 23.7 GB
02:56:26 saved ckpt 81 tensors
02:56:35 step 21550/36406 loss 3.525 ema 3.001 lr 8.44e-06 | 0.23 s/step | ETA 56 min | mem 23.7 GB
02:56:45 step 21600/36406 loss 4.650 ema 3.434 lr 8.40e-06 | 0.23 s/step | ETA 56 min | mem 23.7 GB
02:56:54 step 21650/36406 loss 1.794 ema 2.933 lr 8.36e-06 | 0.23 s/step | ETA 56 min | mem 23.7 GB
02:57:04 step 21700/36406 loss 4.421 ema 2.882 lr 8.33e-06 | 0.23 s/step | ETA 56 min | mem 23.7 GB
02:57:13 step 21750/36406 loss 2.655 ema 3.100 lr 8.29e-06 | 0.23 s/step | ETA 55 min | mem 23.7 GB
02:57:21 step 21800/36406 loss 3.256 ema 2.787 lr 8.25e-06 | 0.23 s/step | ETA 55 min | mem 23.7 GB
02:57:31 step 21850/36406 loss 2.408 ema 2.819 lr 8.21e-06 | 0.23 s/step | ETA 55 min | mem 23.7 GB
02:57:40 step 21900/36406 loss 3.428 ema 2.908 lr 8.18e-06 | 0.23 s/step | ETA 55 min | mem 23.7 GB
02:57:50 step 21950/36406 loss 3.688 ema 2.930 lr 8.14e-06 | 0.23 s/step | ETA 55 min | mem 23.7 GB
02:57:59 step 22000/36406 loss 3.714 ema 2.534 lr 8.10e-06 | 0.23 s/step | ETA 54 min | mem 23.7 GB
02:58:20 saved ckpt 81 tensors
02:58:28 step 22050/36406 loss 2.221 ema 2.927 lr 8.07e-06 | 0.23 s/step | ETA 54 min | mem 23.7 GB
02:58:39 step 22100/36406 loss 2.866 ema 3.032 lr 8.03e-06 | 0.23 s/step | ETA 54 min | mem 23.7 GB
02:58:47 step 22150/36406 loss 2.802 ema 3.146 lr 7.99e-06 | 0.23 s/step | ETA 54 min | mem 23.7 GB
02:58:58 step 22200/36406 loss 3.877 ema 3.339 lr 7.96e-06 | 0.23 s/step | ETA 54 min | mem 23.7 GB
02:59:06 step 22250/36406 loss 3.751 ema 3.535 lr 7.92e-06 | 0.23 s/step | ETA 54 min | mem 23.7 GB
02:59:15 step 22300/36406 loss 4.111 ema 3.953 lr 7.88e-06 | 0.23 s/step | ETA 53 min | mem 23.7 GB
02:59:26 step 22350/36406 loss 2.752 ema 3.357 lr 7.85e-06 | 0.23 s/step | ETA 53 min | mem 23.7 GB
02:59:34 step 22400/36406 loss 3.007 ema 3.105 lr 7.81e-06 | 0.23 s/step | ETA 53 min | mem 23.7 GB
02:59:44 step 22450/36406 loss 4.052 ema 3.019 lr 7.78e-06 | 0.23 s/step | ETA 53 min | mem 23.7 GB
02:59:53 step 22500/36406 loss 2.885 ema 2.686 lr 7.74e-06 | 0.23 s/step | ETA 53 min | mem 23.7 GB
03:00:14 saved ckpt 81 tensors
03:00:24 step 22550/36406 loss 2.557 ema 3.495 lr 7.70e-06 | 0.23 s/step | ETA 53 min | mem 23.7 GB
03:00:33 step 22600/36406 loss 3.321 ema 2.965 lr 7.67e-06 | 0.23 s/step | ETA 52 min | mem 23.7 GB
03:00:41 step 22650/36406 loss 3.518 ema 3.047 lr 7.63e-06 | 0.23 s/step | ETA 52 min | mem 23.7 GB
03:00:52 step 22700/36406 loss 2.273 ema 2.914 lr 7.60e-06 | 0.23 s/step | ETA 52 min | mem 23.7 GB
03:01:00 step 22750/36406 loss 1.975 ema 2.562 lr 7.56e-06 | 0.23 s/step | ETA 52 min | mem 23.7 GB
03:01:11 step 22800/36406 loss 5.181 ema 2.924 lr 7.52e-06 | 0.23 s/step | ETA 52 min | mem 23.7 GB
03:01:19 step 22850/36406 loss 2.427 ema 2.893 lr 7.49e-06 | 0.23 s/step | ETA 51 min | mem 23.7 GB
03:01:28 step 22900/36406 loss 3.275 ema 2.850 lr 7.45e-06 | 0.23 s/step | ETA 51 min | mem 23.7 GB
03:01:38 step 22950/36406 loss 4.481 ema 3.037 lr 7.42e-06 | 0.23 s/step | ETA 51 min | mem 23.7 GB
03:01:47 step 23000/36406 loss 3.613 ema 3.884 lr 7.38e-06 | 0.23 s/step | ETA 51 min | mem 23.7 GB
03:02:07 saved ckpt 81 tensors
03:02:18 step 23050/36406 loss 2.495 ema 3.411 lr 7.35e-06 | 0.23 s/step | ETA 51 min | mem 23.7 GB
03:02:27 step 23100/36406 loss 2.623 ema 3.246 lr 7.31e-06 | 0.23 s/step | ETA 50 min | mem 23.7 GB
03:02:35 step 23150/36406 loss 4.296 ema 3.358 lr 7.27e-06 | 0.23 s/step | ETA 50 min | mem 23.7 GB
03:02:46 step 23200/36406 loss 4.396 ema 3.510 lr 7.24e-06 | 0.23 s/step | ETA 50 min | mem 23.7 GB
03:02:55 step 23250/36406 loss 4.282 ema 3.179 lr 7.20e-06 | 0.23 s/step | ETA 50 min | mem 23.7 GB
03:03:03 step 23300/36406 loss 2.716 ema 3.368 lr 7.17e-06 | 0.23 s/step | ETA 50 min | mem 23.7 GB
03:03:13 step 23350/36406 loss 2.996 ema 3.321 lr 7.13e-06 | 0.23 s/step | ETA 49 min | mem 23.7 GB
03:03:22 step 23400/36406 loss 4.625 ema 3.642 lr 7.10e-06 | 0.23 s/step | ETA 49 min | mem 23.7 GB
03:03:32 step 23450/36406 loss 4.291 ema 3.360 lr 7.06e-06 | 0.23 s/step | ETA 49 min | mem 23.7 GB
03:03:41 step 23500/36406 loss 2.196 ema 3.441 lr 7.03e-06 | 0.23 s/step | ETA 49 min | mem 23.7 GB
03:04:02 saved ckpt 81 tensors
03:04:10 step 23550/36406 loss 3.407 ema 3.352 lr 6.99e-06 | 0.23 s/step | ETA 49 min | mem 23.7 GB
03:04:21 step 23600/36406 loss 1.462 ema 2.922 lr 6.96e-06 | 0.23 s/step | ETA 49 min | mem 23.7 GB
03:04:29 step 23650/36406 loss 3.141 ema 3.115 lr 6.92e-06 | 0.23 s/step | ETA 48 min | mem 23.7 GB
03:04:40 step 23700/36406 loss 4.545 ema 3.596 lr 6.89e-06 | 0.23 s/step | ETA 48 min | mem 23.7 GB
03:04:48 step 23750/36406 loss 4.836 ema 3.216 lr 6.86e-06 | 0.23 s/step | ETA 48 min | mem 23.7 GB
03:04:57 step 23800/36406 loss 2.745 ema 3.363 lr 6.82e-06 | 0.23 s/step | ETA 48 min | mem 23.7 GB
03:05:08 step 23850/36406 loss 4.368 ema 3.350 lr 6.79e-06 | 0.23 s/step | ETA 48 min | mem 23.7 GB
03:05:16 step 23900/36406 loss 2.973 ema 3.567 lr 6.75e-06 | 0.23 s/step | ETA 47 min | mem 23.7 GB
03:05:27 step 23950/36406 loss 2.779 ema 3.489 lr 6.72e-06 | 0.23 s/step | ETA 47 min | mem 23.7 GB
03:05:35 step 24000/36406 loss 1.308 ema 3.307 lr 6.68e-06 | 0.23 s/step | ETA 47 min | mem 23.7 GB
03:05:56 saved ckpt 81 tensors
03:06:06 step 24050/36406 loss 4.555 ema 3.421 lr 6.65e-06 | 0.23 s/step | ETA 47 min | mem 23.7 GB
03:06:16 step 24100/36406 loss 4.239 ema 3.420 lr 6.62e-06 | 0.23 s/step | ETA 47 min | mem 23.7 GB
03:06:25 step 24150/36406 loss 3.474 ema 3.315 lr 6.58e-06 | 0.23 s/step | ETA 46 min | mem 23.7 GB
03:06:35 step 24200/36406 loss 3.367 ema 2.985 lr 6.55e-06 | 0.23 s/step | ETA 46 min | mem 23.7 GB
03:06:44 step 24250/36406 loss 2.663 ema 2.763 lr 6.51e-06 | 0.23 s/step | ETA 46 min | mem 23.7 GB
03:06:52 step 24300/36406 loss 2.345 ema 2.731 lr 6.48e-06 | 0.23 s/step | ETA 46 min | mem 23.7 GB
03:07:02 step 24350/36406 loss 2.797 ema 2.601 lr 6.45e-06 | 0.23 s/step | ETA 46 min | mem 23.7 GB
03:07:11 step 24400/36406 loss 3.294 ema 2.564 lr 6.41e-06 | 0.23 s/step | ETA 45 min | mem 23.7 GB
03:07:21 step 24450/36406 loss 2.040 ema 2.851 lr 6.38e-06 | 0.23 s/step | ETA 45 min | mem 23.7 GB
03:07:30 step 24500/36406 loss 2.287 ema 2.838 lr 6.35e-06 | 0.23 s/step | ETA 45 min | mem 23.7 GB
03:07:51 saved ckpt 81 tensors
03:08:00 step 24550/36406 loss 4.435 ema 2.702 lr 6.31e-06 | 0.23 s/step | ETA 45 min | mem 23.7 GB
03:08:10 step 24600/36406 loss 2.526 ema 3.120 lr 6.28e-06 | 0.23 s/step | ETA 45 min | mem 23.7 GB
03:08:19 step 24650/36406 loss 4.494 ema 3.456 lr 6.25e-06 | 0.23 s/step | ETA 45 min | mem 23.7 GB
03:08:29 step 24700/36406 loss 2.992 ema 2.981 lr 6.22e-06 | 0.23 s/step | ETA 44 min | mem 23.7 GB
03:08:38 step 24750/36406 loss 2.405 ema 2.944 lr 6.18e-06 | 0.23 s/step | ETA 44 min | mem 23.7 GB
03:08:46 step 24800/36406 loss 2.586 ema 2.843 lr 6.15e-06 | 0.23 s/step | ETA 44 min | mem 23.7 GB
03:08:57 step 24850/36406 loss 4.961 ema 3.768 lr 6.12e-06 | 0.23 s/step | ETA 44 min | mem 23.7 GB
03:09:05 step 24900/36406 loss 4.059 ema 4.110 lr 6.08e-06 | 0.23 s/step | ETA 44 min | mem 23.7 GB
03:09:16 step 24950/36406 loss 4.155 ema 3.410 lr 6.05e-06 | 0.23 s/step | ETA 43 min | mem 23.7 GB
03:09:24 step 25000/36406 loss 1.239 ema 3.618 lr 6.02e-06 | 0.23 s/step | ETA 43 min | mem 23.7 GB
03:09:45 saved ckpt 81 tensors
03:09:54 step 25050/36406 loss 2.558 ema 3.419 lr 5.99e-06 | 0.23 s/step | ETA 43 min | mem 23.7 GB
03:10:04 step 25100/36406 loss 3.397 ema 3.584 lr 5.95e-06 | 0.23 s/step | ETA 43 min | mem 23.7 GB
03:10:13 step 25150/36406 loss 3.935 ema 3.749 lr 5.92e-06 | 0.23 s/step | ETA 43 min | mem 23.7 GB
03:10:21 step 25200/36406 loss 4.077 ema 3.266 lr 5.89e-06 | 0.23 s/step | ETA 42 min | mem 23.7 GB
03:10:30 step 25250/36406 loss 2.587 ema 3.798 lr 5.86e-06 | 0.23 s/step | ETA 42 min | mem 23.7 GB
03:10:38 step 25300/36406 loss 3.049 ema 3.269 lr 5.83e-06 | 0.23 s/step | ETA 42 min | mem 23.7 GB
03:10:49 step 25350/36406 loss 4.546 ema 3.512 lr 5.80e-06 | 0.23 s/step | ETA 42 min | mem 23.7 GB
03:10:58 step 25400/36406 loss 4.119 ema 3.412 lr 5.76e-06 | 0.23 s/step | ETA 42 min | mem 23.7 GB
03:11:08 step 25450/36406 loss 4.648 ema 3.833 lr 5.73e-06 | 0.23 s/step | ETA 41 min | mem 23.7 GB
03:11:16 step 25500/36406 loss 5.141 ema 3.468 lr 5.70e-06 | 0.23 s/step | ETA 41 min | mem 23.7 GB
03:11:37 saved ckpt 81 tensors
03:11:46 step 25550/36406 loss 4.003 ema 3.357 lr 5.67e-06 | 0.23 s/step | ETA 41 min | mem 23.7 GB
03:11:57 step 25600/36406 loss 2.980 ema 3.582 lr 5.64e-06 | 0.23 s/step | ETA 41 min | mem 23.7 GB
03:12:05 step 25650/36406 loss 2.675 ema 3.302 lr 5.61e-06 | 0.23 s/step | ETA 41 min | mem 23.7 GB
03:12:16 step 25700/36406 loss 1.581 ema 3.640 lr 5.58e-06 | 0.23 s/step | ETA 41 min | mem 23.7 GB
03:12:24 step 25750/36406 loss 4.793 ema 3.322 lr 5.54e-06 | 0.23 s/step | ETA 40 min | mem 23.7 GB
03:12:33 step 25800/36406 loss 4.357 ema 3.951 lr 5.51e-06 | 0.23 s/step | ETA 40 min | mem 23.7 GB
03:12:43 step 25850/36406 loss 2.428 ema 3.597 lr 5.48e-06 | 0.23 s/step | ETA 40 min | mem 23.7 GB
03:12:52 step 25900/36406 loss 3.359 ema 3.379 lr 5.45e-06 | 0.23 s/step | ETA 40 min | mem 23.7 GB
03:13:02 step 25950/36406 loss 2.989 ema 3.368 lr 5.42e-06 | 0.23 s/step | ETA 40 min | mem 23.7 GB
03:13:11 step 26000/36406 loss 3.025 ema 3.118 lr 5.39e-06 | 0.23 s/step | ETA 39 min | mem 23.7 GB
03:13:31 saved ckpt 81 tensors
03:13:40 step 26050/36406 loss 2.687 ema 2.802 lr 5.36e-06 | 0.23 s/step | ETA 39 min | mem 23.7 GB
03:13:50 step 26100/36406 loss 3.005 ema 2.550 lr 5.33e-06 | 0.23 s/step | ETA 39 min | mem 23.7 GB
03:13:59 step 26150/36406 loss 1.447 ema 2.512 lr 5.30e-06 | 0.23 s/step | ETA 39 min | mem 23.7 GB
03:14:09 step 26200/36406 loss 1.746 ema 2.381 lr 5.27e-06 | 0.23 s/step | ETA 39 min | mem 23.7 GB
03:14:18 step 26250/36406 loss 2.785 ema 2.810 lr 5.24e-06 | 0.23 s/step | ETA 38 min | mem 23.7 GB
03:14:26 step 26300/36406 loss 1.817 ema 2.826 lr 5.21e-06 | 0.23 s/step | ETA 38 min | mem 23.7 GB
03:14:37 step 26350/36406 loss 1.171 ema 2.738 lr 5.18e-06 | 0.23 s/step | ETA 38 min | mem 23.7 GB
03:14:46 step 26400/36406 loss 3.595 ema 2.806 lr 5.15e-06 | 0.23 s/step | ETA 38 min | mem 23.7 GB
03:14:56 step 26450/36406 loss 3.114 ema 3.351 lr 5.12e-06 | 0.23 s/step | ETA 38 min | mem 23.7 GB
03:15:05 step 26500/36406 loss 3.259 ema 3.157 lr 5.09e-06 | 0.23 s/step | ETA 37 min | mem 23.7 GB
03:15:25 saved ckpt 81 tensors
03:15:34 step 26550/36406 loss 2.200 ema 2.650 lr 5.06e-06 | 0.23 s/step | ETA 37 min | mem 23.7 GB
03:15:45 step 26600/36406 loss 2.797 ema 3.230 lr 5.04e-06 | 0.23 s/step | ETA 37 min | mem 23.7 GB
03:15:53 step 26650/36406 loss 4.204 ema 3.698 lr 5.01e-06 | 0.23 s/step | ETA 37 min | mem 23.7 GB
03:16:04 step 26700/36406 loss 1.798 ema 2.980 lr 4.98e-06 | 0.23 s/step | ETA 37 min | mem 23.7 GB
03:16:13 step 26750/36406 loss 1.446 ema 2.882 lr 4.95e-06 | 0.23 s/step | ETA 37 min | mem 23.7 GB
03:16:21 step 26800/36406 loss 3.325 ema 2.895 lr 4.92e-06 | 0.23 s/step | ETA 36 min | mem 23.7 GB
03:16:32 step 26850/36406 loss 0.399 ema 3.479 lr 4.89e-06 | 0.23 s/step | ETA 36 min | mem 23.7 GB
03:16:40 step 26900/36406 loss 4.206 ema 3.527 lr 4.86e-06 | 0.23 s/step | ETA 36 min | mem 23.7 GB
03:16:51 step 26950/36406 loss 1.623 ema 3.641 lr 4.83e-06 | 0.23 s/step | ETA 36 min | mem 23.7 GB
03:16:59 step 27000/36406 loss 4.357 ema 3.893 lr 4.81e-06 | 0.23 s/step | ETA 36 min | mem 23.7 GB
03:17:20 saved ckpt 81 tensors
03:17:29 step 27050/36406 loss 3.523 ema 3.616 lr 4.78e-06 | 0.23 s/step | ETA 35 min | mem 23.7 GB
03:17:39 step 27100/36406 loss 2.975 ema 2.931 lr 4.75e-06 | 0.23 s/step | ETA 35 min | mem 23.7 GB
03:17:48 step 27150/36406 loss 4.354 ema 3.071 lr 4.72e-06 | 0.23 s/step | ETA 35 min | mem 23.7 GB
03:17:58 step 27200/36406 loss 2.536 ema 2.975 lr 4.69e-06 | 0.23 s/step | ETA 35 min | mem 23.7 GB
03:18:07 step 27250/36406 loss 2.292 ema 2.897 lr 4.67e-06 | 0.23 s/step | ETA 35 min | mem 23.7 GB
03:18:15 step 27300/36406 loss 2.326 ema 2.633 lr 4.64e-06 | 0.23 s/step | ETA 34 min | mem 23.7 GB
03:18:26 step 27350/36406 loss 5.574 ema 3.000 lr 4.61e-06 | 0.23 s/step | ETA 34 min | mem 23.7 GB
03:18:34 step 27400/36406 loss 3.297 ema 2.940 lr 4.58e-06 | 0.23 s/step | ETA 34 min | mem 23.7 GB
03:18:45 step 27450/36406 loss 2.451 ema 3.015 lr 4.56e-06 | 0.23 s/step | ETA 34 min | mem 23.7 GB
03:18:54 step 27500/36406 loss 2.521 ema 3.856 lr 4.53e-06 | 0.23 s/step | ETA 34 min | mem 23.7 GB
03:19:14 saved ckpt 81 tensors
03:19:23 step 27550/36406 loss 3.759 ema 3.919 lr 4.50e-06 | 0.23 s/step | ETA 34 min | mem 23.7 GB
03:19:33 step 27600/36406 loss 1.335 ema 3.147 lr 4.48e-06 | 0.23 s/step | ETA 33 min | mem 23.7 GB
03:19:42 step 27650/36406 loss 2.165 ema 2.715 lr 4.45e-06 | 0.23 s/step | ETA 33 min | mem 23.7 GB
03:19:52 step 27700/36406 loss 3.422 ema 2.867 lr 4.42e-06 | 0.23 s/step | ETA 33 min | mem 23.7 GB
03:20:01 step 27750/36406 loss 2.526 ema 2.878 lr 4.40e-06 | 0.23 s/step | ETA 33 min | mem 23.7 GB
03:20:10 step 27800/36406 loss 1.873 ema 2.923 lr 4.37e-06 | 0.23 s/step | ETA 33 min | mem 23.7 GB
03:20:20 step 27850/36406 loss 2.745 ema 3.187 lr 4.34e-06 | 0.23 s/step | ETA 32 min | mem 23.7 GB
03:20:28 step 27900/36406 loss 4.002 ema 3.238 lr 4.32e-06 | 0.23 s/step | ETA 32 min | mem 23.7 GB
03:20:39 step 27950/36406 loss 2.693 ema 2.720 lr 4.29e-06 | 0.23 s/step | ETA 32 min | mem 23.7 GB
03:20:48 step 28000/36406 loss 2.270 ema 2.672 lr 4.27e-06 | 0.23 s/step | ETA 32 min | mem 23.7 GB
03:21:08 saved ckpt 81 tensors
03:21:17 step 28050/36406 loss 4.255 ema 3.362 lr 4.24e-06 | 0.23 s/step | ETA 32 min | mem 23.7 GB
03:21:27 step 28100/36406 loss 2.401 ema 2.912 lr 4.22e-06 | 0.23 s/step | ETA 32 min | mem 23.7 GB
03:21:36 step 28150/36406 loss 3.115 ema 3.106 lr 4.19e-06 | 0.23 s/step | ETA 31 min | mem 23.7 GB
03:21:47 step 28200/36406 loss 2.419 ema 2.837 lr 4.16e-06 | 0.23 s/step | ETA 31 min | mem 23.7 GB
03:21:55 step 28250/36406 loss 4.687 ema 3.245 lr 4.14e-06 | 0.23 s/step | ETA 31 min | mem 23.7 GB
03:22:04 step 28300/36406 loss 5.042 ema 3.306 lr 4.11e-06 | 0.23 s/step | ETA 31 min | mem 23.7 GB
03:22:14 step 28350/36406 loss 2.531 ema 3.151 lr 4.09e-06 | 0.23 s/step | ETA 31 min | mem 23.7 GB
03:22:23 step 28400/36406 loss 2.499 ema 2.791 lr 4.06e-06 | 0.23 s/step | ETA 30 min | mem 23.7 GB
03:22:33 step 28450/36406 loss 0.615 ema 3.122 lr 4.04e-06 | 0.23 s/step | ETA 30 min | mem 23.7 GB
03:22:42 step 28500/36406 loss 3.128 ema 3.072 lr 4.01e-06 | 0.23 s/step | ETA 30 min | mem 23.7 GB
03:23:03 saved ckpt 81 tensors
03:23:11 step 28550/36406 loss 4.396 ema 3.238 lr 3.99e-06 | 0.23 s/step | ETA 30 min | mem 23.7 GB
03:23:22 step 28600/36406 loss 2.392 ema 2.969 lr 3.97e-06 | 0.23 s/step | ETA 30 min | mem 23.7 GB
03:23:30 step 28650/36406 loss 2.514 ema 2.873 lr 3.94e-06 | 0.23 s/step | ETA 29 min | mem 23.7 GB
03:23:41 step 28700/36406 loss 4.048 ema 3.011 lr 3.92e-06 | 0.23 s/step | ETA 29 min | mem 23.7 GB
03:23:49 step 28750/36406 loss 5.315 ema 3.291 lr 3.89e-06 | 0.23 s/step | ETA 29 min | mem 23.7 GB
03:23:58 step 28800/36406 loss 1.703 ema 3.253 lr 3.87e-06 | 0.23 s/step | ETA 29 min | mem 23.7 GB
03:24:08 step 28850/36406 loss 3.532 ema 3.679 lr 3.85e-06 | 0.23 s/step | ETA 29 min | mem 23.7 GB
03:24:17 step 28900/36406 loss 4.097 ema 3.347 lr 3.82e-06 | 0.23 s/step | ETA 28 min | mem 23.7 GB
03:24:27 step 28950/36406 loss 2.624 ema 3.515 lr 3.80e-06 | 0.23 s/step | ETA 28 min | mem 23.7 GB
03:24:36 step 29000/36406 loss 1.983 ema 3.138 lr 3.78e-06 | 0.23 s/step | ETA 28 min | mem 23.7 GB
03:24:56 saved ckpt 81 tensors
03:25:05 step 29050/36406 loss 2.076 ema 2.985 lr 3.75e-06 | 0.23 s/step | ETA 28 min | mem 23.7 GB
03:25:16 step 29100/36406 loss 4.418 ema 2.837 lr 3.73e-06 | 0.23 s/step | ETA 28 min | mem 23.7 GB
03:25:24 step 29150/36406 loss 3.054 ema 3.467 lr 3.71e-06 | 0.23 s/step | ETA 28 min | mem 23.7 GB
03:25:35 step 29200/36406 loss 3.506 ema 3.642 lr 3.69e-06 | 0.23 s/step | ETA 27 min | mem 23.7 GB
03:25:43 step 29250/36406 loss 3.035 ema 3.034 lr 3.66e-06 | 0.23 s/step | ETA 27 min | mem 23.7 GB
03:25:52 step 29300/36406 loss 1.672 ema 2.804 lr 3.64e-06 | 0.23 s/step | ETA 27 min | mem 23.7 GB
03:26:02 step 29350/36406 loss 4.558 ema 3.432 lr 3.62e-06 | 0.23 s/step | ETA 27 min | mem 23.7 GB
03:26:11 step 29400/36406 loss 2.326 ema 3.357 lr 3.60e-06 | 0.23 s/step | ETA 27 min | mem 23.7 GB
03:26:22 step 29450/36406 loss 4.743 ema 3.491 lr 3.57e-06 | 0.23 s/step | ETA 26 min | mem 23.7 GB
03:26:31 step 29500/36406 loss 3.395 ema 3.083 lr 3.55e-06 | 0.23 s/step | ETA 26 min | mem 23.7 GB
03:26:51 saved ckpt 81 tensors
03:27:00 step 29550/36406 loss 4.636 ema 2.836 lr 3.53e-06 | 0.23 s/step | ETA 26 min | mem 23.7 GB
03:27:10 step 29600/36406 loss 3.892 ema 3.284 lr 3.51e-06 | 0.23 s/step | ETA 26 min | mem 23.7 GB
03:27:18 step 29650/36406 loss 2.959 ema 3.609 lr 3.49e-06 | 0.23 s/step | ETA 26 min | mem 23.7 GB
03:27:27 step 29700/36406 loss 3.188 ema 3.249 lr 3.47e-06 | 0.23 s/step | ETA 25 min | mem 23.7 GB
03:27:37 step 29750/36406 loss 1.954 ema 3.042 lr 3.44e-06 | 0.23 s/step | ETA 25 min | mem 23.7 GB
03:27:46 step 29800/36406 loss 3.261 ema 3.005 lr 3.42e-06 | 0.23 s/step | ETA 25 min | mem 23.7 GB
03:27:56 step 29850/36406 loss 2.955 ema 3.041 lr 3.40e-06 | 0.23 s/step | ETA 25 min | mem 23.7 GB
03:28:05 step 29900/36406 loss 1.954 ema 3.222 lr 3.38e-06 | 0.23 s/step | ETA 25 min | mem 23.7 GB
03:28:13 step 29950/36406 loss 2.862 ema 2.809 lr 3.36e-06 | 0.23 s/step | ETA 24 min | mem 23.7 GB
03:28:24 step 30000/36406 loss 1.798 ema 3.251 lr 3.34e-06 | 0.23 s/step | ETA 24 min | mem 23.7 GB
03:28:45 saved ckpt 81 tensors
03:28:53 step 30050/36406 loss 3.455 ema 2.805 lr 3.32e-06 | 0.23 s/step | ETA 24 min | mem 23.7 GB
03:29:04 step 30100/36406 loss 1.215 ema 2.738 lr 3.30e-06 | 0.23 s/step | ETA 24 min | mem 23.7 GB
03:29:12 step 30150/36406 loss 1.417 ema 2.928 lr 3.28e-06 | 0.23 s/step | ETA 24 min | mem 23.7 GB
03:29:21 step 30200/36406 loss 2.739 ema 2.998 lr 3.26e-06 | 0.23 s/step | ETA 24 min | mem 23.7 GB
03:29:30 step 30250/36406 loss 4.801 ema 2.905 lr 3.24e-06 | 0.23 s/step | ETA 23 min | mem 23.7 GB
03:29:38 step 30300/36406 loss 3.409 ema 3.547 lr 3.22e-06 | 0.23 s/step | ETA 23 min | mem 23.7 GB
03:29:49 step 30350/36406 loss 5.220 ema 3.783 lr 3.20e-06 | 0.23 s/step | ETA 23 min | mem 23.7 GB
03:29:57 step 30400/36406 loss 3.036 ema 3.821 lr 3.18e-06 | 0.23 s/step | ETA 23 min | mem 23.7 GB
03:30:06 step 30450/36406 loss 3.081 ema 3.686 lr 3.16e-06 | 0.23 s/step | ETA 23 min | mem 23.7 GB
03:30:16 step 30500/36406 loss 4.974 ema 3.670 lr 3.14e-06 | 0.23 s/step | ETA 22 min | mem 23.7 GB
03:30:37 saved ckpt 81 tensors
03:30:46 step 30550/36406 loss 3.964 ema 4.030 lr 3.13e-06 | 0.23 s/step | ETA 22 min | mem 23.7 GB
03:30:56 step 30600/36406 loss 3.757 ema 3.417 lr 3.11e-06 | 0.23 s/step | ETA 22 min | mem 23.7 GB
03:31:05 step 30650/36406 loss 3.761 ema 3.287 lr 3.09e-06 | 0.23 s/step | ETA 22 min | mem 23.7 GB
03:31:13 step 30700/36406 loss 3.094 ema 3.073 lr 3.07e-06 | 0.23 s/step | ETA 22 min | mem 23.7 GB
03:31:24 step 30750/36406 loss 2.941 ema 2.980 lr 3.05e-06 | 0.23 s/step | ETA 21 min | mem 23.7 GB
03:31:32 step 30800/36406 loss 3.853 ema 2.955 lr 3.03e-06 | 0.23 s/step | ETA 21 min | mem 23.7 GB
03:31:43 step 30850/36406 loss 4.587 ema 2.611 lr 3.02e-06 | 0.23 s/step | ETA 21 min | mem 23.7 GB
03:31:51 step 30900/36406 loss 4.046 ema 3.362 lr 3.00e-06 | 0.23 s/step | ETA 21 min | mem 23.7 GB
03:32:00 step 30950/36406 loss 4.732 ema 3.690 lr 2.98e-06 | 0.23 s/step | ETA 21 min | mem 23.7 GB
03:32:10 step 31000/36406 loss 3.751 ema 3.267 lr 2.96e-06 | 0.23 s/step | ETA 20 min | mem 23.7 GB
03:32:31 saved ckpt 81 tensors
03:32:40 step 31050/36406 loss 4.913 ema 3.638 lr 2.94e-06 | 0.23 s/step | ETA 20 min | mem 23.7 GB
03:32:50 step 31100/36406 loss 2.795 ema 3.533 lr 2.93e-06 | 0.23 s/step | ETA 20 min | mem 23.7 GB
03:32:59 step 31150/36406 loss 2.031 ema 3.400 lr 2.91e-06 | 0.23 s/step | ETA 20 min | mem 23.7 GB
03:33:08 step 31200/36406 loss 3.530 ema 2.858 lr 2.89e-06 | 0.23 s/step | ETA 20 min | mem 23.7 GB
03:33:18 step 31250/36406 loss 1.320 ema 2.666 lr 2.88e-06 | 0.23 s/step | ETA 20 min | mem 23.7 GB
03:33:27 step 31300/36406 loss 1.781 ema 2.430 lr 2.86e-06 | 0.23 s/step | ETA 19 min | mem 23.7 GB
03:33:37 step 31350/36406 loss 4.319 ema 3.231 lr 2.84e-06 | 0.23 s/step | ETA 19 min | mem 23.7 GB
03:33:46 step 31400/36406 loss 2.951 ema 3.433 lr 2.83e-06 | 0.23 s/step | ETA 19 min | mem 23.7 GB
03:33:54 step 31450/36406 loss 3.801 ema 3.383 lr 2.81e-06 | 0.23 s/step | ETA 19 min | mem 23.7 GB
03:34:05 step 31500/36406 loss 3.651 ema 3.937 lr 2.79e-06 | 0.23 s/step | ETA 19 min | mem 23.7 GB
03:34:26 saved ckpt 81 tensors
03:34:34 step 31550/36406 loss 3.280 ema 3.088 lr 2.78e-06 | 0.23 s/step | ETA 18 min | mem 23.7 GB
03:34:45 step 31600/36406 loss 2.431 ema 2.609 lr 2.76e-06 | 0.23 s/step | ETA 18 min | mem 23.7 GB
03:34:53 step 31650/36406 loss 3.889 ema 2.878 lr 2.75e-06 | 0.23 s/step | ETA 18 min | mem 23.7 GB
03:35:02 step 31700/36406 loss 1.981 ema 2.709 lr 2.73e-06 | 0.23 s/step | ETA 18 min | mem 23.7 GB
03:35:12 step 31750/36406 loss 1.379 ema 2.861 lr 2.72e-06 | 0.23 s/step | ETA 18 min | mem 23.7 GB
03:35:21 step 31800/36406 loss 2.386 ema 2.843 lr 2.70e-06 | 0.23 s/step | ETA 17 min | mem 23.7 GB
03:35:31 step 31850/36406 loss 5.611 ema 2.830 lr 2.69e-06 | 0.23 s/step | ETA 17 min | mem 23.7 GB
03:35:40 step 31900/36406 loss 3.657 ema 3.353 lr 2.67e-06 | 0.23 s/step | ETA 17 min | mem 23.7 GB
03:35:48 step 31950/36406 loss 2.715 ema 3.377 lr 2.66e-06 | 0.23 s/step | ETA 17 min | mem 23.7 GB
03:35:59 step 32000/36406 loss 3.208 ema 3.259 lr 2.64e-06 | 0.23 s/step | ETA 17 min | mem 23.7 GB
03:36:19 saved ckpt 81 tensors
03:36:29 step 32050/36406 loss 2.791 ema 2.978 lr 2.63e-06 | 0.23 s/step | ETA 17 min | mem 23.7 GB
03:36:39 step 32100/36406 loss 2.432 ema 2.863 lr 2.61e-06 | 0.23 s/step | ETA 16 min | mem 23.7 GB
03:36:48 step 32150/36406 loss 3.677 ema 2.907 lr 2.60e-06 | 0.23 s/step | ETA 16 min | mem 23.7 GB
03:36:56 step 32200/36406 loss 2.180 ema 2.758 lr 2.59e-06 | 0.23 s/step | ETA 16 min | mem 23.7 GB
03:37:07 step 32250/36406 loss 2.170 ema 2.740 lr 2.57e-06 | 0.23 s/step | ETA 16 min | mem 23.7 GB
03:37:15 step 32300/36406 loss 0.722 ema 3.165 lr 2.56e-06 | 0.23 s/step | ETA 16 min | mem 23.7 GB
03:37:26 step 32350/36406 loss 1.725 ema 3.316 lr 2.55e-06 | 0.23 s/step | ETA 15 min | mem 23.7 GB
03:37:34 step 32400/36406 loss 2.092 ema 2.876 lr 2.53e-06 | 0.23 s/step | ETA 15 min | mem 23.7 GB
03:37:43 step 32450/36406 loss 2.606 ema 2.758 lr 2.52e-06 | 0.23 s/step | ETA 15 min | mem 23.7 GB
03:37:53 step 32500/36406 loss 4.426 ema 3.504 lr 2.51e-06 | 0.23 s/step | ETA 15 min | mem 23.7 GB
03:38:14 saved ckpt 81 tensors
03:38:23 step 32550/36406 loss 1.267 ema 3.276 lr 2.49e-06 | 0.23 s/step | ETA 15 min | mem 23.7 GB
03:38:33 step 32600/36406 loss 4.397 ema 3.505 lr 2.48e-06 | 0.23 s/step | ETA 14 min | mem 23.7 GB
03:38:42 step 32650/36406 loss 4.627 ema 3.906 lr 2.47e-06 | 0.23 s/step | ETA 14 min | mem 23.7 GB
03:38:50 step 32700/36406 loss 2.860 ema 3.716 lr 2.46e-06 | 0.23 s/step | ETA 14 min | mem 23.7 GB
03:39:01 step 32750/36406 loss 2.436 ema 2.922 lr 2.44e-06 | 0.23 s/step | ETA 14 min | mem 23.7 GB
03:39:09 step 32800/36406 loss 3.039 ema 2.806 lr 2.43e-06 | 0.23 s/step | ETA 14 min | mem 23.7 GB
03:39:20 step 32850/36406 loss 3.589 ema 2.796 lr 2.42e-06 | 0.23 s/step | ETA 13 min | mem 23.7 GB
03:39:28 step 32900/36406 loss 2.517 ema 3.128 lr 2.41e-06 | 0.23 s/step | ETA 13 min | mem 23.7 GB
03:39:37 step 32950/36406 loss 3.205 ema 3.108 lr 2.40e-06 | 0.23 s/step | ETA 13 min | mem 23.7 GB
03:39:46 step 33000/36406 loss 4.451 ema 3.518 lr 2.39e-06 | 0.23 s/step | ETA 13 min | mem 23.7 GB
03:40:06 saved ckpt 81 tensors
03:40:15 step 33050/36406 loss 3.893 ema 3.240 lr 2.37e-06 | 0.23 s/step | ETA 13 min | mem 23.7 GB
03:40:26 step 33100/36406 loss 2.733 ema 3.420 lr 2.36e-06 | 0.23 s/step | ETA 13 min | mem 23.7 GB
03:40:34 step 33150/36406 loss 4.761 ema 3.244 lr 2.35e-06 | 0.23 s/step | ETA 12 min | mem 23.7 GB
03:40:43 step 33200/36406 loss 2.787 ema 3.189 lr 2.34e-06 | 0.23 s/step | ETA 12 min | mem 23.7 GB
03:40:53 step 33250/36406 loss 2.166 ema 3.278 lr 2.33e-06 | 0.23 s/step | ETA 12 min | mem 23.7 GB
03:41:02 step 33300/36406 loss 3.028 ema 3.389 lr 2.32e-06 | 0.23 s/step | ETA 12 min | mem 23.7 GB
03:41:12 step 33350/36406 loss 4.444 ema 3.385 lr 2.31e-06 | 0.23 s/step | ETA 12 min | mem 23.7 GB
03:41:21 step 33400/36406 loss 2.827 ema 3.996 lr 2.30e-06 | 0.23 s/step | ETA 11 min | mem 23.7 GB
03:41:30 step 33450/36406 loss 3.352 ema 3.379 lr 2.29e-06 | 0.23 s/step | ETA 11 min | mem 23.7 GB
03:41:40 step 33500/36406 loss 3.408 ema 3.065 lr 2.28e-06 | 0.23 s/step | ETA 11 min | mem 23.7 GB
03:42:01 saved ckpt 81 tensors
03:42:09 step 33550/36406 loss 2.896 ema 2.676 lr 2.27e-06 | 0.23 s/step | ETA 11 min | mem 23.7 GB
03:42:20 step 33600/36406 loss 2.215 ema 2.602 lr 2.26e-06 | 0.23 s/step | ETA 11 min | mem 23.7 GB
03:42:28 step 33650/36406 loss 3.619 ema 2.633 lr 2.25e-06 | 0.23 s/step | ETA 10 min | mem 23.7 GB
03:42:37 step 33700/36406 loss 2.521 ema 2.972 lr 2.24e-06 | 0.23 s/step | ETA 10 min | mem 23.7 GB
03:42:47 step 33750/36406 loss 5.021 ema 3.143 lr 2.24e-06 | 0.23 s/step | ETA 10 min | mem 23.7 GB
03:42:56 step 33800/36406 loss 3.085 ema 3.066 lr 2.23e-06 | 0.23 s/step | ETA 10 min | mem 23.7 GB
03:43:06 step 33850/36406 loss 2.764 ema 3.095 lr 2.22e-06 | 0.23 s/step | ETA 10 min | mem 23.7 GB
03:43:15 step 33900/36406 loss 3.129 ema 3.105 lr 2.21e-06 | 0.23 s/step | ETA 9 min | mem 23.7 GB
03:43:23 step 33950/36406 loss 1.560 ema 3.165 lr 2.20e-06 | 0.23 s/step | ETA 9 min | mem 23.7 GB
03:43:34 step 34000/36406 loss 4.589 ema 3.620 lr 2.19e-06 | 0.23 s/step | ETA 9 min | mem 23.7 GB
03:43:55 saved ckpt 81 tensors
03:44:03 step 34050/36406 loss 3.578 ema 3.481 lr 2.19e-06 | 0.23 s/step | ETA 9 min | mem 23.7 GB
03:44:14 step 34100/36406 loss 3.436 ema 2.878 lr 2.18e-06 | 0.23 s/step | ETA 9 min | mem 23.7 GB
03:44:22 step 34150/36406 loss 2.651 ema 3.116 lr 2.17e-06 | 0.23 s/step | ETA 9 min | mem 23.7 GB
03:44:31 step 34200/36406 loss 3.195 ema 2.903 lr 2.16e-06 | 0.23 s/step | ETA 8 min | mem 23.7 GB
03:44:41 step 34250/36406 loss 3.244 ema 2.720 lr 2.16e-06 | 0.23 s/step | ETA 8 min | mem 23.7 GB
03:44:50 step 34300/36406 loss 2.431 ema 3.010 lr 2.15e-06 | 0.23 s/step | ETA 8 min | mem 23.7 GB
03:45:00 step 34350/36406 loss 3.275 ema 2.807 lr 2.14e-06 | 0.23 s/step | ETA 8 min | mem 23.7 GB
03:45:09 step 34400/36406 loss 4.011 ema 2.934 lr 2.13e-06 | 0.23 s/step | ETA 8 min | mem 23.7 GB
03:45:19 step 34450/36406 loss 4.730 ema 2.929 lr 2.13e-06 | 0.23 s/step | ETA 7 min | mem 23.7 GB
03:45:28 step 34500/36406 loss 4.746 ema 3.685 lr 2.12e-06 | 0.23 s/step | ETA 7 min | mem 23.7 GB
03:45:49 saved ckpt 81 tensors
03:45:57 step 34550/36406 loss 1.881 ema 3.489 lr 2.12e-06 | 0.23 s/step | ETA 7 min | mem 23.7 GB
03:46:08 step 34600/36406 loss 2.182 ema 3.446 lr 2.11e-06 | 0.23 s/step | ETA 7 min | mem 23.7 GB
03:46:16 step 34650/36406 loss 5.261 ema 3.057 lr 2.10e-06 | 0.23 s/step | ETA 7 min | mem 23.7 GB
03:46:25 step 34700/36406 loss 3.839 ema 3.439 lr 2.10e-06 | 0.23 s/step | ETA 6 min | mem 23.7 GB
03:46:36 step 34750/36406 loss 3.369 ema 3.326 lr 2.09e-06 | 0.23 s/step | ETA 6 min | mem 23.7 GB
03:46:44 step 34800/36406 loss 4.059 ema 3.839 lr 2.09e-06 | 0.23 s/step | ETA 6 min | mem 23.7 GB
03:46:55 step 34850/36406 loss 0.390 ema 3.760 lr 2.08e-06 | 0.23 s/step | ETA 6 min | mem 23.7 GB
03:47:03 step 34900/36406 loss 4.568 ema 3.391 lr 2.08e-06 | 0.23 s/step | ETA 6 min | mem 23.7 GB
03:47:12 step 34950/36406 loss 2.700 ema 3.083 lr 2.07e-06 | 0.23 s/step | ETA 6 min | mem 23.7 GB
03:47:22 step 35000/36406 loss 5.156 ema 3.133 lr 2.07e-06 | 0.23 s/step | ETA 5 min | mem 23.7 GB
03:47:43 saved ckpt 81 tensors
03:47:52 step 35050/36406 loss 2.413 ema 3.332 lr 2.06e-06 | 0.23 s/step | ETA 5 min | mem 23.7 GB
03:48:03 step 35100/36406 loss 4.199 ema 3.542 lr 2.06e-06 | 0.23 s/step | ETA 5 min | mem 23.7 GB
03:48:11 step 35150/36406 loss 0.779 ema 3.805 lr 2.05e-06 | 0.23 s/step | ETA 5 min | mem 23.7 GB
03:48:20 step 35200/36406 loss 3.780 ema 3.494 lr 2.05e-06 | 0.23 s/step | ETA 5 min | mem 23.7 GB
03:48:30 step 35250/36406 loss 4.643 ema 3.619 lr 2.04e-06 | 0.23 s/step | ETA 4 min | mem 23.7 GB
03:48:39 step 35300/36406 loss 1.915 ema 3.747 lr 2.04e-06 | 0.23 s/step | ETA 4 min | mem 23.7 GB
03:48:49 step 35350/36406 loss 4.519 ema 3.877 lr 2.04e-06 | 0.23 s/step | ETA 4 min | mem 23.7 GB
03:48:58 step 35400/36406 loss 4.858 ema 3.796 lr 2.03e-06 | 0.23 s/step | ETA 4 min | mem 23.7 GB
03:49:06 step 35450/36406 loss 4.884 ema 3.998 lr 2.03e-06 | 0.23 s/step | ETA 4 min | mem 23.7 GB
03:49:17 step 35500/36406 loss 3.310 ema 3.898 lr 2.03e-06 | 0.23 s/step | ETA 3 min | mem 23.7 GB
03:49:38 saved ckpt 81 tensors
03:49:47 step 35550/36406 loss 3.414 ema 2.688 lr 2.02e-06 | 0.23 s/step | ETA 3 min | mem 23.7 GB
03:49:57 step 35600/36406 loss 4.103 ema 3.089 lr 2.02e-06 | 0.23 s/step | ETA 3 min | mem 23.7 GB
03:50:06 step 35650/36406 loss 3.354 ema 3.589 lr 2.02e-06 | 0.23 s/step | ETA 3 min | mem 23.7 GB
03:50:14 step 35700/36406 loss 4.317 ema 3.746 lr 2.02e-06 | 0.23 s/step | ETA 3 min | mem 23.7 GB
03:50:25 step 35750/36406 loss 2.666 ema 3.422 lr 2.01e-06 | 0.23 s/step | ETA 2 min | mem 23.7 GB
03:50:33 step 35800/36406 loss 1.740 ema 2.966 lr 2.01e-06 | 0.23 s/step | ETA 2 min | mem 23.7 GB
03:50:44 step 35850/36406 loss 2.721 ema 2.790 lr 2.01e-06 | 0.23 s/step | ETA 2 min | mem 23.7 GB
03:50:52 step 35900/36406 loss 3.501 ema 2.997 lr 2.01e-06 | 0.23 s/step | ETA 2 min | mem 23.7 GB
03:51:01 step 35950/36406 loss 2.501 ema 2.912 lr 2.01e-06 | 0.23 s/step | ETA 2 min | mem 23.7 GB
03:51:11 step 36000/36406 loss 1.644 ema 3.306 lr 2.01e-06 | 0.23 s/step | ETA 2 min | mem 23.7 GB
03:51:32 saved ckpt 81 tensors
03:51:41 step 36050/36406 loss 3.176 ema 3.198 lr 2.00e-06 | 0.23 s/step | ETA 1 min | mem 23.7 GB
03:51:51 step 36100/36406 loss 4.931 ema 3.564 lr 2.00e-06 | 0.23 s/step | ETA 1 min | mem 23.7 GB
03:52:00 step 36150/36406 loss 2.367 ema 3.195 lr 2.00e-06 | 0.23 s/step | ETA 1 min | mem 23.7 GB
03:52:08 step 36200/36406 loss 3.709 ema 3.101 lr 2.00e-06 | 0.23 s/step | ETA 1 min | mem 23.7 GB
03:52:19 step 36250/36406 loss 4.040 ema 3.014 lr 2.00e-06 | 0.23 s/step | ETA 1 min | mem 23.7 GB
03:52:27 step 36300/36406 loss 1.798 ema 2.772 lr 2.00e-06 | 0.23 s/step | ETA 0 min | mem 23.7 GB
03:52:38 step 36350/36406 loss 1.247 ema 2.858 lr 2.00e-06 | 0.23 s/step | ETA 0 min | mem 23.7 GB
03:52:46 step 36400/36406 loss 4.241 ema 3.246 lr 2.00e-06 | 0.23 s/step | ETA 0 min | mem 23.7 GB
03:52:52 saved final 81 tensors
03:52:56 [eval after] blocks 2858 | per-position match [0.668, 0.501, 0.38, 0.348, 0.309, 0.28, 0.247] | tokens/cycle 2.82 (ratio 0.260)
