16:47:38 drafter block 8 mask 248070 H 5120 | trainable 131.1 M (fc+hidden_norm)
16:47:56 pack embed (248320, 5120) block 1024 | lm_head (248320, 5120) block 1024
16:48:44 drafter block 8 mask 248070 H 5120 | trainable 131.1 M (fc+hidden_norm)
16:48:50 pack embed (248320, 5120) block 1024 | lm_head (248320, 5120) block 1024
16:48:51 111 shards (2160000 train tokens in 108 shards), eval 40 docs from the last 3 shard(s)
16:48:56 [eval baseline] blocks 2679 | per-position match [0.662, 0.469, 0.376, 0.32, 0.272, 0.248, 0.213] | tokens/cycle 2.85 (ratio 0.264)
16:49:00 drafter block 8 mask 248070 H 5120 | trainable 131.1 M (fc+hidden_norm)
16:49:06 pack embed (248320, 5120) block 1024 | lm_head (248320, 5120) block 1024
16:49:07 111 shards (2160000 train tokens in 108 shards), eval 40 docs from the last 3 shard(s)
16:49:10 [eval baseline] blocks 1342 | per-position match [0.661, 0.474, 0.367, 0.318, 0.281, 0.256, 0.22] | tokens/cycle 2.85 (ratio 0.264)
16:49:10 train: ~4218 steps (1.0 epoch(s), stride 32, batch 16, lr 5e-05)
16:49:13 step 50/4218 loss 2.567 ema 3.257 lr 2.50e-05 | 0.07 s/step | ETA 5 min | mem 11.0 GB
16:49:17 step 100/4218 loss 4.541 ema 3.824 lr 4.99e-05 | 0.08 s/step | ETA 5 min | mem 11.0 GB
16:49:20 step 150/4218 loss 3.273 ema 3.909 lr 4.99e-05 | 0.07 s/step | ETA 5 min | mem 11.0 GB
16:49:27 step 200/4218 loss 4.846 ema 3.678 lr 4.98e-05 | 0.09 s/step | ETA 6 min | mem 11.0 GB
16:49:30 step 250/4218 loss 2.265 ema 3.681 lr 4.96e-05 | 0.08 s/step | ETA 5 min | mem 11.0 GB
16:49:33 step 300/4218 loss 4.912 ema 3.862 lr 4.94e-05 | 0.08 s/step | ETA 5 min | mem 11.0 GB
16:49:36 step 350/4218 loss 3.197 ema 3.944 lr 4.92e-05 | 0.08 s/step | ETA 5 min | mem 11.0 GB
16:49:42 step 400/4218 loss 3.994 ema 3.594 lr 4.90e-05 | 0.08 s/step | ETA 5 min | mem 11.0 GB
16:49:47 step 450/4218 loss 1.067 ema 3.717 lr 4.88e-05 | 0.08 s/step | ETA 5 min | mem 11.0 GB
16:49:50 step 500/4218 loss 4.721 ema 3.498 lr 4.85e-05 | 0.08 s/step | ETA 5 min | mem 11.0 GB
16:49:50 saved ckpt 2 tensors
16:49:57 step 550/4218 loss 3.052 ema 3.480 lr 4.81e-05 | 0.09 s/step | ETA 5 min | mem 11.0 GB
16:50:02 step 600/4218 loss 4.771 ema 3.165 lr 4.78e-05 | 0.09 s/step | ETA 5 min | mem 11.0 GB
16:50:06 step 650/4218 loss 5.118 ema 3.345 lr 4.74e-05 | 0.09 s/step | ETA 5 min | mem 11.0 GB
16:50:09 step 700/4218 loss 2.503 ema 3.465 lr 4.70e-05 | 0.09 s/step | ETA 5 min | mem 11.0 GB
16:50:13 step 750/4218 loss 1.638 ema 3.649 lr 4.66e-05 | 0.08 s/step | ETA 5 min | mem 11.0 GB
16:50:16 step 800/4218 loss 2.820 ema 3.916 lr 4.61e-05 | 0.08 s/step | ETA 5 min | mem 11.0 GB
16:50:20 step 850/4218 loss 1.277 ema 3.922 lr 4.56e-05 | 0.08 s/step | ETA 5 min | mem 11.0 GB
16:50:24 step 900/4218 loss 3.892 ema 4.035 lr 4.51e-05 | 0.08 s/step | ETA 5 min | mem 11.0 GB
16:50:31 step 950/4218 loss 0.731 ema 3.783 lr 4.46e-05 | 0.09 s/step | ETA 5 min | mem 11.0 GB
16:50:34 step 1000/4218 loss 4.050 ema 4.009 lr 4.41e-05 | 0.08 s/step | ETA 5 min | mem 11.0 GB
16:50:34 saved ckpt 2 tensors
16:50:37 step 1050/4218 loss 2.538 ema 3.900 lr 4.35e-05 | 0.08 s/step | ETA 4 min | mem 11.0 GB
16:50:40 step 1100/4218 loss 3.072 ema 3.632 lr 4.29e-05 | 0.08 s/step | ETA 4 min | mem 11.0 GB
16:50:44 step 1150/4218 loss 4.883 ema 3.919 lr 4.23e-05 | 0.08 s/step | ETA 4 min | mem 11.0 GB
16:50:47 step 1200/4218 loss 2.364 ema 4.138 lr 4.16e-05 | 0.08 s/step | ETA 4 min | mem 11.0 GB
16:50:50 step 1250/4218 loss 3.290 ema 4.091 lr 4.09e-05 | 0.08 s/step | ETA 4 min | mem 11.0 GB
16:50:55 step 1300/4218 loss 4.194 ema 3.781 lr 4.03e-05 | 0.08 s/step | ETA 4 min | mem 11.0 GB
16:51:00 step 1350/4218 loss 4.617 ema 3.981 lr 3.96e-05 | 0.08 s/step | ETA 4 min | mem 11.0 GB
16:51:03 step 1400/4218 loss 5.002 ema 4.103 lr 3.89e-05 | 0.08 s/step | ETA 4 min | mem 11.0 GB
16:51:06 step 1450/4218 loss 2.577 ema 4.198 lr 3.81e-05 | 0.08 s/step | ETA 4 min | mem 11.0 GB
16:51:09 step 1500/4218 loss 3.235 ema 3.915 lr 3.74e-05 | 0.08 s/step | ETA 4 min | mem 11.0 GB
16:51:10 saved ckpt 2 tensors
16:51:14 step 1550/4218 loss 4.925 ema 3.786 lr 3.66e-05 | 0.08 s/step | ETA 4 min | mem 11.0 GB
16:51:17 step 1600/4218 loss 4.560 ema 3.752 lr 3.58e-05 | 0.08 s/step | ETA 3 min | mem 11.0 GB
16:51:25 step 1650/4218 loss 2.254 ema 3.811 lr 3.51e-05 | 0.08 s/step | ETA 4 min | mem 11.0 GB
16:51:28 step 1700/4218 loss 4.232 ema 4.014 lr 3.43e-05 | 0.08 s/step | ETA 3 min | mem 11.0 GB
16:51:33 step 1750/4218 loss 4.221 ema 3.889 lr 3.35e-05 | 0.08 s/step | ETA 3 min | mem 11.0 GB
16:51:36 step 1800/4218 loss 3.040 ema 3.765 lr 3.26e-05 | 0.08 s/step | ETA 3 min | mem 11.0 GB
16:51:41 step 1850/4218 loss 2.494 ema 3.875 lr 3.18e-05 | 0.08 s/step | ETA 3 min | mem 11.0 GB
16:51:46 step 1900/4218 loss 4.343 ema 3.973 lr 3.10e-05 | 0.08 s/step | ETA 3 min | mem 11.0 GB
16:51:49 step 1950/4218 loss 3.441 ema 3.750 lr 3.02e-05 | 0.08 s/step | ETA 3 min | mem 11.0 GB
16:51:54 step 2000/4218 loss 2.497 ema 3.702 lr 2.93e-05 | 0.08 s/step | ETA 3 min | mem 11.0 GB
16:51:54 saved ckpt 2 tensors
16:52:02 step 2050/4218 loss 3.016 ema 3.679 lr 2.85e-05 | 0.08 s/step | ETA 3 min | mem 11.0 GB
16:52:05 step 2100/4218 loss 5.111 ema 3.809 lr 2.77e-05 | 0.08 s/step | ETA 3 min | mem 11.0 GB
16:52:08 step 2150/4218 loss 2.744 ema 4.111 lr 2.68e-05 | 0.08 s/step | ETA 3 min | mem 11.0 GB
16:52:13 step 2200/4218 loss 1.611 ema 3.533 lr 2.60e-05 | 0.08 s/step | ETA 3 min | mem 11.0 GB
16:52:18 step 2250/4218 loss 1.108 ema 3.567 lr 2.52e-05 | 0.08 s/step | ETA 3 min | mem 11.0 GB
16:52:23 step 2300/4218 loss 2.194 ema 4.075 lr 2.43e-05 | 0.08 s/step | ETA 3 min | mem 11.0 GB
16:52:26 step 2350/4218 loss 3.461 ema 3.984 lr 2.35e-05 | 0.08 s/step | ETA 3 min | mem 11.0 GB
16:52:30 step 2400/4218 loss 2.238 ema 3.787 lr 2.27e-05 | 0.08 s/step | ETA 3 min | mem 11.0 GB
16:52:35 step 2450/4218 loss 4.739 ema 3.608 lr 2.19e-05 | 0.08 s/step | ETA 2 min | mem 11.0 GB
16:52:38 step 2500/4218 loss 4.548 ema 3.653 lr 2.11e-05 | 0.08 s/step | ETA 2 min | mem 11.0 GB
16:52:38 saved ckpt 2 tensors
16:52:43 step 2550/4218 loss 4.178 ema 3.615 lr 2.03e-05 | 0.08 s/step | ETA 2 min | mem 11.0 GB
16:52:48 step 2600/4218 loss 4.773 ema 3.738 lr 1.95e-05 | 0.08 s/step | ETA 2 min | mem 11.0 GB
16:52:52 step 2650/4218 loss 4.933 ema 3.903 lr 1.87e-05 | 0.08 s/step | ETA 2 min | mem 11.0 GB
16:52:59 step 2700/4218 loss 3.323 ema 3.759 lr 1.79e-05 | 0.08 s/step | ETA 2 min | mem 11.0 GB
16:53:03 step 2750/4218 loss 4.511 ema 4.032 lr 1.72e-05 | 0.09 s/step | ETA 2 min | mem 11.0 GB
16:53:07 step 2800/4218 loss 1.777 ema 3.464 lr 1.64e-05 | 0.08 s/step | ETA 2 min | mem 11.0 GB
16:53:12 step 2850/4218 loss 3.127 ema 3.300 lr 1.57e-05 | 0.08 s/step | ETA 2 min | mem 11.0 GB
16:53:19 step 2900/4218 loss 3.158 ema 3.577 lr 1.50e-05 | 0.09 s/step | ETA 2 min | mem 11.0 GB
16:53:22 step 2950/4218 loss 1.910 ema 3.501 lr 1.43e-05 | 0.09 s/step | ETA 2 min | mem 11.0 GB
16:53:25 step 3000/4218 loss 4.808 ema 3.760 lr 1.37e-05 | 0.09 s/step | ETA 2 min | mem 11.0 GB
16:53:26 saved ckpt 2 tensors
16:53:31 step 3050/4218 loss 4.843 ema 3.840 lr 1.30e-05 | 0.09 s/step | ETA 2 min | mem 11.0 GB
16:53:36 step 3100/4218 loss 4.448 ema 3.865 lr 1.24e-05 | 0.09 s/step | ETA 2 min | mem 11.0 GB
16:53:41 step 3150/4218 loss 4.069 ema 3.891 lr 1.18e-05 | 0.09 s/step | ETA 2 min | mem 11.0 GB
16:53:44 step 3200/4218 loss 4.877 ema 3.906 lr 1.12e-05 | 0.09 s/step | ETA 1 min | mem 11.0 GB
16:53:49 step 3250/4218 loss 4.752 ema 3.794 lr 1.06e-05 | 0.09 s/step | ETA 1 min | mem 11.0 GB
16:53:54 step 3300/4218 loss 3.329 ema 3.782 lr 1.01e-05 | 0.09 s/step | ETA 1 min | mem 11.0 GB
16:53:59 step 3350/4218 loss 5.025 ema 3.832 lr 9.55e-06 | 0.09 s/step | ETA 1 min | mem 11.0 GB
16:54:06 step 3400/4218 loss 4.732 ema 3.828 lr 9.06e-06 | 0.09 s/step | ETA 1 min | mem 11.0 GB
16:54:11 step 3450/4218 loss 4.334 ema 3.950 lr 8.59e-06 | 0.09 s/step | ETA 1 min | mem 11.0 GB
16:54:14 step 3500/4218 loss 3.452 ema 3.604 lr 8.15e-06 | 0.09 s/step | ETA 1 min | mem 11.0 GB
16:54:15 saved ckpt 2 tensors
16:54:20 step 3550/4218 loss 3.506 ema 3.436 lr 7.74e-06 | 0.09 s/step | ETA 1 min | mem 11.0 GB
16:54:25 step 3600/4218 loss 1.697 ema 3.528 lr 7.35e-06 | 0.09 s/step | ETA 1 min | mem 11.0 GB
16:54:30 step 3650/4218 loss 4.629 ema 3.578 lr 6.99e-06 | 0.09 s/step | ETA 1 min | mem 11.0 GB
16:54:35 step 3700/4218 loss 2.545 ema 3.647 lr 6.66e-06 | 0.09 s/step | ETA 1 min | mem 11.0 GB
16:54:38 step 3750/4218 loss 4.465 ema 3.321 lr 6.36e-06 | 0.09 s/step | ETA 1 min | mem 11.0 GB
16:54:43 step 3800/4218 loss 2.208 ema 3.397 lr 6.09e-06 | 0.09 s/step | ETA 1 min | mem 11.0 GB
16:54:48 step 3850/4218 loss 5.883 ema 3.751 lr 5.84e-06 | 0.09 s/step | ETA 1 min | mem 11.0 GB
16:54:53 step 3900/4218 loss 3.670 ema 3.659 lr 5.63e-06 | 0.09 s/step | ETA 0 min | mem 11.0 GB
16:54:59 step 3950/4218 loss 1.333 ema 3.528 lr 5.45e-06 | 0.09 s/step | ETA 0 min | mem 11.0 GB
16:55:04 step 4000/4218 loss 5.256 ema 3.550 lr 5.30e-06 | 0.09 s/step | ETA 0 min | mem 11.0 GB
16:55:05 saved ckpt 2 tensors
16:55:10 step 4050/4218 loss 2.871 ema 3.438 lr 5.18e-06 | 0.09 s/step | ETA 0 min | mem 11.0 GB
16:55:13 step 4100/4218 loss 4.555 ema 3.763 lr 5.09e-06 | 0.09 s/step | ETA 0 min | mem 11.0 GB
16:55:20 step 4150/4218 loss 1.614 ema 3.707 lr 5.03e-06 | 0.09 s/step | ETA 0 min | mem 11.0 GB
16:55:25 step 4200/4218 loss 0.657 ema 3.819 lr 5.00e-06 | 0.09 s/step | ETA 0 min | mem 11.0 GB
16:55:26 saved final 2 tensors
16:55:28 [eval after] blocks 1342 | per-position match [0.677, 0.495, 0.384, 0.338, 0.291, 0.271, 0.236] | tokens/cycle 2.95 (ratio 0.279)
