[console] [vs] imported
23:25:36 {"state":"imported","prog":"weights 1256423040/5935527936"}
23:25:41 {"state":"imported","prog":"weights /"}
[console] [vs] loaded
[console] [vs] prompt 57 tokens, greedy [71093,12305,198,12237,198,75,2585,11198,6971,271,1378,4522,264,11088,436,34810,318]
[console] [vs] sessions built {"verify8":155,"replay2":122,"rewind":3}; rewind graph 96 nodes / 144 steps over 48 linear layers
[console] [vs] verify(8): 8/8 rows match, next 6971 (expect 6971)
[console] [vs] n=2: state bitwise 39223296/39223296 maxAbs 0 maxRel 0; next cycle identical true (greedy 8/8); rewind 7.5 ms vs replay 54.4 ms
[console] [vs] done
23:25:46 {"state":"done","prog":"ready /"}
RESULTS {
 "results": {
  "prompt": "code",
  "promptTokens": 57,
  "greedy": [
   71093,
   12305,
   198,
   12237,
   198,
   75,
   2585,
   11198,
   6971,
   271,
   1378,
   4522,
   264,
   11088,
   436,
   34810,
   318
  ],
  "smallM": "f16",
  "buildMs": {
   "verify8": 155,
   "replay2": 122,
   "rewind": 3
  },
  "dims": {
   "convDim": 10240,
   "convState": 3,
   "numHeads": 48,
   "headDimK": 128,
   "headDimV": 128,
   "linearLayers": 48,
   "rewindNodes": 96,
   "rewindSteps": 144,
   "stateElementsPerSnapshot": 39223296
  },
  "verify8": {
   "next_token": 6971,
   "expect": 6971,
   "verify_tokens": [
    12305,
    198,
    12237,
    198,
    75,
    2585,
    11198,
    6971
   ],
   "expectRows": [
    12305,
    198,
    12237,
    198,
    75,
    2585,
    11198,
    6971
   ],
   "matches": 8
  },
  "byN": {
   "2": {
    "n": 2,
    "replayNext": {
     "got": 198,
     "expect": 198,
     "ok": true
    },
    "teeDiag": {
     "0": {
      "bcx": {
       "eq": 0,
       "of": 20480,
       "maxAbs": 32.01602554321289,
       "s8": [
        -0.04976704716682434,
        -0.023497045040130615,
        -0.7139599323272705
       ],
       "sn": [
        -2.5461130142211914,
        -1.2235214710235596,
        -0.11034843325614929
       ]
      },
      "gate": {
       "eq": 0,
       "of": 192,
       "maxAbs": 3.3502516746520996,
       "s8": [
        0.05860695242881775,
        0.933264434337616,
        0.9951423406600952
       ],
       "sn": [
        0.1486281305551529,
        0.9877848625183105,
        0.8078587651252747
       ]
      }
     },
     "32": {
      "bcx": {
       "eq": 0,
       "of": 20480,
       "maxAbs": 5.752692461013794,
       "s8": [
        -0.07126182317733765,
        0.9979497194290161,
        1.374650239944458
       ],
       "sn": [
        0.6826648116111755,
        1.1857448816299438,
        0.920009970664978
       ]
      },
      "gate": {
       "eq": 0,
       "of": 192,
       "maxAbs": 0.6420002579689026,
       "s8": [
        0.3203843832015991,
        0.28160321712493896,
        0.5319074988365173
       ],
       "sn": [
        0.17988286912441254,
        0.11284258216619492,
        0.2993199825286865
       ]
      }
     },
     "62": {
      "bcx": {
       "eq": 0,
       "of": 20480,
       "maxAbs": 13.029857635498047,
       "s8": [
        1.5933811664581299,
        1.8286150693893433,
        1.4829354286193848
       ],
       "sn": [
        0.552327573299408,
        -1.7807621955871582,
        -1.2764219045639038
       ]
      },
      "gate": {
       "eq": 0,
       "of": 192,
       "maxAbs": 2.0093284845352173,
       "s8": [
        0.8775866031646729,
        0.9571264982223511,
        0.9607293009757996
       ],
       "sn": [
        0.6824730038642883,
        0.7429067492485046,
        0.5375649333000183
       ]
      }
     }
    },
    "state": {
     "elements": 39223296,
     "bitwiseEqual": 39223296,
     "bitwiseFrac": 1,
     "maxAbs": 0,
     "maxRel": 0,
     "maxAt": null
    },
    "nextCycle": {
     "rewind": {
      "next": 1378,
      "tokens": [
       12237,
       198,
       75,
       2585,
       11198,
       6971,
       271,
       1378
      ]
     },
     "replay": {
      "next": 1378,
      "tokens": [
       12237,
       198,
       75,
       2585,
       11198,
       6971,
       271,
       1378
      ]
     },
     "identical": true,
     "greedyMatches": 8,
     "nextOk": true
    },
    "timing": {
     "rewindMs": [
      7.5,
      7.5
     ],
     "rewindMedian": 7.5,
     "replayMs": [
      54.4,
      54.2
     ],
     "replayMedian": 54.4,
     "speedup": 7.3
    }
   }
  }
 },
 "log": [
  "imported",
  "loaded",
  "prompt 57 tokens, greedy [71093,12305,198,12237,198,75,2585,11198,6971,271,1378,4522,264,11088,436,34810,318]",
  "sessions built {\"verify8\":155,\"replay2\":122,\"rewind\":3}; rewind graph 96 nodes / 144 steps over 48 linear layers",
  "verify(8): 8/8 rows match, next 6971 (expect 6971)",
  "n=2: state bitwise 39223296/39223296 maxAbs 0 maxRel 0; next cycle identical true (greedy 8/8); rewind 7.5 ms vs replay 54.4 ms",
  "done"
 ]
}
