[console] [vs] imported
22:56:14 {"state":"imported","prog":"weights 1962112896/5935527936"}
22:56:19 {"state":"imported","prog":"weights /"}
[console] [vs] loaded
[console] [vs] greedy 6 tokens: [43,21204,19154,2418,430,50032], prompt 21, seq 26
[console] [vs] verify session built in 375 ms: 1357 nodes vs 1351 default; outputs dspark.features,verify_tokens,verify_logits,next_token
[console] [vs] done: 5/5 rows match, verify step 95.1/82.2/82.2/82.2/82.1/82.1 ms vs decode 35.1 ms/token (ratio 2.34); features shape ok nonzero 1
22:56:24 {"state":"done: 5/5 rows match, verify step 95.1/82.2/82.2/82.2/82.1/82.1 ms vs decode 35.1 ms/token (ratio 2.34); features shape ok nonzero 1","prog":"ready /","buildMs":375}
RESULTS {
 "results": {
  "greedy": [
   43,
   21204,
   19154,
   2418,
   430,
   50032
  ],
  "verify_tokens": [
   21204,
   19154,
   2418,
   430,
   50032
  ],
  "expect": [
   21204,
   19154,
   2418,
   430,
   50032
  ],
  "match": [
   true,
   true,
   true,
   true,
   true
  ],
  "matches": 5,
  "next_token_from_verify": 50032,
  "next_token_expected": 50032,
  "normalPrefillTok": 50032,
  "normalPrefillMatch": true,
  "stepMs": [
   95.1,
   82.2,
   82.2,
   82.2,
   82.1,
   82.1
  ],
  "stepMinMs": 82.1,
  "readbackMs": 4.2,
  "decodeMs": 35.1,
  "ratio": 2.34,
  "features": {
   "dtype": "float32",
   "shape": [
    5,
    25600
   ],
   "length": 128000,
   "expectLength": 128000,
   "shapeOk": true,
   "nonZero": 128000,
   "nonZeroFrac": 1,
   "perTap": [
    {
     "layer": 6,
     "meanAbs": 0.1143,
     "maxAbs": 33.479,
     "nonZero": 25600,
     "of": 25600,
     "finite": true
    },
    {
     "layer": 20,
     "meanAbs": 0.4247,
     "maxAbs": 49.232,
     "nonZero": 25600,
     "of": 25600,
     "finite": true
    },
    {
     "layer": 34,
     "meanAbs": 0.5552,
     "maxAbs": 46.352,
     "nonZero": 25600,
     "of": 25600,
     "finite": true
    },
    {
     "layer": 48,
     "meanAbs": 0.8826,
     "maxAbs": 48.121,
     "nonZero": 25600,
     "of": 25600,
     "finite": true
    },
    {
     "layer": 62,
     "meanAbs": 3.1155,
     "maxAbs": 45.276,
     "nonZero": 25600,
     "of": 25600,
     "finite": true
    }
   ],
   "sampleRow0Tap0": [
    -0.1102,
    0.0127,
    0.0305,
    0.081,
    -0.0827,
    -0.0043
   ],
   "rowsDistinct": 5
  },
  "head": {
   "packsQ1": false,
   "lmHeadQ4": true,
   "lmHeadQ8": false,
   "lmHeadFormat": null,
   "lmHeadLut": 9,
   "lmHeadScanBits": null,
   "lmHeadRescoreFormat": null,
   "prismHeadRotated": true,
   "hidden": 5120,
   "layers": 64,
   "vocab": 248320,
   "f16": true,
   "smallM": {
    "precision": "f16"
   },
   "kiRoute": "prism.head (LlamaPrefillMatmul M=1 + ArgMax)"
  },
  "graph": {
   "defaultNodes": 1351,
   "emptyOptsNodes": 1351,
   "defaultOutputs": [
    "next_token"
   ],
   "defaultHasPick": false,
   "verifyNodes": 1357,
   "verifyOutputs": [
    "dspark.features",
    "verify_tokens",
    "verify_logits",
    "next_token"
   ],
   "verifyTail": 6,
   "defaultTail": 5
  },
  "taps": [
   6,
   20,
   34,
   48,
   62
  ],
  "smallM": {
   "precision": "f16"
  },
  "margins": [
   {
    "argmax": 21204,
    "top1": 29.1691,
    "margin": 10.6275
   },
   {
    "argmax": 19154,
    "top1": 22.8118,
    "margin": 6.3546
   },
   {
    "argmax": 2418,
    "top1": 18.3191,
    "margin": 1.1121
   },
   {
    "argmax": 430,
    "top1": 21.6188,
    "margin": 6.0945
   },
   {
    "argmax": 50032,
    "top1": 17.5264,
    "margin": 0.5288
   }
  ],
  "minMargin": 0.5288
 },
 "log": [
  "imported",
  "loaded",
  "greedy 6 tokens: [43,21204,19154,2418,430,50032], prompt 21, seq 26",
  "verify session built in 375 ms: 1357 nodes vs 1351 default; outputs dspark.features,verify_tokens,verify_logits,next_token",
  "done: 5/5 rows match, verify step 95.1/82.2/82.2/82.2/82.1/82.1 ms vs decode 35.1 ms/token (ratio 2.34); features shape ok nonzero 1"
 ]
}
