[console] [vs] imported
22:55:49 {"state":"imported","prog":"weights 2184753792/5935527936"}
22:55:54 {"state":"imported","prog":"weights /"}
[console] [vs] loaded
[console] [vs] greedy 5 tokens: [43,21204,19154,2418,430], prompt 21, seq 25
[console] [vs] verify session built in 328 ms: 1357 nodes vs 1351 default; outputs dspark.features,verify_tokens,verify_logits,next_token
[console] [vs] done: 4/4 rows match, verify step 85/72.4/72.3/72.2/72.3/72.1 ms vs decode 34.8 ms/token (ratio 2.07); features shape ok nonzero 1
22:55:59 {"state":"done: 4/4 rows match, verify step 85/72.4/72.3/72.2/72.3/72.1 ms vs decode 34.8 ms/token (ratio 2.07); features shape ok nonzero 1","prog":"ready /","buildMs":328}
RESULTS {
 "results": {
  "greedy": [
   43,
   21204,
   19154,
   2418,
   430
  ],
  "verify_tokens": [
   21204,
   19154,
   2418,
   430
  ],
  "expect": [
   21204,
   19154,
   2418,
   430
  ],
  "match": [
   true,
   true,
   true,
   true
  ],
  "matches": 4,
  "next_token_from_verify": 430,
  "next_token_expected": 430,
  "normalPrefillTok": 430,
  "normalPrefillMatch": true,
  "stepMs": [
   85,
   72.4,
   72.3,
   72.2,
   72.3,
   72.1
  ],
  "stepMinMs": 72.1,
  "readbackMs": 3.9,
  "decodeMs": 34.8,
  "ratio": 2.07,
  "features": {
   "dtype": "float32",
   "shape": [
    4,
    25600
   ],
   "length": 102400,
   "expectLength": 102400,
   "shapeOk": true,
   "nonZero": 102400,
   "nonZeroFrac": 1,
   "perTap": [
    {
     "layer": 6,
     "meanAbs": 0.1239,
     "maxAbs": 33.479,
     "nonZero": 20480,
     "of": 20480,
     "finite": true
    },
    {
     "layer": 20,
     "meanAbs": 0.4349,
     "maxAbs": 49.232,
     "nonZero": 20480,
     "of": 20480,
     "finite": true
    },
    {
     "layer": 34,
     "meanAbs": 0.585,
     "maxAbs": 44.962,
     "nonZero": 20480,
     "of": 20480,
     "finite": true
    },
    {
     "layer": 48,
     "meanAbs": 0.8945,
     "maxAbs": 40.308,
     "nonZero": 20480,
     "of": 20480,
     "finite": true
    },
    {
     "layer": 62,
     "meanAbs": 3.0603,
     "maxAbs": 34.74,
     "nonZero": 20480,
     "of": 20480,
     "finite": true
    }
   ],
   "sampleRow0Tap0": [
    -0.1102,
    0.0127,
    0.0305,
    0.081,
    -0.0827,
    -0.0043
   ],
   "rowsDistinct": 4
  },
  "head": {
   "packsQ1": false,
   "lmHeadQ4": true,
   "lmHeadQ8": false,
   "lmHeadFormat": null,
   "lmHeadLut": 9,
   "lmHeadScanBits": null,
   "lmHeadRescoreFormat": null,
   "prismHeadRotated": true,
   "hidden": 5120,
   "layers": 64,
   "vocab": 248320,
   "f16": true,
   "smallM": {
    "precision": "f16"
   },
   "kiRoute": "prism.head (LlamaPrefillMatmul M=1 + ArgMax)"
  },
  "graph": {
   "defaultNodes": 1351,
   "emptyOptsNodes": 1351,
   "defaultOutputs": [
    "next_token"
   ],
   "defaultHasPick": false,
   "verifyNodes": 1357,
   "verifyOutputs": [
    "dspark.features",
    "verify_tokens",
    "verify_logits",
    "next_token"
   ],
   "verifyTail": 6,
   "defaultTail": 5
  },
  "taps": [
   6,
   20,
   34,
   48,
   62
  ],
  "smallM": {
   "precision": "f16"
  },
  "margins": [
   {
    "argmax": 21204,
    "top1": 29.1691,
    "margin": 10.6275
   },
   {
    "argmax": 19154,
    "top1": 22.8118,
    "margin": 6.3546
   },
   {
    "argmax": 2418,
    "top1": 18.3191,
    "margin": 1.1121
   },
   {
    "argmax": 430,
    "top1": 21.6188,
    "margin": 6.0945
   }
  ],
  "minMargin": 1.1121
 },
 "log": [
  "imported",
  "loaded",
  "greedy 5 tokens: [43,21204,19154,2418,430], prompt 21, seq 25",
  "verify session built in 328 ms: 1357 nodes vs 1351 default; outputs dspark.features,verify_tokens,verify_logits,next_token",
  "done: 4/4 rows match, verify step 85/72.4/72.3/72.2/72.3/72.1 ms vs decode 34.8 ms/token (ratio 2.07); features shape ok nonzero 1"
 ]
}
