[console] [vs] imported
22:56:02 {"state":"imported","prog":"weights 2151473792/5935527936"}
22:56:07 {"state":"imported","prog":"weights /"}
[console] [vs] loaded
[console] [vs] greedy 6 tokens: [43,21204,19154,2418,430,50032], prompt 21, seq 26
[console] [vs] verify session built in 623 ms: 1373 nodes vs 1351 default; outputs dspark.features,verify_tokens,next_token
[console] [vs] done: 5/5 rows match, verify step 268.3/260.2/259.9/259.5/259.9/260.3 ms vs decode 34.7 ms/token (ratio 7.48); features shape ok nonzero 1
22:56:12 {"state":"done: 5/5 rows match, verify step 268.3/260.2/259.9/259.5/259.9/260.3 ms vs decode 34.7 ms/token (ratio 7.48); features shape ok nonzero 1","prog":"ready /","buildMs":623}
RESULTS {
 "results": {
  "greedy": [
   43,
   21204,
   19154,
   2418,
   430,
   50032
  ],
  "verify_tokens": [
   21204,
   19154,
   2418,
   430,
   50032
  ],
  "expect": [
   21204,
   19154,
   2418,
   430,
   50032
  ],
  "match": [
   true,
   true,
   true,
   true,
   true
  ],
  "matches": 5,
  "next_token_from_verify": 50032,
  "next_token_expected": 50032,
  "normalPrefillTok": 50032,
  "normalPrefillMatch": true,
  "stepMs": [
   268.3,
   260.2,
   259.9,
   259.5,
   259.9,
   260.3
  ],
  "stepMinMs": 259.5,
  "readbackMs": 0.8,
  "decodeMs": 34.7,
  "ratio": 7.48,
  "features": {
   "dtype": "float32",
   "shape": [
    5,
    25600
   ],
   "length": 128000,
   "expectLength": 128000,
   "shapeOk": true,
   "nonZero": 128000,
   "nonZeroFrac": 1,
   "perTap": [
    {
     "layer": 6,
     "meanAbs": 0.1142,
     "maxAbs": 33.478,
     "nonZero": 25600,
     "of": 25600,
     "finite": true
    },
    {
     "layer": 20,
     "meanAbs": 0.4247,
     "maxAbs": 49.234,
     "nonZero": 25600,
     "of": 25600,
     "finite": true
    },
    {
     "layer": 34,
     "meanAbs": 0.5552,
     "maxAbs": 46.349,
     "nonZero": 25600,
     "of": 25600,
     "finite": true
    },
    {
     "layer": 48,
     "meanAbs": 0.8825,
     "maxAbs": 48.127,
     "nonZero": 25600,
     "of": 25600,
     "finite": true
    },
    {
     "layer": 62,
     "meanAbs": 3.1155,
     "maxAbs": 45.276,
     "nonZero": 25600,
     "of": 25600,
     "finite": true
    }
   ],
   "sampleRow0Tap0": [
    -0.1102,
    0.0127,
    0.0304,
    0.0809,
    -0.0827,
    -0.0044
   ],
   "rowsDistinct": 5
  },
  "head": {
   "packsQ1": false,
   "lmHeadQ4": true,
   "lmHeadQ8": false,
   "lmHeadFormat": null,
   "lmHeadLut": 9,
   "lmHeadScanBits": null,
   "lmHeadRescoreFormat": null,
   "prismHeadRotated": true,
   "hidden": 5120,
   "layers": 64,
   "vocab": 248320,
   "f16": true,
   "smallM": "off",
   "kiRoute": "prism.head (LlamaPrefillMatmul M=1 + ArgMax)"
  },
  "graph": {
   "defaultNodes": 1351,
   "emptyOptsNodes": 1351,
   "defaultOutputs": [
    "next_token"
   ],
   "defaultHasPick": false,
   "verifyNodes": 1373,
   "verifyOutputs": [
    "dspark.features",
    "verify_tokens",
    "next_token"
   ],
   "verifyTail": 22,
   "defaultTail": 5
  },
  "taps": [
   6,
   20,
   34,
   48,
   62
  ],
  "smallM": "off",
  "margins": null,
  "minMargin": null
 },
 "log": [
  "imported",
  "loaded",
  "greedy 6 tokens: [43,21204,19154,2418,430,50032], prompt 21, seq 26",
  "verify session built in 623 ms: 1373 nodes vs 1351 default; outputs dspark.features,verify_tokens,next_token",
  "done: 5/5 rows match, verify step 268.3/260.2/259.9/259.5/259.9/260.3 ms vs decode 34.7 ms/token (ratio 7.48); features shape ok nonzero 1"
 ]
}
