21:19:43 {"state":"imported","prog":"weights 821607424/5935527936"}
21:19:45 {"state":"imported","prog":"weights 5131416960/5935527936"}
21:19:47 {"state":"imported","prog":"weights 329/449"}
21:19:49 {"state":"imported","prog":"weights /"}
21:19:53 {"state":"prefill up M=8: 0.9281 ms","prog":"ready /"}
21:19:55 {"state":"cpu ref done in 537.3 ms; prefill vs cpu {\"maxAbs\":0.0006,\"meanAbs\":0.0001063,\"maxRef\":3.0195,\"maxAbsOverMaxRef\":0.0001957,\"argmaxMatch\":\"8/8\",\"worst\":{\"m\":2,\"n\":10372,\"got\":-0.3833,\"ref\":-0.3839}}","prog":"ready /"}
21:19:57 {"state":"done","prog":"ready /"}
RESULTS {
 "results": {
  "layout": {
   "H": 5120,
   "F": 17408,
   "VOC": 248320,
   "lut": 9,
   "offUp": 6389760,
   "offGate": 3604480,
   "offDown": 9175040,
   "bitsWords": 1069219840,
   "scalesWords": 66826240,
   "lmHeadLut": 9,
   "lmHeadBitsWords": 79462400,
   "lmHeadScalesWords": 4966400,
   "adapter": "metal-3",
   "features": [
    "chromium-experimental-subgroup-matrix",
    "subgroup-size-control",
    "shader-f16",
    "timestamp-query",
    "subgroups"
   ],
   "packedDotFeature": true,
   "tritCodeHistogramSampled": [
    308363,
    301819,
    308682,
    0
   ]
  },
  "activation": {
   "rows": 8,
   "width": 5120,
   "rotated": true,
   "rms": 1.0017,
   "sample": [
    -0.2981,
    0.0237,
    0.5525,
    -0.8677
   ]
  },
  "engineDecodeGateUp": {
   "steps": 1,
   "gpuMs": [
    0.213955,
    0.206455,
    0.209706,
    0.209829,
    0.208456,
    0.211164,
    0.222872,
    0.211038,
    0.473826,
    0.206122,
    0.203789,
    0.201164,
    0.204497,
    0.204997,
    0.205163,
    0.203997,
    0.205372,
    0.210206,
    0.209956,
    0.209747,
    0.207163,
    0.213164,
    0.208372,
    0.204122,
    0.204747,
    0.200914,
    0.200247,
    0.200413,
    0.208289,
    0.205872,
    0.203581,
    0.203997,
    0.202955,
    0.21308,
    0.207289,
    0.20783,
    0.213914,
    0.20333,
    0.200455,
    0.203247,
    0.201705
   ],
   "wallMs": 0.2122,
   "gpuMedian": 0.2061
  },
  "engineDecodeGateUpTokens4": {
   "steps": 1,
   "gpuMedian": 1.3273,
   "wallMs": 1.3561
  },
  "engineDecodeDown": {
   "steps": 1,
   "gpuMedian": 0.1077,
   "wallMs": 0.1146
  },
  "enginePrefillUp8": {
   "steps": 1,
   "gpuMs": [
    0.928028,
    0.924736,
    0.938236,
    1.098274,
    0.933194,
    0.928236,
    0.926027,
    0.928611,
    0.927819,
    0.929111,
    1.097441,
    0.936569,
    0.926861,
    0.925986,
    0.925819,
    0.926111,
    1.00886,
    0.996109,
    0.919611,
    0.928028,
    0.924278,
    0.928069,
    0.996568,
    0.928902,
    0.927111,
    0.927194,
    0.923694,
    0.927486,
    0.92986,
    0.959694,
    1.011984,
    0.936694,
    0.927027,
    0.928945,
    0.927235,
    0.925402,
    0.924153,
    0.935527,
    1.061109,
    0.946943,
    0.927903
   ],
   "gpuMedian": 0.9281,
   "wallMs": 0.9537,
   "vsCpu": {
    "maxAbs": 0.0006,
    "meanAbs": 0.0001063,
    "maxRef": 3.0195,
    "maxAbsOverMaxRef": 0.0001957,
    "argmaxMatch": "8/8",
    "worst": {
     "m": 2,
     "n": 10372,
     "got": -0.3833,
     "ref": -0.3839
    }
   }
  },
  "engineLmHead": {
   "M1": {
    "steps": 1,
    "gpuMedian": 1.4224,
    "wallMs": 1.4585
   },
   "M8": {
    "steps": 1,
    "gpuMedian": 12.8201,
    "wallMs": 12.8634
   }
  },
  "cpuRefMs": 537.3,
  "spike": [
   {
    "label": "up_proj v2 TN=64 RN=4 math=f32 A=f32",
    "cfg": {
     "v2": true,
     "TN": 64,
     "RN": 4,
     "math": "f32",
     "aStore": "f32"
    },
    "nWG": 272,
    "gpuMs": [
     0.4558,
     0.4545,
     0.4524,
     0.4529,
     0.4516,
     0.4506,
     0.4562,
     0.4549,
     0.4551,
     0.4512,
     0.4525,
     0.4527,
     0.452,
     0.4529,
     0.4558,
     0.4802,
     0.554,
     0.5224,
     0.4555,
     0.4564,
     0.4564,
     0.4546,
     0.4534,
     0.4547,
     0.4528,
     0.4509,
     0.4517,
     0.4519,
     0.4525,
     0.4554,
     0.4558,
     0.4538,
     0.4535,
     0.4552,
     0.4544,
     0.4848,
     0.6353,
     0.4582,
     0.4539,
     0.453,
     0.4514
    ],
    "gpuMedian": 0.4544,
    "gpuMin": 0.4506,
    "wallMsPerIter": 0.4854,
    "vsCpu": {
     "maxAbs": 0,
     "meanAbs": 1.178e-7,
     "maxRef": 3.0195,
     "maxAbsOverMaxRef": 2.842e-7,
     "argmaxMatch": "8/8",
     "worst": {
      "m": 4,
      "n": 5853,
      "got": 0.5795,
      "ref": 0.5795
     }
    }
   },
   {
    "label": "up_proj v2 TN=64 RN=4 math=f32 A=f16",
    "cfg": {
     "v2": true,
     "TN": 64,
     "RN": 4,
     "math": "f32",
     "aStore": "f16"
    },
    "nWG": 272,
    "gpuMs": [
     0.397,
     0.3922,
     0.3942,
     0.3922,
     0.3934,
     0.3901,
     0.3918,
     0.3907,
     0.3932,
     0.3907,
     0.3916,
     0.3905,
     0.3907,
     0.3932,
     0.3926,
     0.4059,
     0.5345,
     0.4977,
     0.3913,
     0.3887,
     0.3908,
     0.3897,
     0.3927,
     0.3929,
     0.392,
     0.3897,
     0.3897,
     0.3902,
     0.3908,
     0.3907,
     0.3905,
     0.3898,
     0.3905,
     0.3914,
     0.3921,
     0.3902,
     0.4154,
     0.5422,
     0.3923,
     0.3913,
     0.3907
    ],
    "gpuMedian": 0.3914,
    "gpuMin": 0.3887,
    "wallMsPerIter": 0.422,
    "vsCpu": {
     "maxAbs": 0.0006,
     "meanAbs": 0.0001063,
     "maxRef": 3.0195,
     "maxAbsOverMaxRef": 0.0001958,
     "argmaxMatch": "8/8",
     "worst": {
      "m": 2,
      "n": 10372,
      "got": -0.3833,
      "ref": -0.3839
     }
    }
   },
   {
    "label": "up_proj TN=64 RN=4 f16math",
    "cfg": {
     "TN": 64,
     "RN": 4,
     "useF16A": false,
     "f16Math": true
    },
    "nWG": 272,
    "gpuMs": [
     0.3572,
     0.3573,
     0.3563,
     0.3561,
     0.3555,
     0.3559,
     0.3552,
     0.3548,
     0.3556,
     0.3573,
     0.3587,
     0.5036,
     0.3765,
     0.356,
     0.3573,
     0.3558,
     0.3537,
     0.3548,
     0.3544,
     0.354,
     0.3555,
     0.3551,
     0.3568,
     0.356,
     0.355,
     0.3527,
     0.3546,
     0.3537,
     0.3554,
     0.3533,
     0.3547,
     0.353,
     0.3542,
     0.3534,
     0.3538,
     0.3562,
     0.3565,
     0.353,
     0.3725,
     0.4547,
     0.3674
    ],
    "gpuMedian": 0.3555,
    "gpuMin": 0.3527,
    "wallMsPerIter": 0.3854,
    "vsCpu": {
     "maxAbs": 0.0018,
     "meanAbs": 0.0002954,
     "maxRef": 3.0195,
     "maxAbsOverMaxRef": 0.0005885,
     "argmaxMatch": "8/8",
     "worst": {
      "m": 4,
      "n": 755,
      "got": -0.0529,
      "ref": -0.0547
     }
    }
   },
   {
    "label": "up_proj TN=64 RN=2 f16A",
    "cfg": {
     "TN": 64,
     "RN": 2,
     "useF16A": true,
     "f16Math": false
    },
    "nWG": 272,
    "gpuMs": [
     0.4394,
     0.6342,
     0.4278,
     0.4294,
     0.4333,
     0.4272,
     0.4277,
     0.4273,
     0.4275,
     0.4283,
     0.428,
     0.4296,
     0.4296,
     0.4278,
     0.4288,
     0.4303,
     0.4273,
     0.4271,
     0.4287,
     0.4271,
     0.4275,
     0.4285,
     0.4282,
     0.4397,
     0.5633,
     0.4417,
     0.4284,
     0.4267,
     0.4266,
     0.4268,
     0.4271,
     0.4272,
     0.4261,
     0.4292,
     0.4291,
     0.427,
     0.4274,
     0.4266,
     0.4269,
     0.4275,
     0.4721
    ],
    "gpuMedian": 0.4278,
    "gpuMin": 0.4261,
    "wallMsPerIter": 0.4585,
    "vsCpu": {
     "maxAbs": 0.0006,
     "meanAbs": 0.0001063,
     "maxRef": 3.0195,
     "maxAbsOverMaxRef": 0.0001957,
     "argmaxMatch": "8/8",
     "worst": {
      "m": 2,
      "n": 10372,
      "got": -0.3833,
      "ref": -0.3839
     }
    }
   },
   {
    "label": "up_proj TN=32 RN=2",
    "cfg": {
     "TN": 32,
     "RN": 2,
     "useF16A": false,
     "f16Math": false
    },
    "nWG": 544,
    "gpuMs": [
     0.7272,
     0.7692,
     0.5859,
     0.5825,
     0.595,
     0.582,
     0.5857,
     0.5794,
     0.5837,
     0.5871,
     0.5885,
     0.5827,
     0.5832,
     0.5939,
     0.5927,
     0.5774,
     0.5891,
     0.8467,
     0.6063,
     0.5837,
     0.6005,
     0.5942,
     0.5952,
     0.5817,
     0.5807,
     0.5879,
     0.5909,
     0.5875,
     0.5865,
     0.6327,
     0.6351,
     0.663,
     0.6746,
     0.5834,
     0.5883,
     0.5847,
     0.5962,
     0.5873,
     0.591,
     0.5839,
     0.5845
    ],
    "gpuMedian": 0.5879,
    "gpuMin": 0.5774,
    "wallMsPerIter": 0.6293,
    "vsCpu": {
     "maxAbs": 0,
     "meanAbs": 5.814e-8,
     "maxRef": 3.0195,
     "maxAbsOverMaxRef": 1.422e-7,
     "argmaxMatch": "8/8",
     "worst": {
      "m": 4,
      "n": 8582,
      "got": 2.1698,
      "ref": 2.1698
     }
    }
   }
  ],
  "lmHead": {
   "label": "lm_head TN=64 RN=4 f16math",
   "cfg": {
    "TN": 64,
    "RN": 4,
    "useF16A": false,
    "f16Math": true
   },
   "nWG": 3880,
   "gpuMs": [
    4.5296,
    4.5219,
    4.7885,
    4.545,
    4.5336,
    4.5236,
    4.8308,
    4.7951,
    4.5193,
    4.5362,
    4.5216,
    4.6924,
    4.5647,
    4.5232,
    4.7161,
    4.5516,
    4.525,
    4.5206,
    4.7189,
    4.5509,
    4.7507,
    4.5261,
    4.7026,
    4.5598,
    4.5218,
    4.5258,
    4.7953,
    4.5396,
    4.5366,
    4.7477,
    4.5222,
    4.7558,
    4.5242,
    4.8188,
    4.524,
    4.9008,
    4.5245,
    4.5252,
    4.6065,
    4.7376,
    4.9364
   ],
   "gpuMedian": 4.545,
   "gpuMin": 4.5193,
   "wallMsPerIter": 4.6488,
   "vsCpuFirst2048Rows": {
    "maxAbs": 0.0024,
    "meanAbs": 0.0004308,
    "maxRef": 3.7269,
    "maxAbsOverMaxRef": 0.0006467,
    "argmaxMatch": "8/8",
    "worst": {
     "m": 0,
     "n": 484,
     "got": 3.0757,
     "ref": 3.0733
    }
   }
  },
  "engineDecodeGateUpAfter": {
   "gpuMedian": 0.2027
  },
  "summary": {
   "bestVariant": "up_proj TN=64 RN=4 f16math",
   "best8RowMs": 0.3555,
   "decodeGateUpMs_2matrices": 0.2061,
   "decodeGateUpMs_2matrices_after": 0.2027,
   "decodePerMatrixMs_gateUpHalf": 0.1013,
   "decodeDownMs_1matrix": 0.1077,
   "prefillUp8Ms": 0.9281,
   "ratio_best_over_gateUpHalf": 3.5076,
   "ratio_best_over_down": 3.3008,
   "ratio_prefill8_over_gateUpHalf": 9.1574,
   "speedup_vs_prefill8": 2.6107,
   "weightBytesUp": 23674880,
   "effGBps_best": 66.596
  }
 },
 "log": [
  "imported",
  "loaded",
  "activation rotated",
  "decode gate/up: {\"gpu\":0.2061,\"wall\":0.2122}",
  "decode refs measured",
  "prefill up M=8: 0.9281 ms",
  "lm_head engine: {\"M1\":{\"steps\":1,\"gpuMedian\":1.4224,\"wallMs\":1.4585},\"M8\":{\"steps\":1,\"gpuMedian\":12.8201,\"wallMs\":12.8634}}",
  "reading back up_proj words for the CPU reference",
  "cpu ref done in 537.3 ms; prefill vs cpu {\"maxAbs\":0.0006,\"meanAbs\":0.0001063,\"maxRef\":3.0195,\"maxAbsOverMaxRef\":0.0001957,\"argmaxMatch\":\"8/8\",\"worst\":{\"m\":2,\"n\":10372,\"got\":-0.3833,\"ref\":-0.3839}}",
  "up_proj v2 TN=64 RN=4 math=f32 A=f32: 0.4544 ms, {\"maxAbs\":0,\"meanAbs\":1.178e-7,\"maxRef\":3.0195,\"maxAbsOverMaxRef\":2.842e-7,\"argmaxMatch\":\"8/8\",\"worst\":{\"m\":4,\"n\":5853,\"got\":0.5795,\"ref\":0.5795}}",
  "up_proj v2 TN=64 RN=4 math=f32 A=f16: 0.3914 ms, {\"maxAbs\":0.0006,\"meanAbs\":0.0001063,\"maxRef\":3.0195,\"maxAbsOverMaxRef\":0.0001958,\"argmaxMatch\":\"8/8\",\"worst\":{\"m\":2,\"n\":10372,\"got\":-0.3833,\"ref\":-0.3839}}",
  "up_proj TN=64 RN=4 f16math: 0.3555 ms, {\"maxAbs\":0.0018,\"meanAbs\":0.0002954,\"maxRef\":3.0195,\"maxAbsOverMaxRef\":0.0005885,\"argmaxMatch\":\"8/8\",\"worst\":{\"m\":4,\"n\":755,\"got\":-0.0529,\"ref\":-0.0547}}",
  "up_proj TN=64 RN=2 f16A: 0.4278 ms, {\"maxAbs\":0.0006,\"meanAbs\":0.0001063,\"maxRef\":3.0195,\"maxAbsOverMaxRef\":0.0001957,\"argmaxMatch\":\"8/8\",\"worst\":{\"m\":2,\"n\":10372,\"got\":-0.3833,\"ref\":-0.3839}}",
  "up_proj TN=32 RN=2: 0.5879 ms, {\"maxAbs\":0,\"meanAbs\":5.814e-8,\"maxRef\":3.0195,\"maxAbsOverMaxRef\":1.422e-7,\"argmaxMatch\":\"8/8\",\"worst\":{\"m\":4,\"n\":8582,\"got\":2.1698,\"ref\":2.1698}}",
  "lm_head: 4.545 ms",
  "done"
 ]
}
