22:53:59 {"state":"imported","prog":"weights 2120508032/5935527936"}
22:54:01 {"state":"imported","prog":"weights /"}
22:54:05 {"state":"M4/up_proj engine op Lut2SmallMGemm precision=f16 kSplits=auto: 0.1894 ms ratio 1.8623 maxAbs 0.00167 argmax 4/4","prog":"ready /"}
22:54:07 {"state":"M4/lm_head engine op Lut2SmallMGemm precision=f32 kSplits=auto: 2.726 ms ratio 1.9728 maxAbs 0.000781 argmax 4/4","prog":"ready /"}
22:54:09 {"state":"M5/down_proj engine op Lut2SmallMGemm precision=f16 kSplits=auto: 0.253 ms ratio 2.3845 maxAbs 0.025 argmax 5/5","prog":"ready /"}
22:54:11 {"state":"M5/lm_head engine op Lut2SmallMGemm precision=f16 kSplits=4: 3.0276 ms ratio 2.1911 maxAbs 0.00241 argmax 5/5","prog":"ready /"}
22:54:13 {"state":"M8/up_proj engine op Lut2SmallMGemm precision=f16 kSplits=4: 0.5814 ms ratio 5.7168 maxAbs 0.00178 argmax 8/8","prog":"ready /"}
22:54:15 {"state":"M8/lm_head engine op Lut2SmallMGemm precision=f16 kSplits=auto: 4.0549 ms ratio 2.9345 maxAbs 0.00241 argmax 8/8","prog":"ready /"}
22:54:19 {"state":"M8/lm_head engine op Lut2SmallMGemm precision=f32 kSplits=auto: 24.0453 ms ratio 17.4014 maxAbs 0.000954 argmax 8/8","prog":"ready /"}
22:54:21 {"state":"done","prog":"ready /"}
RESULTS {
 "results": {
  "layout": {
   "H": 5120,
   "F": 17408,
   "VOC": 248320,
   "offUp": 6389760,
   "offGate": 3604480,
   "offDown": 9175040
  },
  "iters": 21,
  "warm": 60,
  "MS": [
   4,
   5,
   8
  ],
  "engine": {
   "gateUp2": 0.2033,
   "upPerMatrix": 0.1017,
   "down": 0.1061,
   "head1": 1.3818
  },
  "enginePrefill": {
   "up_M4": 0.6949,
   "up_M5": 0.805,
   "up_M8": 0.9248
  },
  "runs": {
   "M4/up_proj": {
    "decodeMs": 0.1017,
    "refRows": 17408,
    "refMs": 301.4,
    "variants": [
     {
      "label": "engine op Lut2SmallMGemm precision=f16 kSplits=auto",
      "cfg": {
       "op": true,
       "precision": "f16",
       "kSplits": 0
      },
      "steps": 1,
      "gpuMedian": 0.1894,
      "gpuMin": 0.1881,
      "wallMsPerIter": 0.2,
      "vsCpu": {
       "maxAbs": 0.00167,
       "meanAbs": 0.000297,
       "maxRef": 3.0195,
       "maxAbsOverMaxRef": 0.000554,
       "argmaxMatch": "4/4",
       "worst": {
        "m": 3,
        "n": 1457,
        "got": -0.6773,
        "ref": -0.6756
       }
      },
      "ratio": 1.8623
     },
     {
      "label": "engine op Lut2SmallMGemm precision=f32 kSplits=auto",
      "cfg": {
       "op": true,
       "precision": "f32",
       "kSplits": 0
      },
      "steps": 1,
      "gpuMedian": 0.3147,
      "gpuMin": 0.2836,
      "wallMsPerIter": 0.2905,
      "vsCpu": {
       "maxAbs": 0.000591,
       "meanAbs": 0.000106,
       "maxRef": 3.0195,
       "maxAbsOverMaxRef": 0.000196,
       "argmaxMatch": "4/4",
       "worst": {
        "m": 2,
        "n": 10372,
        "got": -0.3833,
        "ref": -0.3839
       }
      },
      "ratio": 3.0944
     },
     {
      "label": "engine op Lut2SmallMGemm precision=exact kSplits=auto",
      "cfg": {
       "op": true,
       "precision": "exact",
       "kSplits": 0
      },
      "steps": 1,
      "gpuMedian": 0.2503,
      "gpuMin": 0.2475,
      "wallMsPerIter": 0.2619,
      "vsCpu": {
       "maxAbs": 3.93e-7,
       "meanAbs": 5.82e-8,
       "maxRef": 3.0195,
       "maxAbsOverMaxRef": 1.3e-7,
       "argmaxMatch": "4/4",
       "worst": {
        "m": 3,
        "n": 6412,
        "got": -1.0983,
        "ref": -1.0983
       }
      },
      "ratio": 2.4612
     },
     {
      "label": "engine op Lut2SmallMGemm precision=f16 kSplits=4",
      "cfg": {
       "op": true,
       "precision": "f16",
       "kSplits": 4
      },
      "steps": 2,
      "gpuMedian": 0.1982,
      "gpuMin": 0.1966,
      "wallMsPerIter": 0.2095,
      "vsCpu": {
       "maxAbs": 0.00167,
       "meanAbs": 0.000297,
       "maxRef": 3.0195,
       "maxAbsOverMaxRef": 0.000554,
       "argmaxMatch": "4/4",
       "worst": {
        "m": 3,
        "n": 1457,
        "got": -0.6773,
        "ref": -0.6756
       }
      },
      "ratio": 1.9489
     }
    ],
    "best": "engine op Lut2SmallMGemm precision=f16 kSplits=auto",
    "bestRatio": 1.8623
   },
   "M4/down_proj": {
    "decodeMs": 0.1061,
    "refRows": 5120,
    "refMs": 294.5,
    "variants": [
     {
      "label": "engine op Lut2SmallMGemm precision=f16 kSplits=auto",
      "cfg": {
       "op": true,
       "precision": "f16",
       "kSplits": 0
      },
      "steps": 1,
      "gpuMedian": 0.2089,
      "gpuMin": 0.2074,
      "wallMsPerIter": 0.219,
      "vsCpu": {
       "maxAbs": 0.025,
       "meanAbs": 0.000589,
       "maxRef": 31.3183,
       "maxAbsOverMaxRef": 0.000798,
       "argmaxMatch": "4/4",
       "worst": {
        "m": 0,
        "n": 3994,
        "got": -11.305,
        "ref": -11.33
       }
      },
      "ratio": 1.9689
     },
     {
      "label": "engine op Lut2SmallMGemm precision=f32 kSplits=auto",
      "cfg": {
       "op": true,
       "precision": "f32",
       "kSplits": 0
      },
      "steps": 1,
      "gpuMedian": 0.2386,
      "gpuMin": 0.2354,
      "wallMsPerIter": 0.2524,
      "vsCpu": {
       "maxAbs": 0.00543,
       "meanAbs": 0.000208,
       "maxRef": 31.3183,
       "maxAbsOverMaxRef": 0.000173,
       "argmaxMatch": "4/4",
       "worst": {
        "m": 0,
        "n": 3994,
        "got": -11.3246,
        "ref": -11.33
       }
      },
      "ratio": 2.2488
     },
     {
      "label": "engine op Lut2SmallMGemm precision=exact kSplits=auto",
      "cfg": {
       "op": true,
       "precision": "exact",
       "kSplits": 0
      },
      "steps": 1,
      "gpuMedian": 0.2625,
      "gpuMin": 0.261,
      "wallMsPerIter": 0.2714,
      "vsCpu": {
       "maxAbs": 0.00000127,
       "meanAbs": 1.67e-7,
       "maxRef": 31.3183,
       "maxAbsOverMaxRef": 4.04e-8,
       "argmaxMatch": "4/4",
       "worst": {
        "m": 1,
        "n": 3994,
        "got": 13.1388,
        "ref": 13.1387
       }
      },
      "ratio": 2.4741
     },
     {
      "label": "engine op Lut2SmallMGemm precision=f16 kSplits=4",
      "cfg": {
       "op": true,
       "precision": "f16",
       "kSplits": 4
      },
      "steps": 2,
      "gpuMedian": 0.1921,
      "gpuMin": 0.1909,
      "wallMsPerIter": 0.2,
      "vsCpu": {
       "maxAbs": 0.025,
       "meanAbs": 0.000589,
       "maxRef": 31.3183,
       "maxAbsOverMaxRef": 0.000798,
       "argmaxMatch": "4/4",
       "worst": {
        "m": 0,
        "n": 3994,
        "got": -11.305,
        "ref": -11.33
       }
      },
      "ratio": 1.8106
     }
    ],
    "best": "engine op Lut2SmallMGemm precision=f16 kSplits=4",
    "bestRatio": 1.8106
   },
   "M4/lm_head": {
    "decodeMs": 1.3818,
    "refRows": 2048,
    "refMs": 34.4,
    "variants": [
     {
      "label": "engine op Lut2SmallMGemm precision=f16 kSplits=auto",
      "cfg": {
       "op": true,
       "precision": "f16",
       "kSplits": 0
      },
      "steps": 1,
      "gpuMedian": 2.3448,
      "gpuMin": 2.3359,
      "wallMsPerIter": 2.3524,
      "vsCpu": {
       "maxAbs": 0.00241,
       "meanAbs": 0.00043,
       "maxRef": 3.7269,
       "maxAbsOverMaxRef": 0.000647,
       "argmaxMatch": "4/4",
       "worst": {
        "m": 0,
        "n": 484,
        "got": 3.0757,
        "ref": 3.0733
       }
      },
      "ratio": 1.6969
     },
     {
      "label": "engine op Lut2SmallMGemm precision=f32 kSplits=auto",
      "cfg": {
       "op": true,
       "precision": "f32",
       "kSplits": 0
      },
      "steps": 1,
      "gpuMedian": 2.726,
      "gpuMin": 2.7184,
      "wallMsPerIter": 2.8095,
      "vsCpu": {
       "maxAbs": 0.000781,
       "meanAbs": 0.000151,
       "maxRef": 3.7269,
       "maxAbsOverMaxRef": 0.000209,
       "argmaxMatch": "4/4",
       "worst": {
        "m": 3,
        "n": 552,
        "got": -0.4988,
        "ref": -0.498
       }
      },
      "ratio": 1.9728
     },
     {
      "label": "engine op Lut2SmallMGemm precision=exact kSplits=auto",
      "cfg": {
       "op": true,
       "precision": "exact",
       "kSplits": 0
      },
      "steps": 1,
      "gpuMedian": 3.0817,
      "gpuMin": 3.0755,
      "wallMsPerIter": 3.1,
      "vsCpu": {
       "maxAbs": 6.15e-7,
       "meanAbs": 8.45e-8,
       "maxRef": 3.7269,
       "maxAbsOverMaxRef": 1.65e-7,
       "argmaxMatch": "4/4",
       "worst": {
        "m": 1,
        "n": 624,
        "got": -1.7032,
        "ref": -1.7032
       }
      },
      "ratio": 2.2302
     },
     {
      "label": "engine op Lut2SmallMGemm precision=f16 kSplits=4",
      "cfg": {
       "op": true,
       "precision": "f16",
       "kSplits": 4
      },
      "steps": 2,
      "gpuMedian": 2.5673,
      "gpuMin": 2.5626,
      "wallMsPerIter": 2.5905,
      "vsCpu": {
       "maxAbs": 0.00241,
       "meanAbs": 0.00043,
       "maxRef": 3.7269,
       "maxAbsOverMaxRef": 0.000647,
       "argmaxMatch": "4/4",
       "worst": {
        "m": 0,
        "n": 484,
        "got": 3.0757,
        "ref": 3.0733
       }
      },
      "ratio": 1.8579
     }
    ],
    "best": "engine op Lut2SmallMGemm precision=f16 kSplits=auto",
    "bestRatio": 1.6969
   },
   "M5/up_proj": {
    "decodeMs": 0.1017,
    "refRows": 17408,
    "refMs": 377.4,
    "variants": [
     {
      "label": "engine op Lut2SmallMGemm precision=f16 kSplits=auto",
      "cfg": {
       "op": true,
       "precision": "f16",
       "kSplits": 0
      },
      "steps": 1,
      "gpuMedian": 0.2274,
      "gpuMin": 0.2238,
      "wallMsPerIter": 0.2381,
      "vsCpu": {
       "maxAbs": 0.00178,
       "meanAbs": 0.000297,
       "maxRef": 3.0195,
       "maxAbsOverMaxRef": 0.000588,
       "argmaxMatch": "5/5",
       "worst": {
        "m": 4,
        "n": 755,
        "got": -0.0529,
        "ref": -0.0547
       }
      },
      "ratio": 2.236
     },
     {
      "label": "engine op Lut2SmallMGemm precision=f32 kSplits=auto",
      "cfg": {
       "op": true,
       "precision": "f32",
       "kSplits": 0
      },
      "steps": 1,
      "gpuMedian": 0.2596,
      "gpuMin": 0.2568,
      "wallMsPerIter": 0.2762,
      "vsCpu": {
       "maxAbs": 0.000591,
       "meanAbs": 0.000107,
       "maxRef": 3.0195,
       "maxAbsOverMaxRef": 0.000196,
       "argmaxMatch": "5/5",
       "worst": {
        "m": 2,
        "n": 10372,
        "got": -0.3833,
        "ref": -0.3839
       }
      },
      "ratio": 2.5526
     },
     {
      "label": "engine op Lut2SmallMGemm precision=exact kSplits=auto",
      "cfg": {
       "op": true,
       "precision": "exact",
       "kSplits": 0
      },
      "steps": 1,
      "gpuMedian": 0.299,
      "gpuMin": 0.2947,
      "wallMsPerIter": 0.3143,
      "vsCpu": {
       "maxAbs": 4.29e-7,
       "meanAbs": 5.84e-8,
       "maxRef": 3.0195,
       "maxAbsOverMaxRef": 1.42e-7,
       "argmaxMatch": "5/5",
       "worst": {
        "m": 4,
        "n": 8582,
        "got": 2.1698,
        "ref": 2.1698
       }
      },
      "ratio": 2.94
     },
     {
      "label": "engine op Lut2SmallMGemm precision=f16 kSplits=4",
      "cfg": {
       "op": true,
       "precision": "f16",
       "kSplits": 4
      },
      "steps": 2,
      "gpuMedian": 0.2329,
      "gpuMin": 0.2302,
      "wallMsPerIter": 0.2476,
      "vsCpu": {
       "maxAbs": 0.00178,
       "meanAbs": 0.000297,
       "maxRef": 3.0195,
       "maxAbsOverMaxRef": 0.000588,
       "argmaxMatch": "5/5",
       "worst": {
        "m": 4,
        "n": 755,
        "got": -0.0529,
        "ref": -0.0547
       }
      },
      "ratio": 2.2901
     }
    ],
    "best": "engine op Lut2SmallMGemm precision=f16 kSplits=auto",
    "bestRatio": 2.236
   },
   "M5/down_proj": {
    "decodeMs": 0.1061,
    "refRows": 5120,
    "refMs": 372.3,
    "variants": [
     {
      "label": "engine op Lut2SmallMGemm precision=f16 kSplits=auto",
      "cfg": {
       "op": true,
       "precision": "f16",
       "kSplits": 0
      },
      "steps": 1,
      "gpuMedian": 0.253,
      "gpuMin": 0.2501,
      "wallMsPerIter": 0.2667,
      "vsCpu": {
       "maxAbs": 0.025,
       "meanAbs": 0.000587,
       "maxRef": 31.3183,
       "maxAbsOverMaxRef": 0.000798,
       "argmaxMatch": "5/5",
       "worst": {
        "m": 0,
        "n": 3994,
        "got": -11.305,
        "ref": -11.33
       }
      },
      "ratio": 2.3845
     },
     {
      "label": "engine op Lut2SmallMGemm precision=f32 kSplits=auto",
      "cfg": {
       "op": true,
       "precision": "f32",
       "kSplits": 0
      },
      "steps": 1,
      "gpuMedian": 0.2838,
      "gpuMin": 0.2795,
      "wallMsPerIter": 0.2952,
      "vsCpu": {
       "maxAbs": 0.00543,
       "meanAbs": 0.000209,
       "maxRef": 31.3183,
       "maxAbsOverMaxRef": 0.000173,
       "argmaxMatch": "5/5",
       "worst": {
        "m": 0,
        "n": 3994,
        "got": -11.3246,
        "ref": -11.33
       }
      },
      "ratio": 2.6748
     },
     {
      "label": "engine op Lut2SmallMGemm precision=exact kSplits=auto",
      "cfg": {
       "op": true,
       "precision": "exact",
       "kSplits": 0
      },
      "steps": 1,
      "gpuMedian": 0.3143,
      "gpuMin": 0.3112,
      "wallMsPerIter": 0.3286,
      "vsCpu": {
       "maxAbs": 0.000002,
       "meanAbs": 1.67e-7,
       "maxRef": 31.3183,
       "maxAbsOverMaxRef": 6.37e-8,
       "argmaxMatch": "5/5",
       "worst": {
        "m": 4,
        "n": 3994,
        "got": 1.1155,
        "ref": 1.1155
       }
      },
      "ratio": 2.9623
     },
     {
      "label": "engine op Lut2SmallMGemm precision=f16 kSplits=4",
      "cfg": {
       "op": true,
       "precision": "f16",
       "kSplits": 4
      },
      "steps": 2,
      "gpuMedian": 0.2268,
      "gpuMin": 0.2248,
      "wallMsPerIter": 0.2381,
      "vsCpu": {
       "maxAbs": 0.025,
       "meanAbs": 0.000587,
       "maxRef": 31.3183,
       "maxAbsOverMaxRef": 0.000798,
       "argmaxMatch": "5/5",
       "worst": {
        "m": 0,
        "n": 3994,
        "got": -11.305,
        "ref": -11.33
       }
      },
      "ratio": 2.1376
     }
    ],
    "best": "engine op Lut2SmallMGemm precision=f16 kSplits=4",
    "bestRatio": 2.1376
   },
   "M5/lm_head": {
    "decodeMs": 1.3818,
    "refRows": 2048,
    "refMs": 42.7,
    "variants": [
     {
      "label": "engine op Lut2SmallMGemm precision=f16 kSplits=auto",
      "cfg": {
       "op": true,
       "precision": "f16",
       "kSplits": 0
      },
      "steps": 1,
      "gpuMedian": 2.762,
      "gpuMin": 2.7509,
      "wallMsPerIter": 2.7762,
      "vsCpu": {
       "maxAbs": 0.00241,
       "meanAbs": 0.000434,
       "maxRef": 3.7269,
       "maxAbsOverMaxRef": 0.000647,
       "argmaxMatch": "5/5",
       "worst": {
        "m": 0,
        "n": 484,
        "got": 3.0757,
        "ref": 3.0733
       }
      },
      "ratio": 1.9988
     },
     {
      "label": "engine op Lut2SmallMGemm precision=f32 kSplits=auto",
      "cfg": {
       "op": true,
       "precision": "f32",
       "kSplits": 0
      },
      "steps": 1,
      "gpuMedian": 3.2652,
      "gpuMin": 3.2597,
      "wallMsPerIter": 3.3286,
      "vsCpu": {
       "maxAbs": 0.000781,
       "meanAbs": 0.000152,
       "maxRef": 3.7269,
       "maxAbsOverMaxRef": 0.000209,
       "argmaxMatch": "5/5",
       "worst": {
        "m": 3,
        "n": 552,
        "got": -0.4988,
        "ref": -0.498
       }
      },
      "ratio": 2.363
     },
     {
      "label": "engine op Lut2SmallMGemm precision=exact kSplits=auto",
      "cfg": {
       "op": true,
       "precision": "exact",
       "kSplits": 0
      },
      "steps": 1,
      "gpuMedian": 3.7335,
      "gpuMin": 3.7254,
      "wallMsPerIter": 3.7619,
      "vsCpu": {
       "maxAbs": 6.15e-7,
       "meanAbs": 8.45e-8,
       "maxRef": 3.7269,
       "maxAbsOverMaxRef": 1.65e-7,
       "argmaxMatch": "5/5",
       "worst": {
        "m": 1,
        "n": 624,
        "got": -1.7032,
        "ref": -1.7032
       }
      },
      "ratio": 2.7019
     },
     {
      "label": "engine op Lut2SmallMGemm precision=f16 kSplits=4",
      "cfg": {
       "op": true,
       "precision": "f16",
       "kSplits": 4
      },
      "steps": 2,
      "gpuMedian": 3.0276,
      "gpuMin": 3.0187,
      "wallMsPerIter": 3.0429,
      "vsCpu": {
       "maxAbs": 0.00241,
       "meanAbs": 0.000434,
       "maxRef": 3.7269,
       "maxAbsOverMaxRef": 0.000647,
       "argmaxMatch": "5/5",
       "worst": {
        "m": 0,
        "n": 484,
        "got": 3.0757,
        "ref": 3.0733
       }
      },
      "ratio": 2.1911
     }
    ],
    "best": "engine op Lut2SmallMGemm precision=f16 kSplits=auto",
    "bestRatio": 1.9988
   },
   "M8/up_proj": {
    "decodeMs": 0.1017,
    "refRows": 17408,
    "refMs": 576.8,
    "variants": [
     {
      "label": "engine op Lut2SmallMGemm precision=f16 kSplits=auto",
      "cfg": {
       "op": true,
       "precision": "f16",
       "kSplits": 0
      },
      "steps": 1,
      "gpuMedian": 0.3265,
      "gpuMin": 0.3242,
      "wallMsPerIter": 0.3381,
      "vsCpu": {
       "maxAbs": 0.00178,
       "meanAbs": 0.000295,
       "maxRef": 3.0195,
       "maxAbsOverMaxRef": 0.000588,
       "argmaxMatch": "8/8",
       "worst": {
        "m": 4,
        "n": 755,
        "got": -0.0529,
        "ref": -0.0547
       }
      },
      "ratio": 3.2104
     },
     {
      "label": "engine op Lut2SmallMGemm precision=f32 kSplits=auto",
      "cfg": {
       "op": true,
       "precision": "f32",
       "kSplits": 0
      },
      "steps": 1,
      "gpuMedian": 1.6907,
      "gpuMin": 1.6521,
      "wallMsPerIter": 1.7,
      "vsCpu": {
       "maxAbs": 0.000591,
       "meanAbs": 0.000106,
       "maxRef": 3.0195,
       "maxAbsOverMaxRef": 0.000196,
       "argmaxMatch": "8/8",
       "worst": {
        "m": 2,
        "n": 10372,
        "got": -0.3833,
        "ref": -0.3839
       }
      },
      "ratio": 16.6244
     },
     {
      "label": "engine op Lut2SmallMGemm precision=exact kSplits=auto",
      "cfg": {
       "op": true,
       "precision": "exact",
       "kSplits": 0
      },
      "steps": 1,
      "gpuMedian": 1.7943,
      "gpuMin": 1.7218,
      "wallMsPerIter": 2.1524,
      "vsCpu": {
       "maxAbs": 4.29e-7,
       "meanAbs": 5.81e-8,
       "maxRef": 3.0195,
       "maxAbsOverMaxRef": 1.42e-7,
       "argmaxMatch": "8/8",
       "worst": {
        "m": 4,
        "n": 8582,
        "got": 2.1698,
        "ref": 2.1698
       }
      },
      "ratio": 17.6431
     },
     {
      "label": "engine op Lut2SmallMGemm precision=f16 kSplits=4",
      "cfg": {
       "op": true,
       "precision": "f16",
       "kSplits": 4
      },
      "steps": 2,
      "gpuMedian": 0.5814,
      "gpuMin": 0.345,
      "wallMsPerIter": 0.6095,
      "vsCpu": {
       "maxAbs": 0.00178,
       "meanAbs": 0.000295,
       "maxRef": 3.0195,
       "maxAbsOverMaxRef": 0.000588,
       "argmaxMatch": "8/8",
       "worst": {
        "m": 4,
        "n": 755,
        "got": -0.0529,
        "ref": -0.0547
       }
      },
      "ratio": 5.7168
     }
    ],
    "best": "engine op Lut2SmallMGemm precision=f16 kSplits=auto",
    "bestRatio": 3.2104
   },
   "M8/down_proj": {
    "decodeMs": 0.1061,
    "refRows": 5120,
    "refMs": 542,
    "variants": [
     {
      "label": "engine op Lut2SmallMGemm precision=f16 kSplits=auto",
      "cfg": {
       "op": true,
       "precision": "f16",
       "kSplits": 0
      },
      "steps": 1,
      "gpuMedian": 0.3545,
      "gpuMin": 0.3512,
      "wallMsPerIter": 0.3619,
      "vsCpu": {
       "maxAbs": 0.025,
       "meanAbs": 0.000586,
       "maxRef": 32.7135,
       "maxAbsOverMaxRef": 0.000764,
       "argmaxMatch": "8/8",
       "worst": {
        "m": 0,
        "n": 3994,
        "got": -11.305,
        "ref": -11.33
       }
      },
      "ratio": 3.3412
     },
     {
      "label": "engine op Lut2SmallMGemm precision=f32 kSplits=auto",
      "cfg": {
       "op": true,
       "precision": "f32",
       "kSplits": 0
      },
      "steps": 1,
      "gpuMedian": 1.4366,
      "gpuMin": 1.4228,
      "wallMsPerIter": 1.4571,
      "vsCpu": {
       "maxAbs": 0.00543,
       "meanAbs": 0.000208,
       "maxRef": 32.7135,
       "maxAbsOverMaxRef": 0.000166,
       "argmaxMatch": "8/8",
       "worst": {
        "m": 0,
        "n": 3994,
        "got": -11.3246,
        "ref": -11.33
       }
      },
      "ratio": 13.5401
     },
     {
      "label": "engine op Lut2SmallMGemm precision=exact kSplits=auto",
      "cfg": {
       "op": true,
       "precision": "exact",
       "kSplits": 0
      },
      "steps": 1,
      "gpuMedian": 1.5287,
      "gpuMin": 1.5097,
      "wallMsPerIter": 1.5571,
      "vsCpu": {
       "maxAbs": 0.00000856,
       "meanAbs": 1.67e-7,
       "maxRef": 32.7135,
       "maxAbsOverMaxRef": 2.62e-7,
       "argmaxMatch": "8/8",
       "worst": {
        "m": 5,
        "n": 3994,
        "got": -27.6193,
        "ref": -27.6193
       }
      },
      "ratio": 14.4081
     },
     {
      "label": "engine op Lut2SmallMGemm precision=f16 kSplits=4",
      "cfg": {
       "op": true,
       "precision": "f16",
       "kSplits": 4
      },
      "steps": 2,
      "gpuMedian": 0.326,
      "gpuMin": 0.3227,
      "wallMsPerIter": 0.3333,
      "vsCpu": {
       "maxAbs": 0.025,
       "meanAbs": 0.000586,
       "maxRef": 32.7135,
       "maxAbsOverMaxRef": 0.000764,
       "argmaxMatch": "8/8",
       "worst": {
        "m": 0,
        "n": 3994,
        "got": -11.305,
        "ref": -11.33
       }
      },
      "ratio": 3.0726
     }
    ],
    "best": "engine op Lut2SmallMGemm precision=f16 kSplits=4",
    "bestRatio": 3.0726
   },
   "M8/lm_head": {
    "decodeMs": 1.3818,
    "refRows": 2048,
    "refMs": 62.5,
    "variants": [
     {
      "label": "engine op Lut2SmallMGemm precision=f16 kSplits=auto",
      "cfg": {
       "op": true,
       "precision": "f16",
       "kSplits": 0
      },
      "steps": 1,
      "gpuMedian": 4.0549,
      "gpuMin": 4.0504,
      "wallMsPerIter": 4.0714,
      "vsCpu": {
       "maxAbs": 0.00241,
       "meanAbs": 0.000431,
       "maxRef": 3.7269,
       "maxAbsOverMaxRef": 0.000647,
       "argmaxMatch": "8/8",
       "worst": {
        "m": 0,
        "n": 484,
        "got": 3.0757,
        "ref": 3.0733
       }
      },
      "ratio": 2.9345
     },
     {
      "label": "engine op Lut2SmallMGemm precision=f32 kSplits=auto",
      "cfg": {
       "op": true,
       "precision": "f32",
       "kSplits": 0
      },
      "steps": 1,
      "gpuMedian": 24.0453,
      "gpuMin": 22.7994,
      "wallMsPerIter": 24.0571,
      "vsCpu": {
       "maxAbs": 0.000954,
       "meanAbs": 0.000153,
       "maxRef": 3.7269,
       "maxAbsOverMaxRef": 0.000256,
       "argmaxMatch": "8/8",
       "worst": {
        "m": 7,
        "n": 313,
        "got": -0.6051,
        "ref": -0.6041
       }
      },
      "ratio": 17.4014
     },
     {
      "label": "engine op Lut2SmallMGemm precision=exact kSplits=auto",
      "cfg": {
       "op": true,
       "precision": "exact",
       "kSplits": 0
      },
      "steps": 1,
      "gpuMedian": 24.4907,
      "gpuMin": 22.2308,
      "wallMsPerIter": 24.4619,
      "vsCpu": {
       "maxAbs": 6.22e-7,
       "meanAbs": 8.49e-8,
       "maxRef": 3.7269,
       "maxAbsOverMaxRef": 1.67e-7,
       "argmaxMatch": "8/8",
       "worst": {
        "m": 6,
        "n": 252,
        "got": -2.5025,
        "ref": -2.5025
       }
      },
      "ratio": 17.7238
     },
     {
      "label": "engine op Lut2SmallMGemm precision=f16 kSplits=4",
      "cfg": {
       "op": true,
       "precision": "f16",
       "kSplits": 4
      },
      "steps": 2,
      "gpuMedian": 4.7001,
      "gpuMin": 4.5343,
      "wallMsPerIter": 5.4714,
      "vsCpu": {
       "maxAbs": 0.00241,
       "meanAbs": 0.000431,
       "maxRef": 3.7269,
       "maxAbsOverMaxRef": 0.000647,
       "argmaxMatch": "8/8",
       "worst": {
        "m": 0,
        "n": 484,
        "got": 3.0757,
        "ref": 3.0733
       }
      },
      "ratio": 3.4014
     }
    ],
    "best": "engine op Lut2SmallMGemm precision=f16 kSplits=auto",
    "bestRatio": 2.9345
   }
  }
 },
 "log": [
  "imported",
  "loaded",
  "engine refs {\"gateUp2\":0.2033,\"upPerMatrix\":0.1017,\"down\":0.1061,\"head1\":1.3818} prefill {\"up_M4\":0.6949,\"up_M5\":0.805,\"up_M8\":0.9248}",
  "M4/up_proj engine op Lut2SmallMGemm precision=f16 kSplits=auto: 0.1894 ms ratio 1.8623 maxAbs 0.00167 argmax 4/4",
  "M4/up_proj engine op Lut2SmallMGemm precision=f32 kSplits=auto: 0.3147 ms ratio 3.0944 maxAbs 0.000591 argmax 4/4",
  "M4/up_proj engine op Lut2SmallMGemm precision=exact kSplits=auto: 0.2503 ms ratio 2.4612 maxAbs 3.93e-7 argmax 4/4",
  "M4/up_proj engine op Lut2SmallMGemm precision=f16 kSplits=4: 0.1982 ms ratio 1.9489 maxAbs 0.00167 argmax 4/4",
  "M4/down_proj engine op Lut2SmallMGemm precision=f16 kSplits=auto: 0.2089 ms ratio 1.9689 maxAbs 0.025 argmax 4/4",
  "M4/down_proj engine op Lut2SmallMGemm precision=f32 kSplits=auto: 0.2386 ms ratio 2.2488 maxAbs 0.00543 argmax 4/4",
  "M4/down_proj engine op Lut2SmallMGemm precision=exact kSplits=auto: 0.2625 ms ratio 2.4741 maxAbs 0.00000127 argmax 4/4",
  "M4/down_proj engine op Lut2SmallMGemm precision=f16 kSplits=4: 0.1921 ms ratio 1.8106 maxAbs 0.025 argmax 4/4",
  "M4/lm_head engine op Lut2SmallMGemm precision=f16 kSplits=auto: 2.3448 ms ratio 1.6969 maxAbs 0.00241 argmax 4/4",
  "M4/lm_head engine op Lut2SmallMGemm precision=f32 kSplits=auto: 2.726 ms ratio 1.9728 maxAbs 0.000781 argmax 4/4",
  "M4/lm_head engine op Lut2SmallMGemm precision=exact kSplits=auto: 3.0817 ms ratio 2.2302 maxAbs 6.15e-7 argmax 4/4",
  "M4/lm_head engine op Lut2SmallMGemm precision=f16 kSplits=4: 2.5673 ms ratio 1.8579 maxAbs 0.00241 argmax 4/4",
  "M5/up_proj engine op Lut2SmallMGemm precision=f16 kSplits=auto: 0.2274 ms ratio 2.236 maxAbs 0.00178 argmax 5/5",
  "M5/up_proj engine op Lut2SmallMGemm precision=f32 kSplits=auto: 0.2596 ms ratio 2.5526 maxAbs 0.000591 argmax 5/5",
  "M5/up_proj engine op Lut2SmallMGemm precision=exact kSplits=auto: 0.299 ms ratio 2.94 maxAbs 4.29e-7 argmax 5/5",
  "M5/up_proj engine op Lut2SmallMGemm precision=f16 kSplits=4: 0.2329 ms ratio 2.2901 maxAbs 0.00178 argmax 5/5",
  "M5/down_proj engine op Lut2SmallMGemm precision=f16 kSplits=auto: 0.253 ms ratio 2.3845 maxAbs 0.025 argmax 5/5",
  "M5/down_proj engine op Lut2SmallMGemm precision=f32 kSplits=auto: 0.2838 ms ratio 2.6748 maxAbs 0.00543 argmax 5/5",
  "M5/down_proj engine op Lut2SmallMGemm precision=exact kSplits=auto: 0.3143 ms ratio 2.9623 maxAbs 0.000002 argmax 5/5",
  "M5/down_proj engine op Lut2SmallMGemm precision=f16 kSplits=4: 0.2268 ms ratio 2.1376 maxAbs 0.025 argmax 5/5",
  "M5/lm_head engine op Lut2SmallMGemm precision=f16 kSplits=auto: 2.762 ms ratio 1.9988 maxAbs 0.00241 argmax 5/5",
  "M5/lm_head engine op Lut2SmallMGemm precision=f32 kSplits=auto: 3.2652 ms ratio 2.363 maxAbs 0.000781 argmax 5/5",
  "M5/lm_head engine op Lut2SmallMGemm precision=exact kSplits=auto: 3.7335 ms ratio 2.7019 maxAbs 6.15e-7 argmax 5/5",
  "M5/lm_head engine op Lut2SmallMGemm precision=f16 kSplits=4: 3.0276 ms ratio 2.1911 maxAbs 0.00241 argmax 5/5",
  "M8/up_proj engine op Lut2SmallMGemm precision=f16 kSplits=auto: 0.3265 ms ratio 3.2104 maxAbs 0.00178 argmax 8/8",
  "M8/up_proj engine op Lut2SmallMGemm precision=f32 kSplits=auto: 1.6907 ms ratio 16.6244 maxAbs 0.000591 argmax 8/8",
  "M8/up_proj engine op Lut2SmallMGemm precision=exact kSplits=auto: 1.7943 ms ratio 17.6431 maxAbs 4.29e-7 argmax 8/8",
  "M8/up_proj engine op Lut2SmallMGemm precision=f16 kSplits=4: 0.5814 ms ratio 5.7168 maxAbs 0.00178 argmax 8/8",
  "M8/down_proj engine op Lut2SmallMGemm precision=f16 kSplits=auto: 0.3545 ms ratio 3.3412 maxAbs 0.025 argmax 8/8",
  "M8/down_proj engine op Lut2SmallMGemm precision=f32 kSplits=auto: 1.4366 ms ratio 13.5401 maxAbs 0.00543 argmax 8/8",
  "M8/down_proj engine op Lut2SmallMGemm precision=exact kSplits=auto: 1.5287 ms ratio 14.4081 maxAbs 0.00000856 argmax 8/8",
  "M8/down_proj engine op Lut2SmallMGemm precision=f16 kSplits=4: 0.326 ms ratio 3.0726 maxAbs 0.025 argmax 8/8",
  "M8/lm_head engine op Lut2SmallMGemm precision=f16 kSplits=auto: 4.0549 ms ratio 2.9345 maxAbs 0.00241 argmax 8/8",
  "M8/lm_head engine op Lut2SmallMGemm precision=f32 kSplits=auto: 24.0453 ms ratio 17.4014 maxAbs 0.000954 argmax 8/8",
  "M8/lm_head engine op Lut2SmallMGemm precision=exact kSplits=auto: 24.4907 ms ratio 17.7238 maxAbs 6.22e-7 argmax 8/8",
  "M8/lm_head engine op Lut2SmallMGemm precision=f16 kSplits=4: 4.7001 ms ratio 3.4014 maxAbs 0.00241 argmax 8/8",
  "done"
 ]
}
