21:13:48 {"state":"imported","prog":"weights 612685312/5935527936"}
21:13:50 {"state":"imported","prog":"weights 4789457664/5935527936"}
21:13:52 {"state":"imported","prog":"weights 275/449"}
21:13:54 {"state":"imported","prog":"weights /"}
21:13:58 {"state":"prefill up M=8: 0.9251 ms","prog":"ready /"}
21:14:00 {"state":"variant failed: The total use of workgroup storage (33280 bytes) is larger than the maximum allowed (32768 bytes).\n - While initializing [ComputePipeline (unlabeled)]\n","prog":"ready /"}
21:14:02 {"state":"up_proj v3 TN=128 RN=8 A=f16 cpw=all: 9.2608 ms, {\"maxAbs\":0.0006,\"meanAbs\":0.0001063,\"maxRef\":3.0195,\"maxAbsOverMaxRef\":0.0001957,\"argmaxMatch\":\"8/8\",\"worst\":{\"m\":2,\"n\":10372,\"got\":-0.3833,\"ref\":-0.3839}}","prog":"ready /"}
21:14:04 {"state":"done","prog":"ready /"}
RESULTS {
 "results": {
  "layout": {
   "H": 5120,
   "F": 17408,
   "VOC": 248320,
   "lut": 9,
   "offUp": 6389760,
   "offGate": 3604480,
   "offDown": 9175040,
   "bitsWords": 1069219840,
   "scalesWords": 66826240,
   "lmHeadLut": 9,
   "lmHeadBitsWords": 79462400,
   "lmHeadScalesWords": 4966400,
   "adapter": "metal-3",
   "features": [
    "chromium-experimental-subgroup-matrix",
    "subgroup-size-control",
    "shader-f16",
    "timestamp-query",
    "subgroups"
   ],
   "tritCodeHistogramSampled": [
    308363,
    301819,
    308682,
    0
   ]
  },
  "activation": {
   "rows": 8,
   "width": 5120,
   "rotated": true,
   "rms": 1.0017,
   "sample": [
    -0.2981,
    0.0237,
    0.5525,
    -0.8677
   ]
  },
  "engineDecodeGateUp": {
   "steps": 1,
   "gpuMs": [
    0.207913,
    0.204247,
    0.202038,
    0.200622,
    0.205496,
    0.206122,
    0.210914,
    0.205913,
    0.205414,
    0.204247,
    0.215996,
    0.205622,
    0.202247,
    0.453368,
    0.206456,
    0.203581,
    0.201081,
    0.201039,
    0.201747,
    0.200789,
    0.200662
   ],
   "wallMs": 0.2143,
   "gpuMedian": 0.2042
  },
  "engineDecodeGateUpTokens4": {
   "steps": 1,
   "gpuMedian": 1.3337,
   "wallMs": 1.3952
  },
  "engineDecodeDown": {
   "steps": 1,
   "gpuMedian": 0.1065,
   "wallMs": 0.119
  },
  "enginePrefillUp8": {
   "steps": 1,
   "gpuMs": [
    0.926319,
    0.922986,
    1.077316,
    1.001402,
    0.925278,
    0.922444,
    0.922736,
    0.924278,
    1.072358,
    1.044609,
    0.921444,
    0.926403,
    0.925069,
    0.924111,
    0.920611,
    0.922653,
    0.920861,
    0.92507,
    0.928944,
    1.109275,
    0.919319
   ],
   "gpuMedian": 0.9251,
   "wallMs": 0.9619,
   "vsCpu": {
    "maxAbs": 0.0006,
    "meanAbs": 0.0001063,
    "maxRef": 3.0195,
    "maxAbsOverMaxRef": 0.0001957,
    "argmaxMatch": "8/8",
    "worst": {
     "m": 2,
     "n": 10372,
     "got": -0.3833,
     "ref": -0.3839
    }
   }
  },
  "engineLmHead": {
   "M1": {
    "steps": 1,
    "gpuMedian": 1.409,
    "wallMs": 1.481
   },
   "M8": {
    "steps": 1,
    "gpuMedian": 12.9317,
    "wallMs": 12.9333
   }
  },
  "cpuRefMs": 543.6,
  "spike": [
   {
    "label": "up_proj TN=64 RN=4 f16math",
    "cfg": {
     "TN": 64,
     "RN": 4,
     "useF16A": false,
     "f16Math": true
    },
    "nWG": 272,
    "gpuMs": [
     0.3569,
     0.3603,
     0.3547,
     0.3725,
     0.4515,
     0.3764,
     0.3548,
     0.3561,
     0.3542,
     0.3572,
     0.355,
     0.358,
     0.3544,
     0.3553,
     0.3588,
     0.357,
     0.3563,
     0.3581,
     0.355,
     0.3542,
     0.3543
    ],
    "gpuMedian": 0.3563,
    "gpuMin": 0.3542,
    "wallMsPerIter": 0.3905,
    "vsCpu": {
     "maxAbs": 0.0018,
     "meanAbs": 0.0002954,
     "maxRef": 3.0195,
     "maxAbsOverMaxRef": 0.0005885,
     "argmaxMatch": "8/8",
     "worst": {
      "m": 4,
      "n": 755,
      "got": -0.0529,
      "ref": -0.0547
     }
    }
   },
   {
    "label": "up_proj v2 TN=64 RN=4 math=f32 A=f16",
    "cfg": {
     "v2": true,
     "TN": 64,
     "RN": 4,
     "math": "f32",
     "aStore": "f16"
    },
    "nWG": 272,
    "gpuMs": [
     0.3961,
     0.3956,
     0.392,
     0.3945,
     0.3986,
     0.3965,
     0.3932,
     0.3997,
     0.556,
     0.4166,
     0.3936,
     0.3933,
     0.3922,
     0.3955,
     0.3943,
     0.393,
     0.3956,
     0.3931,
     0.3931,
     0.3918,
     0.3929
    ],
    "gpuMedian": 0.3943,
    "gpuMin": 0.3918,
    "wallMsPerIter": 0.4333,
    "vsCpu": {
     "maxAbs": 0.0006,
     "meanAbs": 0.0001063,
     "maxRef": 3.0195,
     "maxAbsOverMaxRef": 0.0001958,
     "argmaxMatch": "8/8",
     "worst": {
      "m": 2,
      "n": 10372,
      "got": -0.3833,
      "ref": -0.3839
     }
    }
   },
   {
    "cfg": {
     "v3": true,
     "TN": 128,
     "RN": 8,
     "aStore": "f32",
     "chunksPerWG": 0
    },
    "error": "The total use of workgroup storage (33280 bytes) is larger than the maximum allowed (32768 bytes).\n - While initializing [ComputePipeline (unlabeled)]\n"
   },
   {
    "cfg": {
     "v3": true,
     "TN": 128,
     "RN": 8,
     "aStore": "f32",
     "chunksPerWG": 1
    },
    "error": "The total use of workgroup storage (33280 bytes) is larger than the maximum allowed (32768 bytes).\n - While initializing [ComputePipeline (unlabeled)]\n"
   },
   {
    "cfg": {
     "v3": true,
     "TN": 64,
     "RN": 4,
     "aStore": "f32",
     "chunksPerWG": 0
    },
    "error": "The total use of workgroup storage (33280 bytes) is larger than the maximum allowed (32768 bytes).\n - While initializing [ComputePipeline (unlabeled)]\n"
   },
   {
    "cfg": {
     "v3": true,
     "TN": 64,
     "RN": 4,
     "aStore": "f32",
     "chunksPerWG": 1
    },
    "error": "The total use of workgroup storage (33280 bytes) is larger than the maximum allowed (32768 bytes).\n - While initializing [ComputePipeline (unlabeled)]\n"
   },
   {
    "label": "up_proj v3 TN=128 RN=8 A=f16 cpw=all",
    "cfg": {
     "v3": true,
     "TN": 128,
     "RN": 8,
     "aStore": "f16",
     "chunksPerWG": 0
    },
    "nWG": 136,
    "nSplits": 1,
    "gpuMs": [
     9.1522,
     9.2695,
     9.3652,
     9.5532,
     9.4406,
     9.1627,
     9.1397,
     9.2608,
     9.4355,
     9.6925,
     9.5987,
     9.162,
     9.2153,
     9.2575,
     9.2774,
     9.1063,
     9.0463,
     9.155,
     9.3615,
     10.2482,
     9.1418
    ],
    "gpuMedian": 9.2608,
    "gpuMin": 9.0463,
    "wallMsPerIter": 9.3857,
    "vsCpu": {
     "maxAbs": 0.0006,
     "meanAbs": 0.0001063,
     "maxRef": 3.0195,
     "maxAbsOverMaxRef": 0.0001957,
     "argmaxMatch": "8/8",
     "worst": {
      "m": 2,
      "n": 10372,
      "got": -0.3833,
      "ref": -0.3839
     }
    }
   },
   {
    "label": "up_proj v3 TN=64 RN=4 A=f16 cpw=all",
    "cfg": {
     "v3": true,
     "TN": 64,
     "RN": 4,
     "aStore": "f16",
     "chunksPerWG": 0
    },
    "nWG": 272,
    "nSplits": 1,
    "gpuMs": [
     10.033,
     10.0712,
     9.7474,
     9.9499,
     10.2104,
     9.8148,
     9.8538,
     9.4146,
     10.0796,
     9.8662,
     9.0999,
     10.034,
     9.4128,
     10.0529,
     9.9,
     9.8459,
     10.0091,
     9.9986,
     10.2741,
     9.7298,
     10.2373
    ],
    "gpuMedian": 9.9499,
    "gpuMin": 9.0999,
    "wallMsPerIter": 9.9429,
    "vsCpu": {
     "maxAbs": 0.0006,
     "meanAbs": 0.0001063,
     "maxRef": 3.0195,
     "maxAbsOverMaxRef": 0.0001957,
     "argmaxMatch": "8/8",
     "worst": {
      "m": 2,
      "n": 10372,
      "got": -0.3833,
      "ref": -0.3839
     }
    }
   },
   {
    "cfg": {
     "v3": true,
     "TN": 256,
     "RN": 8,
     "aStore": "f32",
     "chunksPerWG": 0
    },
    "error": "The total use of workgroup storage (33792 bytes) is larger than the maximum allowed (32768 bytes).\n - While initializing [ComputePipeline (unlabeled)]\n"
   },
   {
    "cfg": {
     "v3": true,
     "TN": 256,
     "RN": 8,
     "aStore": "f32",
     "chunksPerWG": 1
    },
    "error": "The total use of workgroup storage (33792 bytes) is larger than the maximum allowed (32768 bytes).\n - While initializing [ComputePipeline (unlabeled)]\n"
   }
  ],
  "lmHead": {
   "label": "lm_head TN=64 RN=4 f16math",
   "cfg": {
    "TN": 64,
    "RN": 4,
    "useF16A": false,
    "f16Math": true
   },
   "nWG": 3880,
   "gpuMs": [
    4.7458,
    4.6121,
    4.7438,
    4.8501,
    4.5481,
    4.6964,
    4.5519,
    4.7536,
    4.5223,
    4.7538,
    4.5633,
    4.6632,
    4.6937,
    4.5737,
    4.6887,
    4.5626,
    4.7319,
    4.5224,
    4.7877,
    4.5348,
    4.8283
   ],
   "gpuMedian": 4.6887,
   "gpuMin": 4.5223,
   "wallMsPerIter": 4.6952,
   "vsCpuFirst2048Rows": {
    "maxAbs": 0.0024,
    "meanAbs": 0.0004308,
    "maxRef": 3.7269,
    "maxAbsOverMaxRef": 0.0006467,
    "argmaxMatch": "8/8",
    "worst": {
     "m": 0,
     "n": 484,
     "got": 3.0757,
     "ref": 3.0733
    }
   }
  },
  "engineDecodeGateUpAfter": {
   "gpuMedian": 0.2039
  },
  "summary": {
   "bestVariant": "up_proj TN=64 RN=4 f16math",
   "best8RowMs": 0.3563,
   "decodeGateUpMs_2matrices": 0.2042,
   "decodeGateUpMs_2matrices_after": 0.2039,
   "decodePerMatrixMs_gateUpHalf": 0.1019,
   "decodeDownMs_1matrix": 0.1065,
   "prefillUp8Ms": 0.9251,
   "ratio_best_over_gateUpHalf": 3.4949,
   "ratio_best_over_down": 3.3455,
   "ratio_prefill8_over_gateUpHalf": 9.0741,
   "speedup_vs_prefill8": 2.5964,
   "weightBytesUp": 23674880,
   "effGBps_best": 66.4465
  }
 },
 "log": [
  "imported",
  "loaded",
  "activation rotated",
  "decode gate/up: {\"gpu\":0.2042,\"wall\":0.2143}",
  "decode refs measured",
  "prefill up M=8: 0.9251 ms",
  "lm_head engine: {\"M1\":{\"steps\":1,\"gpuMedian\":1.409,\"wallMs\":1.481},\"M8\":{\"steps\":1,\"gpuMedian\":12.9317,\"wallMs\":12.9333}}",
  "reading back up_proj words for the CPU reference",
  "cpu ref done in 543.6 ms; prefill vs cpu {\"maxAbs\":0.0006,\"meanAbs\":0.0001063,\"maxRef\":3.0195,\"maxAbsOverMaxRef\":0.0001957,\"argmaxMatch\":\"8/8\",\"worst\":{\"m\":2,\"n\":10372,\"got\":-0.3833,\"ref\":-0.3839}}",
  "up_proj TN=64 RN=4 f16math: 0.3563 ms, {\"maxAbs\":0.0018,\"meanAbs\":0.0002954,\"maxRef\":3.0195,\"maxAbsOverMaxRef\":0.0005885,\"argmaxMatch\":\"8/8\",\"worst\":{\"m\":4,\"n\":755,\"got\":-0.0529,\"ref\":-0.0547}}",
  "up_proj v2 TN=64 RN=4 math=f32 A=f16: 0.3943 ms, {\"maxAbs\":0.0006,\"meanAbs\":0.0001063,\"maxRef\":3.0195,\"maxAbsOverMaxRef\":0.0001958,\"argmaxMatch\":\"8/8\",\"worst\":{\"m\":2,\"n\":10372,\"got\":-0.3833,\"ref\":-0.3839}}",
  "variant failed: The total use of workgroup storage (33280 bytes) is larger than the maximum allowed (32768 bytes).\n - While initializing [ComputePipeline (unlabeled)]\n",
  "variant failed: The total use of workgroup storage (33280 bytes) is larger than the maximum allowed (32768 bytes).\n - While initializing [ComputePipeline (unlabeled)]\n",
  "variant failed: The total use of workgroup storage (33280 bytes) is larger than the maximum allowed (32768 bytes).\n - While initializing [ComputePipeline (unlabeled)]\n",
  "variant failed: The total use of workgroup storage (33280 bytes) is larger than the maximum allowed (32768 bytes).\n - While initializing [ComputePipeline (unlabeled)]\n",
  "up_proj v3 TN=128 RN=8 A=f16 cpw=all: 9.2608 ms, {\"maxAbs\":0.0006,\"meanAbs\":0.0001063,\"maxRef\":3.0195,\"maxAbsOverMaxRef\":0.0001957,\"argmaxMatch\":\"8/8\",\"worst\":{\"m\":2,\"n\":10372,\"got\":-0.3833,\"ref\":-0.3839}}",
  "up_proj v3 TN=64 RN=4 A=f16 cpw=all: 9.9499 ms, {\"maxAbs\":0.0006,\"meanAbs\":0.0001063,\"maxRef\":3.0195,\"maxAbsOverMaxRef\":0.0001957,\"argmaxMatch\":\"8/8\",\"worst\":{\"m\":2,\"n\":10372,\"got\":-0.3833,\"ref\":-0.3839}}",
  "variant failed: The total use of workgroup storage (33792 bytes) is larger than the maximum allowed (32768 bytes).\n - While initializing [ComputePipeline (unlabeled)]\n",
  "variant failed: The total use of workgroup storage (33792 bytes) is larger than the maximum allowed (32768 bytes).\n - While initializing [ComputePipeline (unlabeled)]\n",
  "lm_head: 4.6887 ms",
  "done"
 ]
}
